<html>
<body>
<pre>
<h1>µVision Build Log</h1>
<h2>Project:</h2>
F:\Educational\BSC Project\Test\testfinal.uvproj
Project File Date:  03/09/2014

<h2>Output:</h2>
Build target 'Target 1'
compiling testfinal.c...
linking...
Program Size: Code=584 RO-data=16 RW-data=0 ZI-data=1256  
FromELF: creating hex file...
"testfinal.axf" - 0 Error(s), 0 Warning(s).
Rebuild target 'Target 1'
assembling SAM7.s...
compiling testfinal.c...
linking...
Program Size: Code=584 RO-data=16 RW-data=0 ZI-data=1256  
FromELF: creating hex file...
"testfinal.axf" - 0 Error(s), 0 Warning(s).
Rebuild target 'Target 1'
assembling SAM7.s...
compiling testfinal.c...
linking...
Program Size: Code=596 RO-data=16 RW-data=0 ZI-data=1256  
FromELF: creating hex file...
"testfinal.axf" - 0 Error(s), 0 Warning(s).
Build target 'Target 1'
compiling testfinal.c...
linking...
Program Size: Code=596 RO-data=16 RW-data=0 ZI-data=1256  
FromELF: creating hex file...
"testfinal.axf" - 0 Error(s), 0 Warning(s).
Build target 'Target 1'
compiling testfinal.c...
linking...
Program Size: Code=584 RO-data=16 RW-data=0 ZI-data=1256  
FromELF: creating hex file...
"testfinal.axf" - 0 Error(s), 0 Warning(s).
Build target 'Target 1'
compiling testfinal.c...
linking...
Program Size: Code=600 RO-data=16 RW-data=0 ZI-data=1256  
FromELF: creating hex file...
"testfinal.axf" - 0 Error(s), 0 Warning(s).
Rebuild target 'Target 1'
assembling SAM7.s...
compiling testfinal.c...
linking...
Program Size: Code=608 RO-data=16 RW-data=0 ZI-data=1256  
FromELF: creating hex file...
"testfinal.axf" - 0 Error(s), 0 Warning(s).
Rebuild target 'Target 1'
assembling SAM7.s...
compiling testfinal.c...
linking...
Program Size: Code=608 RO-data=16 RW-data=0 ZI-data=1256  
FromELF: creating hex file...
"testfinal.axf" - 0 Error(s), 0 Warning(s).
Rebuild target 'Target 1'
assembling SAM7.s...
compiling testfinal.c...
linking...
Program Size: Code=608 RO-data=16 RW-data=0 ZI-data=1256  
FromELF: creating hex file...
"testfinal.axf" - 0 Error(s), 0 Warning(s).
Rebuild target 'Target 1'
assembling SAM7.s...
compiling testfinal.c...
linking...
Program Size: Code=616 RO-data=16 RW-data=0 ZI-data=1256  
FromELF: creating hex file...
"testfinal.axf" - 0 Error(s), 0 Warning(s).
