<html>
<body>
<pre>
<h1>µVision Build Log</h1>
<h2>Project:</h2>
F:\Educational\BSC Project\Sample\[6] ADC - Copy\ADC\adc.uvproj
Project File Date:  09/05/2014

<h2>Output:</h2>
Rebuild target 'At91SAM7X256'
assembling SAM7.s...
compiling main.c...
linking...
Program Size: Code=7976 RO-data=208 RW-data=12 ZI-data=1260  
FromELF: creating hex file...
"adc.axf" - 0 Error(s), 0 Warning(s).
Rebuild target 'At91SAM7X256'
assembling SAM7.s...
compiling main.c...
main.c(62): warning:  #181-D: argument is incompatible with corresponding format string conversion
linking...
Program Size: Code=8020 RO-data=208 RW-data=12 ZI-data=1260  
FromELF: creating hex file...
"adc.axf" - 0 Error(s), 1 Warning(s).
Rebuild target 'At91SAM7X256'
assembling SAM7.s...
compiling main.c...
main.c(36): warning:  #177-D: variable "puf" was declared but never referenced
linking...
Program Size: Code=8284 RO-data=208 RW-data=12 ZI-data=1260  
FromELF: creating hex file...
"adc.axf" - 0 Error(s), 1 Warning(s).
Rebuild target 'At91SAM7X256'
assembling SAM7.s...
compiling main.c...
linking...
Program Size: Code=8284 RO-data=208 RW-data=12 ZI-data=1260  
FromELF: creating hex file...
"adc.axf" - 0 Error(s), 0 Warning(s).
Rebuild target 'At91SAM7X256'
assembling SAM7.s...
compiling main.c...
linking...
Program Size: Code=8672 RO-data=208 RW-data=12 ZI-data=1260  
FromELF: creating hex file...
"adc.axf" - 0 Error(s), 0 Warning(s).
Rebuild target 'At91SAM7X256'
assembling SAM7.s...
compiling main.c...
linking...
Program Size: Code=8688 RO-data=208 RW-data=12 ZI-data=1260  
FromELF: creating hex file...
"adc.axf" - 0 Error(s), 0 Warning(s).
Rebuild target 'At91SAM7X256'
assembling SAM7.s...
compiling main.c...
main.c(66): error:  #18: expected a ")"
Target not created
Rebuild target 'At91SAM7X256'
assembling SAM7.s...
compiling main.c...
main.c(66): error:  #18: expected a ")"
Target not created
Rebuild target 'At91SAM7X256'
assembling SAM7.s...
compiling main.c...
linking...
Program Size: Code=8704 RO-data=208 RW-data=12 ZI-data=1260  
FromELF: creating hex file...
"adc.axf" - 0 Error(s), 0 Warning(s).
Rebuild target 'At91SAM7X256'
assembling SAM7.s...
compiling main.c...
linking...
Program Size: Code=8756 RO-data=208 RW-data=12 ZI-data=1260  
FromELF: creating hex file...
"adc.axf" - 0 Error(s), 0 Warning(s).
Rebuild target 'At91SAM7X256'
assembling SAM7.s...
compiling main.c...
linking...
Program Size: Code=8760 RO-data=208 RW-data=12 ZI-data=1260  
FromELF: creating hex file...
"adc.axf" - 0 Error(s), 0 Warning(s).
Rebuild target 'At91SAM7X256'
assembling SAM7.s...
compiling main.c...
linking...
Program Size: Code=9064 RO-data=208 RW-data=12 ZI-data=1260  
FromELF: creating hex file...
"adc.axf" - 0 Error(s), 0 Warning(s).
Rebuild target 'At91SAM7X256'
assembling SAM7.s...
compiling main.c...
linking...
Program Size: Code=8760 RO-data=208 RW-data=12 ZI-data=1260  
FromELF: creating hex file...
"adc.axf" - 0 Error(s), 0 Warning(s).
Rebuild target 'At91SAM7X256'
assembling SAM7.s...
compiling main.c...
linking...
Program Size: Code=8760 RO-data=208 RW-data=12 ZI-data=1260  
FromELF: creating hex file...
"adc.axf" - 0 Error(s), 0 Warning(s).
Rebuild target 'At91SAM7X256'
assembling SAM7.s...
compiling main.c...
main.c(67): warning:  #181-D: argument is incompatible with corresponding format string conversion
main.c(32): warning:  #177-D: variable "f" was declared but never referenced
linking...
Program Size: Code=8812 RO-data=208 RW-data=12 ZI-data=1260  
FromELF: creating hex file...
"adc.axf" - 0 Error(s), 2 Warning(s).
Rebuild target 'At91SAM7X256'
assembling SAM7.s...
compiling main.c...
main.c(67): warning:  #181-D: argument is incompatible with corresponding format string conversion
main.c(32): warning:  #177-D: variable "f" was declared but never referenced
linking...
Program Size: Code=8812 RO-data=208 RW-data=12 ZI-data=1260  
FromELF: creating hex file...
"adc.axf" - 0 Error(s), 2 Warning(s).
Rebuild target 'At91SAM7X256'
assembling SAM7.s...
compiling main.c...
main.c(32): warning:  #177-D: variable "f" was declared but never referenced
linking...
Program Size: Code=9132 RO-data=208 RW-data=12 ZI-data=1260  
FromELF: creating hex file...
"adc.axf" - 0 Error(s), 1 Warning(s).
Rebuild target 'At91SAM7X256'
assembling SAM7.s...
compiling main.c...
main.c(32): warning:  #177-D: variable "f" was declared but never referenced
linking...
Program Size: Code=9132 RO-data=208 RW-data=12 ZI-data=1260  
FromELF: creating hex file...
"adc.axf" - 0 Error(s), 1 Warning(s).
Rebuild target 'At91SAM7X256'
assembling SAM7.s...
compiling main.c...
linking...
Program Size: Code=8752 RO-data=208 RW-data=12 ZI-data=1260  
FromELF: creating hex file...
"adc.axf" - 0 Error(s), 0 Warning(s).
