ARM Linker, 4.1 [Build 894] [Standard]

==============================================================================

Section Cross References

    getline.o(.text) refers to serial.o(.text) for getkey
    getline.o(.text) refers to putc.o(.text) for putc
    getline.o(.text) refers to fflush.o(.text) for fflush
    getline.o(.text) refers to stdio_streams.o(.bss) for __stdout
    sd_file.o(.text) refers to _printf_percent.o(.ARM.Collect$$_printf_percent$$00000000) for _printf_percent
    sd_file.o(.text) refers to _printf_d.o(.ARM.Collect$$_printf_percent$$00000009) for _printf_d
    sd_file.o(.text) refers to _printf_dec.o(.text) for _printf_int_dec
    sd_file.o(.text) refers to _printf_pad.o(.text) for _printf_pre_padding
    sd_file.o(.text) refers to _printf_p.o(.ARM.Collect$$_printf_percent$$00000002) for _printf_p
    sd_file.o(.text) refers to _printf_s.o(.ARM.Collect$$_printf_percent$$00000014) for _printf_s
    sd_file.o(.text) refers to _printf_n.o(.ARM.Collect$$_printf_percent$$00000001) for _printf_n
    sd_file.o(.text) refers to _printf_charcount.o(.text) for _printf_charcount
    sd_file.o(.text) refers to _printf_hex_ptr.o(.text) for _printf_longlong_hex
    sd_file.o(.text) refers to _printf_str.o(.text) for _printf_str
    sd_file.o(.text) refers to _scanf_int.o(.text) for _scanf_int
    sd_file.o(.text) refers to lludiv.o(.text) for __aeabi_uldivmod
    sd_file.o(.text) refers to __2sprintf.o(.text) for __2sprintf
    sd_file.o(.text) refers to strcmp.o(.text) for strcmp
    sd_file.o(.text) refers to __2printf.o(.text) for __2printf
    sd_file.o(.text) refers to fopen.o(.text) for fopen
    sd_file.o(.text) refers to getline.o(.text) for getline
    sd_file.o(.text) refers to fputs.o(.text) for fputs
    sd_file.o(.text) refers to fclose.o(.text) for fclose
    sd_file.o(.text) refers to __0sscanf.o(.text) for __0sscanf
    sd_file.o(.text) refers to __2fprintf.o(.text) for __2fprintf
    sd_file.o(.text) refers to putc.o(.text) for putc
    sd_file.o(.text) refers to fgetc.o(i.fgetc) for fgetc
    sd_file.o(.text) refers to strlen.o(.text) for strlen
    sd_file.o(.text) refers to fs_frename.o(i.frename) for frename
    sd_file.o(.text) refers to sd_file.o(.data) for .data
    sd_file.o(.text) refers to sd_file.o(.bss) for .bss
    sd_file.o(.text) refers to stdio_streams.o(.bss) for __stdout
    sd_file.o(.text) refers to fwritefast.o(.text) for fwrite
    sd_file.o(.text) refers to freadfast.o(.text) for fread
    sd_file.o(.text) refers to fs_fdelete.o(i.fdelete) for fdelete
    sd_file.o(.text) refers to fs_ffind.o(i.ffind) for ffind
    sd_file.o(.text) refers to fs_ffree.o(i.ffree) for ffree
    sd_file.o(.text) refers to strcpy.o(.text) for strcpy
    sd_file.o(.text) refers to strcat.o(.text) for strcat
    sd_file.o(.text) refers to serial.o(.text) for getkey
    sd_file.o(.text) refers to fs_fformat.o(i.fformat) for fformat
    sd_file.o(.text) refers to fs_finit.o(i.finit) for finit
    sd_file.o(.text) refers to fflush.o(.text) for fflush
    sd_file.o(.text) refers to toupper.o(.text) for toupper
    sd_file.o(.text) refers to sd_file.o(i.__ARM_common_call_via_r1) for __ARM_common_call_via_r1
    sd_file.o(.text) refers to sd_file.o(.constdata) for .constdata
    sd_file.o(.constdata) refers to sd_file.o(.text) for cmd_capture
    sam7.o(STACK) refers (Special) to heapauxi.o(.text) for __use_two_region_memory
    sam7.o(HEAP) refers (Special) to heapauxi.o(.text) for __use_two_region_memory
    sam7.o(RESET) refers (Special) to heapauxi.o(.text) for __use_two_region_memory
    sam7.o(RESET) refers to sam7.o(STACK) for Stack_Top
    sam7.o(RESET) refers to __main.o(!!!main) for __main
    sam7.o(.text) refers (Special) to heapauxi.o(.text) for __use_two_region_memory
    sam7.o(.text) refers to sam7.o(HEAP) for Heap_Mem
    sam7.o(.text) refers to sam7.o(STACK) for Stack_Mem
    retarget.o(.text) refers (Special) to use_no_semi.o(.text) for __use_no_semihosting_swi
    retarget.o(.text) refers to serial.o(.text) for sendchar
    retarget.o(.text) refers to strcmp.o(.text) for strcmp
    retarget.o(.text) refers to _fs_fopen.o(i.__fopen) for __fopen
    retarget.o(.text) refers to _fs_fclose.o(i.__fclose) for __fclose
    retarget.o(.text) refers to _fs_write.o(i.__write) for __write
    retarget.o(.text) refers to _fs_read.o(i.__read) for __read
    retarget.o(.text) refers to _fs_setfpos.o(i.__setfpos) for __setfpos
    retarget.o(.text) refers to _fs_flushbuf.o(i.__flushbuf) for __flushbuf
    retarget.o(.text) refers to _fs_getfsize.o(i.__getfsize) for __getfsize
    retarget.o(.text) refers to file_config.o(.bss) for _iob
    retarget.o(.constdata) refers (Special) to use_no_semi.o(.text) for __use_no_semihosting_swi
    retarget.o(.constdata) refers (Special) to use_no_semi.o(.text) for __use_no_semihosting_swi
[...]
    i.set_u16                                0x00106b18   Section        0  fs_fat.o(i.set_u16)
    set_u16                                  0x00106b19   Thumb Code     8  fs_fat.o(i.set_u16)
    i.set_u32                                0x00106b20   Section        0  fs_fat.o(i.set_u32)
    set_u32                                  0x00106b21   Thumb Code    16  fs_fat.o(i.set_u32)
    i.unlink_clus_chain                      0x00106b30   Section        0  fs_fat.o(i.unlink_clus_chain)
    unlink_clus_chain                        0x00106b31   Thumb Code   290  fs_fat.o(i.unlink_clus_chain)
    i.val_char                               0x00106c60   Section        0  fs_fat.o(i.val_char)
    val_char                                 0x00106c61   Thumb Code    24  fs_fat.o(i.val_char)
    i.val_char_sn                            0x00106c78   Section        0  fs_fat.o(i.val_char_sn)
    val_char_sn                              0x00106c79   Thumb Code    60  fs_fat.o(i.val_char_sn)
    i.write_br                               0x00106cb4   Section        0  fs_fat.o(i.write_br)
    write_br                                 0x00106cb5   Thumb Code   328  fs_fat.o(i.write_br)
    i.write_cache                            0x00106e3c   Section        0  fs_fat.o(i.write_cache)
    write_cache                              0x00106e3d   Thumb Code   140  fs_fat.o(i.write_cache)
    i.write_dot_entries                      0x00106ed0   Section        0  fs_fat.o(i.write_dot_entries)
    write_dot_entries                        0x00106ed1   Thumb Code   212  fs_fat.o(i.write_dot_entries)
    i.write_entries                          0x00106fb8   Section        0  fs_fat.o(i.write_entries)
    write_entries                            0x00106fb9   Thumb Code   704  fs_fat.o(i.write_entries)
    i.write_fat_link                         0x00107288   Section        0  fs_fat.o(i.write_fat_link)
    write_fat_link                           0x00107289   Thumb Code   242  fs_fat.o(i.write_fat_link)
    i.write_fsinfo                           0x00107388   Section        0  fs_fat.o(i.write_fsinfo)
    write_fsinfo                             0x00107389   Thumb Code   100  fs_fat.o(i.write_fsinfo)
    i.write_label                            0x001073fc   Section        0  fs_fat.o(i.write_label)
    write_label                              0x001073fd   Thumb Code   134  fs_fat.o(i.write_label)
    i.write_mbr                              0x00107488   Section        0  fs_fat.o(i.write_mbr)
    write_mbr                                0x00107489   Thumb Code   164  fs_fat.o(i.write_mbr)
    i.write_sector                           0x00107534   Section        0  fs_fat.o(i.write_sector)
    write_sector                             0x00107535   Thumb Code    30  fs_fat.o(i.write_sector)
    locale$$code                             0x0010755c   Section       80  lc_ctype_c.o(locale$$code)
    x$fpl$fpinit                             0x001075b0   Section       24  fpinit.o(x$fpl$fpinit)
    .constdata                               0x001075c8   Section     1476  sd_file.o(.constdata)
    intro                                    0x001075c8   Data         157  sd_file.o(.constdata)
    help                                     0x00107665   Data        1185  sd_file.o(.constdata)
    cmd                                      0x00107b08   Data         132  sd_file.o(.constdata)
    .constdata                               0x00107b8c   Section        2  file_config.o(.constdata)
    .constdata                               0x00107b8e   Section        2  file_config.o(.constdata)
    .constdata                               0x00107b90   Section        4  file_config.o(.constdata)
    .constdata                               0x00107b94   Section        8  file_config.o(.constdata)
    .constdata                               0x00107b9c   Section        2  file_config.o(.constdata)
    .constdata                               0x00107ba0   Section        4  file_config.o(.constdata)
    .constdata                               0x00107ba4   Section        4  file_config.o(.constdata)
    .constdata                               0x00107ba8   Section        8  file_config.o(.constdata)
    .constdata                               0x00107bb0   Section        2  file_config.o(.constdata)
    .constdata                               0x00107bb4   Section        4  file_config.o(.constdata)
    .constdata                               0x00107bb8   Section        8  file_config.o(.constdata)
    .constdata                               0x00107bc0   Section        2  file_config.o(.constdata)
    .constdata                               0x00107bc2   Section        2  file_config.o(.constdata)
    .constdata                               0x00107bc4   Section        6  retarget.o(.constdata)
    .constdata                               0x00107bca   Section        7  retarget.o(.constdata)
    .constdata                               0x00107bd1   Section        7  retarget.o(.constdata)
    .constdata                               0x00107bd8   Section      169  fs_fat.o(.constdata)
    IniDevCfg                                0x00107bd8   Data         156  fs_fat.o(.constdata)
    ChIndex                                  0x00107c74   Data          13  fs_fat.o(.constdata)
    .constdata                               0x00107c81   Section       40  _printf_hex_ptr.o(.constdata)
    uc_hextab                                0x00107c81   Data          20  _printf_hex_ptr.o(.constdata)
    lc_hextab                                0x00107c95   Data          20  _printf_hex_ptr.o(.constdata)
    .constdata                               0x00107ca9   Section       17  __printf_flags_ss_wp.o(.constdata)
    maptable                                 0x00107ca9   Data          17  __printf_flags_ss_wp.o(.constdata)
    locale$$data                             0x00107cdc   Section      272  lc_ctype_c.o(locale$$data)
    __lcctype_c_name                         0x00107ce0   Data           2  lc_ctype_c.o(locale$$data)
    __lcctype_c_start                        0x00107ce8   Data           0  lc_ctype_c.o(locale$$data)
    __lcctype_c_end                          0x00107dec   Data           0  lc_ctype_c.o(locale$$data)
    .data                                    0x00200000   Section        3  sd_file.o(.data)
    .data                                    0x00200004   Section       20  fs_fat.o(.data)
    numOfEntries                             0x00200004   Data           1  fs_fat.o(.data)
    in_root_1x                               0x00200005   Data           1  fs_fat.o(.data)
    firstEntOffs                             0x00200006   Data           2  fs_fat.o(.data)
    free_clus                                0x00200008   Data           4  fs_fat.o(.data)
    top_clus                                 0x0020000c   Data           4  fs_fat.o(.data)
    startDirClus                             0x00200010   Data           4  fs_fat.o(.data)
    firstEntClus                             0x00200014   Data           4  fs_fat.o(.data)
    .data                                    0x00200018   Section        1  fs_mmc.o(.data)
    CardType                                 0x00200018   Data           1  fs_mmc.o(.data)
    .data                                    0x0020001c   Section        4  stdio_streams.o(.data)
    .data                                    0x00200020   Section        4  stdio_streams.o(.data)
    .data                                    0x00200024   Section        4  stdio_streams.o(.data)
    .bss                                     0x00200028   Section      160  sd_file.o(.bss)
    in_line                                  0x00200028   Data         160  sd_file.o(.bss)
    .bss                                     0x002000c8   Section      832  file_config.o(.bss)
    .bss                                     0x00200408   Section     5120  file_config.o(.bss)
    .bss                                     0x00201808   Section      340  fs_fat.o(.bss)
    fat                                      0x00201808   Data          12  fs_fat.o(.bss)
    ca                                       0x00201814   Data          20  fs_fat.o(.bss)
    mmc                                      0x00201828   Data          48  fs_fat.o(.bss)
    name_buf                                 0x00201858   Data         260  fs_fat.o(.bss)
    .bss                                     0x0020195c   Section       80  stdio_streams.o(.bss)
    .bss                                     0x002019ac   Section       80  stdio_streams.o(.bss)
    .bss                                     0x002019fc   Section       80  stdio_streams.o(.bss)
    .bss                                     0x00201a4c   Section       96  libspace.o(.bss)
    HEAP                                     0x00201ab0   Section     4096  sam7.o(HEAP)
    Heap_Mem                                 0x00201ab0   Data        4096  sam7.o(HEAP)
    STACK                                    0x00202ab0   Section      896  sam7.o(STACK)
    Stack_Mem                                0x00202ab0   Data         512  sam7.o(STACK)
    Stack_Top                                0x00202e30   Data           0  sam7.o(STACK)

    Global Symbols

    Symbol Name                              Value     Ov Type        Size  Object(Section)

    BuildAttributes$$THM_ISAv1$ARM_ISAv4$S$PE$A:L22$X:L11$S22$IEEE1$IW$USESV6$~STKCKD$USESV7$~SHL$OTIME$ROPI$EBA8$UX$STANDARDLIB$REQ8$PRES8$EABIv2 0x00000000   Number         0  anon$$obj.o ABSOLUTE
    __ARM_use_no_argv                        0x00000000   Number         0  sd_file.o ABSOLUTE
    _printf_flags                            0x00000000   Number         0  printf_stubs.o ABSOLUTE
    _printf_return_value                     0x00000000   Number         0  printf_stubs.o ABSOLUTE
    _printf_sizespec                         0x00000000   Number         0  printf_stubs.o ABSOLUTE
    _printf_widthprec                        0x00000000   Number         0  printf_stubs.o ABSOLUTE
    __ARM_exceptions_init                     - Undefined Weak Reference
    __alloca_initialize                       - Undefined Weak Reference
    __cpp_initialize__aeabi_                  - Undefined Weak Reference
    __cxa_finalize                            - Undefined Weak Reference
    __sigvec_lookup                           - Undefined Weak Reference
    __user_heap_extent                        - Undefined Weak Reference
    _atexit_init                              - Undefined Weak Reference
    _call_atexit_fns                          - Undefined Weak Reference
    _clock_init                               - Undefined Weak Reference
    _fp_trap_init                             - Undefined Weak Reference
    _fp_trap_shutdown                         - Undefined Weak Reference
    _get_lc_collate                           - Undefined Weak Reference
    _get_lc_monetary                          - Undefined Weak Reference
    _get_lc_numeric                           - Undefined Weak Reference
    _get_lc_time                              - Undefined Weak Reference
    _getenv_init                              - Undefined Weak Reference
    _handle_redirection                       - Undefined Weak Reference
    _mutex_acquire                            - Undefined Weak Reference
    _mutex_free                               - Undefined Weak Reference
    _mutex_release                            - Undefined Weak Reference
    _printf_mbtowc                            - Undefined Weak Reference
    _printf_truncate_signed                   - Undefined Weak Reference
    _printf_truncate_unsigned                 - Undefined Weak Reference
    _rand_init                                - Undefined Weak Reference
    _scanf_longlong                           - Undefined Weak Reference
    _scanf_mbtowc                             - Undefined Weak Reference
    _scanf_real                               - Undefined Weak Reference
    _scanf_string                             - Undefined Weak Reference
    _scanf_wctomb                             - Undefined Weak Reference
    _scanf_wstring                            - Undefined Weak Reference
    _signal_finish                            - Undefined Weak Reference
    _signal_init                              - Undefined Weak Reference
    __FS_ARM_VER                             0x00000411   Number         0  fs_finit.o ABSOLUTE
    Reset_Handler                            0x00100058   ARM Code       0  sam7.o(RESET)
    __main                                   0x00100150   ARM Code       8  __main.o(!!!main)
    __scatterload                            0x00100158   ARM Code       0  __scatter.o(!!!scatter)
    __scatterload_rt2                        0x00100158   ARM Code      52  __scatter.o(!!!scatter)
    __scatterload_null                       0x0010016c   ARM Code       0  __scatter.o(!!!scatter)
    __scatterload_copy                       0x00100194   ARM Code      40  __scatter_copy.o(!!handler_copy)
    __scatterload_zeroinit                   0x001001bc   ARM Code      44  __scatter_zi.o(!!handler_zi)
    Inline Thumb to ARM Veneer to _printf_percent 0x001001e9   Thumb Code     4  _printf_percent.o(.ARM.Collect$$_printf_percent$$00000000)
    _printf_n                                0x001001ec   ARM Code       0  _printf_n.o(.ARM.Collect$$_printf_percent$$00000001)
    _printf_percent                          0x001001ec   ARM Code       0  _printf_percent.o(.ARM.Collect$$_printf_percent$$00000000)
    _printf_p                                0x001001f4   ARM Code       0  _printf_p.o(.ARM.Collect$$_printf_percent$$00000002)
    _printf_d                                0x001001fc   ARM Code       0  _printf_d.o(.ARM.Collect$$_printf_percent$$00000009)
    _printf_s                                0x00100204   ARM Code       0  _printf_s.o(.ARM.Collect$$_printf_percent$$00000014)
    _printf_percent_end                      0x0010020c   ARM Code       0  _printf_percent_end.o(.ARM.Collect$$_printf_percent$$00000017)
    Inline ARM to Thumb Veneer to __rt_lib_init 0x00100214   ARM Code       8  libinit.o(.ARM.Collect$$libinit$$00000000)
    __rt_lib_init                            0x0010021d   Thumb Code     0  libinit.o(.ARM.Collect$$libinit$$00000000)
    __rt_lib_init_heap_2                     0x00100223   Thumb Code     0  libinit2.o(.ARM.Collect$$libinit$$00000001)
    __rt_lib_init_heap_1                     0x0010022b   Thumb Code     0  libinit2.o(.ARM.Collect$$libinit$$00000006)
    __rt_lib_init_lc_common                  0x0010022b   Thumb Code     0  libinit2.o(.ARM.Collect$$libinit$$0000000B)
    __rt_lib_init_rand_1                     0x0010022b   Thumb Code     0  libinit2.o(.ARM.Collect$$libinit$$0000000A)
    __rt_lib_init_user_alloc_1               0x0010022b   Thumb Code     0  libinit2.o(.ARM.Collect$$libinit$$00000008)
    __rt_lib_init_lc_collate_1               0x00100231   Thumb Code     0  libinit2.o(.ARM.Collect$$libinit$$0000000D)
    __rt_lib_init_lc_ctype_2                 0x00100231   Thumb Code     0  libinit2.o(.ARM.Collect$$libinit$$0000000E)
    __rt_lib_init_atexit_1                   0x0010023d   Thumb Code     0  libinit2.o(.ARM.Collect$$libinit$$00000017)
    __rt_lib_init_clock_1                    0x0010023d   Thumb Code     0  libinit2.o(.ARM.Collect$$libinit$$0000001D)
    __rt_lib_init_fp_trap_1                  0x0010023d   Thumb Code     0  libinit2.o(.ARM.Collect$$libinit$$0000001B)
    __rt_lib_init_getenv_1                   0x0010023d   Thumb Code     0  libinit2.o(.ARM.Collect$$libinit$$0000001F)
    __rt_lib_init_lc_ctype_1                 0x0010023d   Thumb Code     0  libinit2.o(.ARM.Collect$$libinit$$0000000F)
    __rt_lib_init_lc_monetary_1              0x0010023d   Thumb Code     0  libinit2.o(.ARM.Collect$$libinit$$00000011)
    __rt_lib_init_lc_numeric_1               0x0010023d   Thumb Code     0  libinit2.o(.ARM.Collect$$libinit$$00000013)
    __rt_lib_init_lc_time_1                  0x0010023d   Thumb Code     0  libinit2.o(.ARM.Collect$$libinit$$00000015)
    __rt_lib_init_signal_1                   0x0010023d   Thumb Code     0  libinit2.o(.ARM.Collect$$libinit$$00000019)
    __rt_lib_init_stdio_2                    0x0010023d   Thumb Code     0  libinit2.o(.ARM.Collect$$libinit$$00000020)
    __rt_lib_init_alloca_1                   0x00100241   Thumb Code     0  libinit2.o(.ARM.Collect$$libinit$$0000002A)
    __rt_lib_init_argv_1                     0x00100241   Thumb Code     0  libinit2.o(.ARM.Collect$$libinit$$00000028)
    __rt_lib_init_cpp_1                      0x00100241   Thumb Code     0  libinit2.o(.ARM.Collect$$libinit$$0000002E)
    __rt_lib_init_exceptions_1               0x00100241   Thumb Code     0  libinit2.o(.ARM.Collect$$libinit$$0000002C)
    __rt_lib_init_return                     0x00100241   Thumb Code     0  libinit2.o(.ARM.Collect$$libinit$$0000002F)
    __rt_lib_init_stdio_1                    0x00100241   Thumb Code     0  libinit2.o(.ARM.Collect$$libinit$$00000021)
    Inline ARM to Thumb Veneer to __rt_lib_shutdown 0x0010024c   ARM Code       8  libshutdown.o(.ARM.Collect$$libshutdown$$00000000)
    __rt_lib_shutdown                        0x00100255   Thumb Code     0  libshutdown.o(.ARM.Collect$$libshutdown$$00000000)
    __rt_lib_shutdown_stdio_2                0x00100259   Thumb Code     0  libshutdown2.o(.ARM.Collect$$libshutdown$$00000002)
    __rt_lib_shutdown_fp_trap_1              0x0010025d   Thumb Code     0  libshutdown2.o(.ARM.Collect$$libshutdown$$00000006)
    __rt_lib_shutdown_heap_1                 0x0010025d   Thumb Code     0  libshutdown2.o(.ARM.Collect$$libshutdown$$0000000E)
    __rt_lib_shutdown_return                 0x0010025d   Thumb Code     0  libshutdown2.o(.ARM.Collect$$libshutdown$$0000000F)
    __rt_lib_shutdown_signal_1               0x0010025d   Thumb Code     0  libshutdown2.o(.ARM.Collect$$libshutdown$$00000009)
    __rt_lib_shutdown_stdio_1                0x0010025d   Thumb Code     0  libshutdown2.o(.ARM.Collect$$libshutdown$$00000003)
    __rt_lib_shutdown_user_alloc_1           0x0010025d   Thumb Code     0  libshutdown2.o(.ARM.Collect$$libshutdown$$0000000B)
    __rt_entry                               0x00100264   ARM Code       0  rtentry.o(.ARM.Collect$$rtentry$$00000000)
    __rt_entry_presh_1                       0x00100264   ARM Code       0  rtentry2.o(.ARM.Collect$$rtentry$$00000002)
    __rt_entry_sh                            0x00100264   ARM Code       0  rtentry4.o(.ARM.Collect$$rtentry$$00000004)
    __rt_entry_li                            0x0010026c   ARM Code       0  rtentry2.o(.ARM.Collect$$rtentry$$0000000A)
    __rt_entry_postsh_1                      0x0010026c   ARM Code       0  rtentry2.o(.ARM.Collect$$rtentry$$00000009)
    __rt_entry_main                          0x00100270   ARM Code       0  rtentry2.o(.ARM.Collect$$rtentry$$0000000D)
    __rt_entry_postli_1                      0x00100270   ARM Code       0  rtentry2.o(.ARM.Collect$$rtentry$$0000000C)
    Inline Thumb to ARM Veneer to __rt_exit  0x00100299   Thumb Code     4  rtexit.o(.ARM.Collect$$rtexit$$00000000)
    __rt_exit                                0x0010029c   ARM Code       0  rtexit.o(.ARM.Collect$$rtexit$$00000000)
    __rt_exit_ls                             0x001002a0   ARM Code       0  rtexit2.o(.ARM.Collect$$rtexit$$00000003)
    __rt_exit_prels_1                        0x001002a0   ARM Code       0  rtexit2.o(.ARM.Collect$$rtexit$$00000002)
    __rt_exit_exit                           0x001002a4   ARM Code       0  rtexit2.o(.ARM.Collect$$rtexit$$00000004)
    _maybe_terminate_alloc                   0x001002ad   Thumb Code     0  maybetermalloc1.o(.emb_text)
    getline                                  0x001002ad   Thumb Code   142  getline.o(.text)
    PORT_INI                                 0x00100341   Thumb Code    24  sd_file.o(.text)
    BITWAIT_DREQ_HIGH                        0x00100359   Thumb Code    10  sd_file.o(.text)
    VS1003B_WRITE_DATA                       0x00100363   Thumb Code    54  sd_file.o(.text)
    VS_WRITE                                 0x00100399   Thumb Code    54  sd_file.o(.text)
    VS1003B_Init                             0x001003cf   Thumb Code   102  sd_file.o(.text)
    VS1003B_SoftReset                        0x00100435   Thumb Code    26  sd_file.o(.text)
    VS1003B_SetVolume                        0x0010044f   Thumb Code     2  sd_file.o(.text)
    main                                     0x00100f8b   Thumb Code   152  sd_file.o(.text)
    __user_initial_stackheap                 0x001010ac   ARM Code       0  sam7.o(.text)
    spi_init                                 0x001010d1   Thumb Code    70  spi_sam7x.o(.text)
    spi_hi_speed                             0x00101117   Thumb Code    30  spi_sam7x.o(.text)
    spi_ss                                   0x00101135   Thumb Code    20  spi_sam7x.o(.text)
    spi_send                                 0x00101149   Thumb Code    24  spi_sam7x.o(.text)
    init_serial                              0x00101171   Thumb Code    80  serial.o(.text)
    sendchar                                 0x001011c1   Thumb Code    30  serial.o(.text)
    getkey                                   0x001011df   Thumb Code    16  serial.o(.text)
    _ttywrch                                 0x00101205   Thumb Code    12  retarget.o(.text)
    _sys_open                                0x00101211   Thumb Code    70  retarget.o(.text)
    _sys_close                               0x00101257   Thumb Code    20  retarget.o(.text)
    _sys_write                               0x0010126b   Thumb Code    56  retarget.o(.text)
    _sys_read                                0x001012a3   Thumb Code    54  retarget.o(.text)
    _sys_istty                               0x001012d9   Thumb Code    16  retarget.o(.text)
    _sys_seek                                0x001012e9   Thumb Code    22  retarget.o(.text)
    _sys_ensure                              0x001012ff   Thumb Code    22  retarget.o(.text)
    _sys_flen                                0x00101315   Thumb Code    30  retarget.o(.text)
    _sys_tmpnam                              0x00101333   Thumb Code     4  retarget.o(.text)
    _sys_command_string                      0x00101337   Thumb Code     2  retarget.o(.text)
    _sys_exit                                0x00101339   Thumb Code     2  retarget.o(.text)
    __semihosting$guard                      0x0010135c   ARM Code       0  use_no_semi.o(.text)
    __use_no_semihosting_swi                 0x0010135c   ARM Code       4  use_no_semi.o(.text)
    Inline Thumb to ARM Veneer to __aeabi_uldivmod 0x00101361   Thumb Code     4  lludiv.o(.text)
    __aeabi_uldivmod                         0x00101364   ARM Code       0  lludiv.o(.text)
    _ll_udiv                                 0x00101364   ARM Code     720  lludiv.o(.text)
    _ll_udiv_donemoving                      0x00101378   ARM Code       0  lludiv.o(.text)
    toupper                                  0x00101635   Thumb Code    34  toupper.o(.text)
    __2printf                                0x00101659   Thumb Code    22  __2printf.o(.text)
    __2fprintf                               0x00101675   Thumb Code    22  __2fprintf.o(.text)
    __2sprintf                               0x0010168d   Thumb Code    40  __2sprintf.o(.text)
    _printf_pre_padding                      0x001016b9   Thumb Code    50  _printf_pad.o(.text)
    _printf_post_padding                     0x001016eb   Thumb Code    36  _printf_pad.o(.text)
    _printf_str                              0x0010170f   Thumb Code    88  _printf_str.o(.text)
    Inline ARM to Thumb Veneer to _printf_int_dec 0x00101768   ARM Code       8  _printf_dec.o(.text)
    _printf_int_dec                          0x00101771   Thumb Code    94  _printf_dec.o(.text)
    Inline ARM to Thumb Veneer to _printf_charcount 0x001017e0   ARM Code       8  _printf_charcount.o(.text)
    _printf_charcount                        0x001017e9   Thumb Code    40  _printf_charcount.o(.text)
    Inline ARM to Thumb Veneer to _printf_hex_ptr 0x00101810   ARM Code       8  _printf_hex_ptr.o(.text)
    _printf_hex_ptr                          0x00101819   Thumb Code    82  _printf_hex_ptr.o(.text)
    _printf_longlong_hex                     0x00101819   Thumb Code     0  _printf_hex_ptr.o(.text)
    __printf                                 0x00101871   Thumb Code   408  __printf_flags_ss_wp.o(.text)
    __0sscanf                                0x00101a0d   Thumb Code    54  __0sscanf.o(.text)
    _scanf_int                               0x00101a4d   Thumb Code   348  _scanf_int.o(.text)
    _do_fflush                               0x00101ba9   Thumb Code    58  fflush.o(.text)
    fflush                                   0x00101be3   Thumb Code    46  fflush.o(.text)
    fputs                                    0x00101c15   Thumb Code    38  fputs.o(.text)
    putc                                     0x00101c3b   Thumb Code    12  putc.o(.text)
    freopen                                  0x00101c49   Thumb Code   152  fopen.o(.text)
    fopen                                    0x00101ce1   Thumb Code    80  fopen.o(.text)
    _fclose_internal                         0x00101d39   Thumb Code    76  fclose.o(.text)
    fclose                                   0x00101d39   Thumb Code     0  fclose.o(.text)
    strcpy                                   0x00101d89   Thumb Code    74  strcpy.o(.text)
    strlen                                   0x00101dd9   Thumb Code    64  strlen.o(.text)
    strcat                                   0x00101e1d   Thumb Code    24  strcat.o(.text)
    Inline Thumb to ARM Veneer to __aeabi_memcpy 0x00101e35   Thumb Code     4  rt_memcpy.o(.text)
    __aeabi_memcpy                           0x00101e38   ARM Code       0  rt_memcpy.o(.text)
    __rt_memcpy                              0x00101e38   ARM Code     212  rt_memcpy.o(.text)
    _memcpy_lastbytes                        0x00101eec   ARM Code       0  rt_memcpy.o(.text)
    Inline Thumb to ARM Veneer to __aeabi_memcpy4 0x00101f0d   Thumb Code     4  rt_memcpy_w.o(.text)
    __aeabi_memcpy4                          0x00101f10   ARM Code       0  rt_memcpy_w.o(.text)
    __aeabi_memcpy8                          0x00101f10   ARM Code       0  rt_memcpy_w.o(.text)
    __rt_memcpy_w                            0x00101f10   ARM Code     100  rt_memcpy_w.o(.text)
    _memcpy_lastbytes_aligned                0x00101f5c   ARM Code       0  rt_memcpy_w.o(.text)
    Inline Thumb to ARM Veneer to __aeabi_memset 0x00101f75   Thumb Code     4  aeabi_memset.o(.text)
    __aeabi_memset                           0x00101f78   ARM Code      16  aeabi_memset.o(.text)
    Inline Thumb to ARM Veneer to __aeabi_memclr 0x00101f89   Thumb Code     4  rt_memclr.o(.text)
    __aeabi_memclr                           0x00101f8c   ARM Code       0  rt_memclr.o(.text)
    __rt_memclr                              0x00101f8c   ARM Code      64  rt_memclr.o(.text)
    _memset                                  0x00101f90   ARM Code       0  rt_memclr.o(.text)
    Inline Thumb to ARM Veneer to __aeabi_memclr4 0x00101fcd   Thumb Code     4  rt_memclr_w.o(.text)
    __aeabi_memclr4                          0x00101fd0   ARM Code       0  rt_memclr_w.o(.text)
    __aeabi_memclr8                          0x00101fd0   ARM Code       0  rt_memclr_w.o(.text)
    __rt_memclr_w                            0x00101fd0   ARM Code      84  rt_memclr_w.o(.text)
    _memset_w                                0x00101fd4   ARM Code       0  rt_memclr_w.o(.text)
    Inline Thumb to ARM Veneer to strcmp     0x00102025   Thumb Code     4  strcmp.o(.text)
    strcmp                                   0x00102028   ARM Code     156  strcmp.o(.text)
    Inline Thumb to ARM Veneer to __aeabi_idivmod 0x001020c9   Thumb Code     4  aeabi_sdiv.o(.text)
    __aeabi_idiv                             0x001020cc   ARM Code       0  aeabi_sdiv.o(.text)
    __aeabi_idivmod                          0x001020cc   ARM Code     384  aeabi_sdiv.o(.text)
    __use_two_region_memory                  0x0010224d   Thumb Code     2  heapauxi.o(.text)
    __rt_heap_escrow                         0x0010224f   Thumb Code     2  heapauxi.o(.text)
    __rt_heap_expand                         0x00102251   Thumb Code     2  heapauxi.o(.text)
    Inline Thumb to ARM Veneer to __rt_ctype_table 0x00102255   Thumb Code     4  rt_ctype_table.o(.text)
    __rt_ctype_table                         0x00102258   ARM Code      24  rt_ctype_table.o(.text)
    malloc                                   0x00102271   Thumb Code   110  h1_alloc.o(.text)
    free                                     0x001022df   Thumb Code    84  h1_free.o(.text)
    _printf_int_common                       0x00102333   Thumb Code   186  _printf_intcommon.o(.text)
    _printf_char_common                      0x001023f7   Thumb Code    34  _printf_char_common.o(.text)
    _sputc                                   0x0010241d   Thumb Code    10  _sputc.o(.text)
    Inline ARM to Thumb Veneer to _printf_string 0x00102428   ARM Code       8  _printf_char.o(.text)
    _printf_cs_common                        0x00102431   Thumb Code    26  _printf_char.o(.text)
    _printf_char                             0x0010244b   Thumb Code    16  _printf_char.o(.text)
    _printf_string                           0x0010245b   Thumb Code     8  _printf_char.o(.text)
    _printf_char_file                        0x00102465   Thumb Code    38  _printf_char_file.o(.text)
    _chval                                   0x00102491   Thumb Code    30  _chval.o(.text)
    __vfscanf_char                           0x001024bd   Thumb Code    34  scanf_char.o(.text)
    _sgetc                                   0x001024e9   Thumb Code    32  _sgetc.o(.text)
    _sbackspace                              0x00102509   Thumb Code    38  _sgetc.o(.text)
    _readbuf                                 0x00102531   Thumb Code    62  filbuf.o(.text)
    _seteof                                  0x0010256f   Thumb Code    40  filbuf.o(.text)
    __filbuf                                 0x00102597   Thumb Code   490  filbuf.o(.text)
    __filbuf_byte                            0x00102597   Thumb Code     0  filbuf.o(.text)
    __filbuf_wide                            0x00102597   Thumb Code     0  filbuf.o(.text)
    _fseek                                   0x0010278d   Thumb Code   244  fseek.o(.text)
    fseek                                    0x0010278d   Thumb Code     0  fseek.o(.text)
    _seterr                                  0x00102885   Thumb Code    20  stdio.o(.text)
    _writebuf                                0x00102899   Thumb Code    80  stdio.o(.text)
    _fflush                                  0x001028e9   Thumb Code    80  stdio.o(.text)
    _deferredlazyseek                        0x00102939   Thumb Code    64  stdio.o(.text)
    _initio                                  0x00102981   Thumb Code   220  initio.o(.text)
    _terminateio                             0x00102a5d   Thumb Code    60  initio.o(.text)
    Inline Thumb to ARM Veneer to __rt_udiv10 0x00102ac5   Thumb Code     4  rtudiv10.o(.text)
    __rt_udiv10                              0x00102ac8   ARM Code      44  rtudiv10.o(.text)
    Inline Thumb to ARM Veneer to __rt_heap_descriptor 0x00102af5   Thumb Code     4  rt_heap_descriptor_intlibspace.o(.text)
    __rt_heap_descriptor                     0x00102af8   ARM Code      12  rt_heap_descriptor_intlibspace.o(.text)
    Inline Thumb to ARM Veneer to __rt_locale 0x00102b05   Thumb Code     4  rt_locale_intlibspace.o(.text)
    __rt_locale                              0x00102b08   ARM Code      12  rt_locale_intlibspace.o(.text)
    __use_no_heap                            0x00102b15   Thumb Code     2  hguard.o(.text)
    __heap$guard                             0x00102b17   Thumb Code     2  hguard.o(.text)
    _terminate_user_alloc                    0x00102b19   Thumb Code     2  init_alloc.o(.text)
    _init_user_alloc                         0x00102b1b   Thumb Code     2  init_alloc.o(.text)
    __Heap_Full                              0x00102b1d   Thumb Code    36  init_alloc.o(.text)
    __Heap_Broken                            0x00102b41   Thumb Code    14  init_alloc.o(.text)
    _init_alloc                              0x00102b4f   Thumb Code    94  init_alloc.o(.text)
    __Heap_Initialize                        0x00102bad   Thumb Code    10  h1_init.o(.text)
    __Heap_DescSize                          0x00102bb7   Thumb Code     4  h1_init.o(.text)
    isspace                                  0x00102bbb   Thumb Code    22  isspace.o(.text)
    __vfscanf                                0x00102bd1   Thumb Code   948  _scanf.o(.text)
    ferror                                   0x00102f91   Thumb Code     8  ferror.o(.text)
    __flsbuf                                 0x00102f99   Thumb Code   496  flsbuf.o(.text)
    __flsbuf_byte                            0x00102f99   Thumb Code     0  flsbuf.o(.text)
    __flsbuf_wide                            0x00102f99   Thumb Code     0  flsbuf.o(.text)
    _ftell_internal                          0x00103191   Thumb Code    70  ftell.o(.text)
    ftell                                    0x00103191   Thumb Code     0  ftell.o(.text)
    setvbuf                                  0x001031d9   Thumb Code    74  setvbuf.o(.text)
    fread                                    0x00103229   Thumb Code   308  freadfast.o(.text)
    _flushlinebuffered                       0x0010335d   Thumb Code    50  flushlinebuffered.o(.text)
    __rt_SIGRTRED                            0x00103399   Thumb Code    16  defsig_rtred_outer.o(.text)
    __user_libspace                          0x001033a8   ARM Code      12  libspace.o(.text)
    __user_perproc_libspace                  0x001033a8   ARM Code       0  libspace.o(.text)
    __user_perthread_libspace                0x001033a8   ARM Code       0  libspace.o(.text)
    __user_setup_stackheap                   0x001033b4   ARM Code      96  sys_stackheap_outer.o(.text)
    Inline Thumb to ARM Veneer to __aeabi_errno_addr 0x00103415   Thumb Code     4  rt_errno_addr_intlibspace.o(.text)
    __aeabi_errno_addr                       0x00103418   ARM Code      12  rt_errno_addr_intlibspace.o(.text)
    __errno$intlibspace                      0x00103418   ARM Code       0  rt_errno_addr_intlibspace.o(.text)
    __rt_errno_addr$intlibspace              0x00103418   ARM Code       0  rt_errno_addr_intlibspace.o(.text)
    __Heap_ProvideMemory                     0x00103425   Thumb Code    56  h1_extend.o(.text)
    fwrite                                   0x0010345d   Thumb Code   204  fwritefast.o(.text)
    exit                                     0x00103529   Thumb Code    12  exit.o(.text)
    __sig_exit                               0x00103535   Thumb Code    16  defsig_exit.o(.text)
    __rt_SIGRTRED_inner                      0x00103545   Thumb Code    18  defsig_rtred_inner.o(.text)
    __rt_SIGRTMEM                            0x0010357d   Thumb Code    16  defsig_rtmem_outer.o(.text)
    __default_signal_display                 0x0010358d   Thumb Code    56  defsig_general.o(.text)
    __rt_SIGRTMEM_inner                      0x001035c5   Thumb Code    26  defsig_rtmem_inner.o(.text)
    __rt_fp_status_addr                      0x00103618   ARM Code      12  rt_fp_status_addr_intlibspace.o(.text)
    Inline Thumb to ARM Veneer to __aeabi_uidivmod 0x00103625   Thumb Code     4  aeabi_sdiv.o(.text_udiv)
    __aeabi_uidiv                            0x00103628   ARM Code       0  aeabi_sdiv.o(.text_udiv)
    __aeabi_uidivmod                         0x00103628   ARM Code      36  aeabi_sdiv.o(.text_udiv)
    Long ARM to Thumb Veneer to _sys_exit    0x0010364c   ARM Code      12  anon$$obj.o(Veneer$$Code)
    __ARM_common_call_via_r1                 0x00103659   Thumb Code     2  sd_file.o(i.__ARM_common_call_via_r1)
    __ARM_common_call_via_r2                 0x0010365b   Thumb Code     2  __printf.o(i.__ARM_common_call_via_r2)
    Inline Thumb to ARM Veneer to __ARM_common_ll_muluu 0x0010365d   Thumb Code     4  fs_fat.o(i.__ARM_common_ll_muluu)
    __ARM_common_ll_muluu                    0x00103660   ARM Code      12  fs_fat.o(i.__ARM_common_ll_muluu)
    Inline Thumb to ARM Veneer to __ARM_common_switch8 0x0010366d   Thumb Code     4  fs_fat.o(i.__ARM_common_switch8)
    __ARM_common_switch8                     0x00103670   ARM Code      24  fs_fat.o(i.__ARM_common_switch8)
    __fclose                                 0x00103689   Thumb Code   114  _fs_fclose.o(i.__fclose)
    __flushbuf                               0x00103705   Thumb Code   126  _fs_flushbuf.o(i.__flushbuf)
    __fopen                                  0x0010378d   Thumb Code   342  _fs_fopen.o(i.__fopen)
    __getfsize                               0x001038f5   Thumb Code   172  _fs_getfsize.o(i.__getfsize)
    __read                                   0x001039a5   Thumb Code   164  _fs_read.o(i.__read)
    __setfpos                                0x00103a51   Thumb Code   226  _fs_setfpos.o(i.__setfpos)
    __write                                  0x00103b3d   Thumb Code   238  _fs_write.o(i.__write)
    _fcreate                                 0x00103c35   Thumb Code   288  _fs_fcreate.o(i._fcreate)
    _fdelete                                 0x00103d55   Thumb Code   134  _fs_fdelete.o(i._fdelete)
    _ffind                                   0x00103ddd   Thumb Code   188  _fs_ffind.o(i._ffind)
    _frename                                 0x00103ea1   Thumb Code    82  _fs_frename.o(i._frename)
    _is_digit                                0x00103ef3   Thumb Code    14  __printf_wp.o(i._is_digit)
    fat_close_write                          0x00104511   Thumb Code   168  fs_fat.o(i.fat_close_write)
    fat_create                               0x001045bd   Thumb Code    86  fs_fat.o(i.fat_create)
    fat_delete                               0x00104619   Thumb Code   100  fs_fat.o(i.fat_delete)
    fat_ffind                                0x00104681   Thumb Code    68  fs_fat.o(i.fat_ffind)
    fat_find_file                            0x00104749   Thumb Code    78  fs_fat.o(i.fat_find_file)
    fat_format                               0x0010479d   Thumb Code   762  fs_fat.o(i.fat_format)
    fat_free                                 0x00104ac9   Thumb Code    48  fs_fat.o(i.fat_free)
    fat_init                                 0x00104b01   Thumb Code    24  fs_fat.o(i.fat_init)
    fat_read                                 0x00104b19   Thumb Code   182  fs_fat.o(i.fat_read)
    fat_rename                               0x00104bd5   Thumb Code   144  fs_fat.o(i.fat_rename)
    fat_set_fpos                             0x00104c69   Thumb Code    72  fs_fat.o(i.fat_set_fpos)
    fat_write                                0x00104cb5   Thumb Code   214  fs_fat.o(i.fat_write)
    fdelete                                  0x00104d91   Thumb Code   120  fs_fdelete.o(i.fdelete)
    ffind                                    0x00104e15   Thumb Code   454  fs_ffind.o(i.ffind)
    fformat                                  0x00104fed   Thumb Code   160  fs_fformat.o(i.fformat)
    ffree                                    0x0010509d   Thumb Code   132  fs_ffree.o(i.ffree)
    fgetc                                    0x0010512d   Thumb Code    32  fgetc.o(i.fgetc)
    finit                                    0x0010515d   Thumb Code    52  fs_finit.o(i.finit)
    fn_cmp                                   0x0010519d   Thumb Code    32  fs_lib.o(i.fn_cmp)
    fputc                                    0x001051bd   Thumb Code    36  fputc.o(i.fputc)
    frename                                  0x001051e1   Thumb Code   242  fs_frename.o(i.frename)
    fs_AllocBlock                            0x001052e1   Thumb Code   170  _fs_flashio.o(i.fs_AllocBlock)
    fs_BlockFull                             0x0010538b   Thumb Code    94  _fs_flashio.o(i.fs_BlockFull)
    fs_BlockInvalid                          0x001053e9   Thumb Code    54  _fs_flashio.o(i.fs_BlockInvalid)
    fs_EraseSector                           0x0010541f   Thumb Code     4  fs_flashprg.o(i.fs_EraseSector)
    fs_Find_File                             0x00105425   Thumb Code   172  _fs_flashio.o(i.fs_Find_File)
    fs_Init                                  0x001054d9   Thumb Code     4  fs_flashprg.o(i.fs_Init)
    fs_InitBlock                             0x001054dd   Thumb Code    64  _fs_flashio.o(i.fs_InitBlock)
    fs_ProgramPage                           0x00105529   Thumb Code     4  fs_flashprg.o(i.fs_ProgramPage)
    fs_ReadBlock                             0x0010552d   Thumb Code    34  _fs_flashio.o(i.fs_ReadBlock)
    fs_ReadData                              0x0010554f   Thumb Code    22  fs_lib.o(i.fs_ReadData)
    fs_WriteBlock                            0x00105565   Thumb Code    62  _fs_flashio.o(i.fs_WriteBlock)
    fs_WriteData                             0x001055a3   Thumb Code    20  fs_lib.o(i.fs_WriteData)
    fs_adr_sig                               0x001055b7   Thumb Code    20  _fs_flashio.o(i.fs_adr_sig)
    fs_check_fwopen                          0x001055cd   Thumb Code    50  _fs_flashio.o(i.fs_check_fwopen)
    fs_find_iob                              0x00105609   Thumb Code    46  fs_lib.o(i.fs_find_iob)
    fs_get_date                              0x00105641   Thumb Code     4  fs_time.o(i.fs_get_date)
    fs_get_drive                             0x00105649   Thumb Code    64  fs_lib.o(i.fs_get_drive)
    fs_get_freeID                            0x00105689   Thumb Code    84  _fs_flashio.o(i.fs_get_freeID)
    fs_get_freeMem                           0x001056dd   Thumb Code    60  _fs_flashio.o(i.fs_get_freeMem)
    fs_get_time                              0x00105719   Thumb Code     6  fs_time.o(i.fs_get_time)
    fs_mark_fileMem                          0x0010571f   Thumb Code   120  _fs_flashio.o(i.fs_mark_fileMem)
    fs_mark_freeMem                          0x00105797   Thumb Code    66  _fs_flashio.o(i.fs_mark_freeMem)
    fs_rd_alloc                              0x001057d9   Thumb Code    40  _fs_flashio.o(i.fs_rd_alloc)
    fs_rd_sig                                0x00105801   Thumb Code    36  _fs_flashio.o(i.fs_rd_sig)
    fs_set_params                            0x00105825   Thumb Code    70  fs_lib.o(i.fs_set_params)
    fs_spi_EraseSector                       0x0010588d   Thumb Code     4  fs_flashprg.o(i.fs_spi_EraseSector)
    fs_spi_Init                              0x00105891   Thumb Code     4  fs_flashprg.o(i.fs_spi_Init)
    fs_spi_ProgramPage                       0x00105895   Thumb Code     4  fs_flashprg.o(i.fs_spi_ProgramPage)
    fs_spi_ReadData                          0x00105899   Thumb Code     4  fs_flashprg.o(i.fs_spi_ReadData)
    fs_strpos                                0x0010589d   Thumb Code    26  fs_lib.o(i.fs_strpos)
    mmc_init                                 0x001061f5   Thumb Code   430  fs_mmc.o(i.mmc_init)
    mmc_read_config                          0x0010647d   Thumb Code   230  fs_mmc.o(i.mmc_read_config)
    mmc_read_sect                            0x00106569   Thumb Code    90  fs_mmc.o(i.mmc_read_sect)
    mmc_write_sect                           0x0010665d   Thumb Code    90  fs_mmc.o(i.mmc_write_sect)
    Inline Thumb to ARM Veneer to _get_lc_ctype 0x00107559   Thumb Code     4  lc_ctype_c.o(locale$$code)
    _get_lc_ctype                            0x0010755c   ARM Code      80  lc_ctype_c.o(locale$$code)
    Inline Thumb to ARM Veneer to _fp_init   0x001075ad   Thumb Code     4  fpinit.o(x$fpl$fpinit)
    _fp_init                                 0x001075b0   ARM Code      24  fpinit.o(x$fpl$fpinit)
    __fplib_config_pureend_doubles           0x001075c0   ARM Code       0  fpinit.o(x$fpl$fpinit)
    _NFILE                                   0x00107b8c   Data           2  file_config.o(.constdata)
    _DEF_DRIVE                               0x00107b8e   Data           2  file_config.o(.constdata)
    _CPU_CLK                                 0x00107b90   Data           4  file_config.o(.constdata)
    FlashDev                                 0x00107b94   Data           8  file_config.o(.constdata)
    _FlashNumSect                            0x00107b9c   Data           2  file_config.o(.constdata)
    _BlockFREE                               0x00107ba0   Data           4  file_config.o(.constdata)
    _BASE_ADR                                0x00107ba4   Data           4  file_config.o(.constdata)
    SpiDev                                   0x00107ba8   Data           8  file_config.o(.constdata)
    _SpiNumSect                              0x00107bb0   Data           2  file_config.o(.constdata)
    _SpiBlFREE                               0x00107bb4   Data           4  file_config.o(.constdata)
    RamDev                                   0x00107bb8   Data           8  file_config.o(.constdata)
    _RamNumSect                              0x00107bc0   Data           2  file_config.o(.constdata)
    _MC_CSIZE                                0x00107bc2   Data           2  file_config.o(.constdata)
    __stdin_name                             0x00107bc4   Data           6  retarget.o(.constdata)
    __stdout_name                            0x00107bca   Data           7  retarget.o(.constdata)
    __stderr_name                            0x00107bd1   Data           7  retarget.o(.constdata)
    Region$$Table$$Base                      0x00107cbc   Number         0  anon$$obj.o(Region$$Table)
    Region$$Table$$Limit                     0x00107cdc   Number         0  anon$$obj.o(Region$$Table)
    __ctype                                  0x00107ce9   Data           0  lc_ctype_c.o(locale$$data)
    VS_COMMAND                               0x00200000   Data           1  sd_file.o(.data)
    DATA_HIGH                                0x00200001   Data           1  sd_file.o(.data)
    DATA_LOW                                 0x00200002   Data           1  sd_file.o(.data)
    __aeabi_stdin                            0x0020001c   Data           4  stdio_streams.o(.data)
    __aeabi_stdout                           0x00200020   Data           4  stdio_streams.o(.data)
    __aeabi_stderr                           0x00200024   Data           4  stdio_streams.o(.data)
    _iob                                     0x002000c8   Data         832  file_config.o(.bss)
    mc_cache                                 0x00200408   Data        5120  file_config.o(.bss)
    __stdin                                  0x0020195c   Data          80  stdio_streams.o(.bss)
    __stdout                                 0x002019ac   Data          80  stdio_streams.o(.bss)
    __stderr                                 0x002019fc   Data          80  stdio_streams.o(.bss)
    __libspace_start                         0x00201a4c   Data          96  libspace.o(.bss)
    __temporary_stack_top$libspace           0x00201aac   Data           0  libspace.o(.bss)



==============================================================================

Memory Map of the image

  Image Entry point : 0x00100150

  Load Region LR_IROM1 (Base: 0x00100000, Size: 0x00007e14, Max: 0x00040000, ABSOLUTE)

    Execution Region ER_IROM1 (Base: 0x00100000, Size: 0x00007dec, Max: 0x00040000, ABSOLUTE)

    Base Addr    Size         Type   Attr      Idx    E Section Name        Object

    0x00100000   0x00000150   Code   RO           68    RESET               sam7.o
    0x00100150   0x00000008   Code   RO         1166  * !!!main             c_t.l(__main.o)
    0x00100158   0x0000003c   Code   RO         1539    !!!scatter          c_t.l(__scatter.o)
    0x00100194   0x00000028   Code   RO         1541    !!handler_copy      c_t.l(__scatter_copy.o)
    0x001001bc   0x0000002c   Code   RO         1543    !!handler_zi        c_t.l(__scatter_zi.o)
    0x001001e8   0x00000004   Ven    RO         1093    .ARM.Collect$$_printf_percent$$00000000  c_t.l(_printf_percent.o)
    0x001001ec   0x00000000   Code   RO         1093    .ARM.Collect$$_printf_percent$$00000000  c_t.l(_printf_percent.o)
    0x001001ec   0x00000008   Code   RO         1090    .ARM.Collect$$_printf_percent$$00000001  c_t.l(_printf_n.o)
    0x001001f4   0x00000008   Code   RO         1091    .ARM.Collect$$_printf_percent$$00000002  c_t.l(_printf_p.o)
    0x001001fc   0x00000008   Code   RO         1092    .ARM.Collect$$_printf_percent$$00000009  c_t.l(_printf_d.o)
    0x00100204   0x00000008   Code   RO         1089    .ARM.Collect$$_printf_percent$$00000014  c_t.l(_printf_s.o)
    0x0010020c   0x00000008   Code   RO         1257    .ARM.Collect$$_printf_percent$$00000017  c_t.l(_printf_percent_end.o)
    0x00100214   0x00000008   Ven    RO         1485    .ARM.Collect$$libinit$$00000000  c_t.l(libinit.o)
    0x0010021c   0x00000006   Code   RO         1485    .ARM.Collect$$libinit$$00000000  c_t.l(libinit.o)
    0x00100222   0x00000008   Code   RO         1373    .ARM.Collect$$libinit$$00000001  c_t.l(libinit2.o)
    0x0010022a   0x00000000   Code   RO         1375    .ARM.Collect$$libinit$$00000006  c_t.l(libinit2.o)
    0x0010022a   0x00000000   Code   RO         1377    .ARM.Collect$$libinit$$00000008  c_t.l(libinit2.o)
    0x0010022a   0x00000000   Code   RO         1379    .ARM.Collect$$libinit$$0000000A  c_t.l(libinit2.o)
    0x0010022a   0x00000006   Code   RO         1380    .ARM.Collect$$libinit$$0000000B  c_t.l(libinit2.o)
    0x00100230   0x00000000   Code   RO         1382    .ARM.Collect$$libinit$$0000000D  c_t.l(libinit2.o)
    0x00100230   0x0000000c   Code   RO         1383    .ARM.Collect$$libinit$$0000000E  c_t.l(libinit2.o)
    0x0010023c   0x00000000   Code   RO         1384    .ARM.Collect$$libinit$$0000000F  c_t.l(libinit2.o)
    0x0010023c   0x00000000   Code   RO         1386    .ARM.Collect$$libinit$$00000011  c_t.l(libinit2.o)
    0x0010023c   0x00000000   Code   RO         1388    .ARM.Collect$$libinit$$00000013  c_t.l(libinit2.o)
    0x0010023c   0x00000000   Code   RO         1390    .ARM.Collect$$libinit$$00000015  c_t.l(libinit2.o)
    0x0010023c   0x00000000   Code   RO         1392    .ARM.Collect$$libinit$$00000017  c_t.l(libinit2.o)
    0x0010023c   0x00000000   Code   RO         1394    .ARM.Collect$$libinit$$00000019  c_t.l(libinit2.o)
    0x0010023c   0x00000000   Code   RO         1396    .ARM.Collect$$libinit$$0000001B  c_t.l(libinit2.o)
    0x0010023c   0x00000000   Code   RO         1398    .ARM.Collect$$libinit$$0000001D  c_t.l(libinit2.o)
    0x0010023c   0x00000000   Code   RO         1400    .ARM.Collect$$libinit$$0000001F  c_t.l(libinit2.o)
    0x0010023c   0x00000004   Code   RO         1401    .ARM.Collect$$libinit$$00000020  c_t.l(libinit2.o)
    0x00100240   0x00000000   Code   RO         1402    .ARM.Collect$$libinit$$00000021  c_t.l(libinit2.o)
    0x00100240   0x00000000   Code   RO         1406    .ARM.Collect$$libinit$$00000028  c_t.l(libinit2.o)
    0x00100240   0x00000000   Code   RO         1408    .ARM.Collect$$libinit$$0000002A  c_t.l(libinit2.o)
    0x00100240   0x00000000   Code   RO         1410    .ARM.Collect$$libinit$$0000002C  c_t.l(libinit2.o)
    0x00100240   0x00000000   Code   RO         1412    .ARM.Collect$$libinit$$0000002E  c_t.l(libinit2.o)
    0x00100240   0x0000000c   Code   RO         1413    .ARM.Collect$$libinit$$0000002F  c_t.l(libinit2.o)
    0x0010024c   0x00000008   Ven    RO         1536    .ARM.Collect$$libshutdown$$00000000  c_t.l(libshutdown.o)
    0x00100254   0x00000004   Code   RO         1536    .ARM.Collect$$libshutdown$$00000000  c_t.l(libshutdown.o)
    0x00100258   0x00000004   Code   RO         1415    .ARM.Collect$$libshutdown$$00000002  c_t.l(libshutdown2.o)
    0x0010025c   0x00000000   Code   RO         1416    .ARM.Collect$$libshutdown$$00000003  c_t.l(libshutdown2.o)
    0x0010025c   0x00000000   Code   RO         1419    .ARM.Collect$$libshutdown$$00000006  c_t.l(libshutdown2.o)
    0x0010025c   0x00000000   Code   RO         1422    .ARM.Collect$$libshutdown$$00000009  c_t.l(libshutdown2.o)
    0x0010025c   0x00000000   Code   RO         1424    .ARM.Collect$$libshutdown$$0000000B  c_t.l(libshutdown2.o)
    0x0010025c   0x00000000   Code   RO         1427    .ARM.Collect$$libshutdown$$0000000E  c_t.l(libshutdown2.o)
    0x0010025c   0x00000006   Code   RO         1428    .ARM.Collect$$libshutdown$$0000000F  c_t.l(libshutdown2.o)
    0x00100262   0x00000002   PAD
    0x00100264   0x00000000   Code   RO         1170    .ARM.Collect$$rtentry$$00000000  c_t.l(rtentry.o)
    0x00100264   0x00000000   Code   RO         1286    .ARM.Collect$$rtentry$$00000002  c_t.l(rtentry2.o)
    0x00100264   0x00000008   Code   RO         1298    .ARM.Collect$$rtentry$$00000004  c_t.l(rtentry4.o)
    0x0010026c   0x00000000   Code   RO         1288    .ARM.Collect$$rtentry$$00000009  c_t.l(rtentry2.o)
    0x0010026c   0x00000004   Code   RO         1289    .ARM.Collect$$rtentry$$0000000A  c_t.l(rtentry2.o)
    0x00100270   0x00000000   Code   RO         1291    .ARM.Collect$$rtentry$$0000000C  c_t.l(rtentry2.o)
    0x00100270   0x00000028   Code   RO         1292    .ARM.Collect$$rtentry$$0000000D  c_t.l(rtentry2.o)
    0x00100298   0x00000004   Ven    RO         1486    .ARM.Collect$$rtexit$$00000000  c_t.l(rtexit.o)
    0x0010029c   0x00000004   Code   RO         1486    .ARM.Collect$$rtexit$$00000000  c_t.l(rtexit.o)
    0x001002a0   0x00000000   Code   RO         1505    .ARM.Collect$$rtexit$$00000002  c_t.l(rtexit2.o)
    0x001002a0   0x00000004   Code   RO         1506    .ARM.Collect$$rtexit$$00000003  c_t.l(rtexit2.o)
    0x001002a4   0x00000008   Code   RO         1507    .ARM.Collect$$rtexit$$00000004  c_t.l(rtexit2.o)
    0x001002ac   0x00000000   Code   RO         1445    .emb_text           c_t.l(maybetermalloc1.o)
    0x001002ac   0x00000094   Code   RO            1    .text               getline.o
    0x00100340   0x00000d6c   Code   RO           25    .text               sd_file.o
    0x001010ac   0x00000024   Code   RO           69    .text               sam7.o
    0x001010d0   0x000000a0   Code   RO          105    .text               spi_sam7x.o
    0x00101170   0x00000094   Code   RO          120    .text               serial.o
    0x00101204   0x00000158   Code   RO          135    .text               retarget.o
    0x0010135c   0x00000004   Code   RO         1018    .text               c_t.l(use_no_semi.o)
    0x00101360   0x00000004   Ven    RO         1020    .text               c_t.l(lludiv.o)
    0x00101364   0x000002d0   Code   RO         1020    .text               c_t.l(lludiv.o)
    0x00101634   0x00000022   Code   RO         1022    .text               c_t.l(toupper.o)
    0x00101656   0x00000002   PAD
    0x00101658   0x0000001c   Code   RO         1024    .text               c_t.l(__2printf.o)
    0x00101674   0x00000016   Code   RO         1026    .text               c_t.l(__2fprintf.o)
    0x0010168a   0x00000002   PAD
    0x0010168c   0x0000002c   Code   RO         1028    .text               c_t.l(__2sprintf.o)
    0x001016b8   0x00000056   Code   RO         1040    .text               c_t.l(_printf_pad.o)
    0x0010170e   0x00000058   Code   RO         1042    .text               c_t.l(_printf_str.o)
    0x00101766   0x00000002   PAD
    0x00101768   0x00000008   Ven    RO         1044    .text               c_t.l(_printf_dec.o)
    0x00101770   0x00000070   Code   RO         1044    .text               c_t.l(_printf_dec.o)
    0x001017e0   0x00000008   Ven    RO         1046    .text               c_t.l(_printf_charcount.o)
    0x001017e8   0x00000028   Code   RO         1046    .text               c_t.l(_printf_charcount.o)
    0x00101810   0x00000008   Ven    RO         1057    .text               c_t.l(_printf_hex_ptr.o)
    0x00101818   0x00000058   Code   RO         1057    .text               c_t.l(_printf_hex_ptr.o)
    0x00101870   0x0000019c   Code   RO         1086    .text               c_t.l(__printf_flags_ss_wp.o)
    0x00101a0c   0x00000040   Code   RO         1094    .text               c_t.l(__0sscanf.o)
    0x00101a4c   0x0000015c   Code   RO         1096    .text               c_t.l(_scanf_int.o)
    0x00101ba8   0x0000006c   Code   RO         1098    .text               c_t.l(fflush.o)
    0x00101c14   0x00000026   Code   RO         1104    .text               c_t.l(fputs.o)
    0x00101c3a   0x0000000c   Code   RO         1110    .text               c_t.l(putc.o)
    0x00101c46   0x00000002   PAD
    0x00101c48   0x000000f0   Code   RO         1112    .text               c_t.l(fopen.o)
    0x00101d38   0x00000050   Code   RO         1120    .text               c_t.l(fclose.o)
    0x00101d88   0x00000050   Code   RO         1130    .text               c_t.l(strcpy.o)
    0x00101dd8   0x00000044   Code   RO         1132    .text               c_t.l(strlen.o)
    0x00101e1c   0x00000018   Code   RO         1134    .text               c_t.l(strcat.o)
    0x00101e34   0x00000004   Ven    RO         1136    .text               c_t.l(rt_memcpy.o)
    0x00101e38   0x000000d4   Code   RO         1136    .text               c_t.l(rt_memcpy.o)
    0x00101f0c   0x00000004   Ven    RO         1138    .text               c_t.l(rt_memcpy_w.o)
    0x00101f10   0x00000064   Code   RO         1138    .text               c_t.l(rt_memcpy_w.o)
    0x00101f74   0x00000004   Ven    RO         1140    .text               c_t.l(aeabi_memset.o)
    0x00101f78   0x00000010   Code   RO         1140    .text               c_t.l(aeabi_memset.o)
    0x00101f88   0x00000004   Ven    RO         1142    .text               c_t.l(rt_memclr.o)
    0x00101f8c   0x00000040   Code   RO         1142    .text               c_t.l(rt_memclr.o)
    0x00101fcc   0x00000004   Ven    RO         1144    .text               c_t.l(rt_memclr_w.o)
    0x00101fd0   0x00000054   Code   RO         1144    .text               c_t.l(rt_memclr_w.o)
    0x00102024   0x00000004   Ven    RO         1146    .text               c_t.l(strcmp.o)
    0x00102028   0x000000a0   Code   RO         1146    .text               c_t.l(strcmp.o)
    0x001020c8   0x00000004   Ven    RO         1148    .text               c_t.l(aeabi_sdiv.o)
    0x001020cc   0x00000180   Code   RO         1148    .text               c_t.l(aeabi_sdiv.o)
    0x0010224c   0x00000006   Code   RO         1164    .text               c_t.l(heapauxi.o)
    0x00102252   0x00000002   PAD
    0x00102254   0x00000004   Ven    RO         1171    .text               c_t.l(rt_ctype_table.o)
    0x00102258   0x00000018   Code   RO         1171    .text               c_t.l(rt_ctype_table.o)
    0x00102270   0x0000006e   Code   RO         1185    .text               c_t.l(h1_alloc.o)
    0x001022de   0x00000054   Code   RO         1187    .text               c_t.l(h1_free.o)
    0x00102332   0x000000ba   Code   RO         1247    .text               c_t.l(_printf_intcommon.o)
    0x001023ec   0x00000030   Code   RO         1249    .text               c_t.l(_printf_char_common.o)
    0x0010241c   0x0000000a   Code   RO         1251    .text               c_t.l(_sputc.o)
    0x00102426   0x00000002   PAD
    0x00102428   0x00000008   Ven    RO         1253    .text               c_t.l(_printf_char.o)
    0x00102430   0x00000032   Code   RO         1253    .text               c_t.l(_printf_char.o)
    0x00102462   0x00000002   PAD
    0x00102464   0x0000002c   Code   RO         1255    .text               c_t.l(_printf_char_file.o)
    0x00102490   0x0000001e   Code   RO         1258    .text               c_t.l(_chval.o)
    0x001024ae   0x00000002   PAD
    0x001024b0   0x00000038   Code   RO         1260    .text               c_t.l(scanf_char.o)
    0x001024e8   0x00000046   Code   RO         1262    .text               c_t.l(_sgetc.o)
    0x0010252e   0x00000002   PAD
    0x00102530   0x0000025c   Code   RO         1264    .text               c_t.l(filbuf.o)
    0x0010278c   0x000000f8   Code   RO         1270    .text               c_t.l(fseek.o)
    0x00102884   0x000000fc   Code   RO         1272    .text               c_t.l(stdio.o)
    0x00102980   0x00000144   Code   RO         1275    .text               c_t.l(initio.o)
    0x00102ac4   0x00000004   Ven    RO         1281    .text               c_t.l(rtudiv10.o)
    0x00102ac8   0x0000002c   Code   RO         1281    .text               c_t.l(rtudiv10.o)
    0x00102af4   0x00000004   Ven    RO         1305    .text               c_t.l(rt_heap_descriptor_intlibspace.o)
    0x00102af8   0x0000000c   Code   RO         1305    .text               c_t.l(rt_heap_descriptor_intlibspace.o)
    0x00102b04   0x00000004   Ven    RO         1310    .text               c_t.l(rt_locale_intlibspace.o)
    0x00102b08   0x0000000c   Code   RO         1310    .text               c_t.l(rt_locale_intlibspace.o)
    0x00102b14   0x00000004   Code   RO         1312    .text               c_t.l(hguard.o)
    0x00102b18   0x00000094   Code   RO         1314    .text               c_t.l(init_alloc.o)
    0x00102bac   0x0000000e   Code   RO         1318    .text               c_t.l(h1_init.o)
    0x00102bba   0x00000016   Code   RO         1332    .text               c_t.l(isspace.o)
    0x00102bd0   0x000003c0   Code   RO         1338    .text               c_t.l(_scanf.o)
    0x00102f90   0x00000008   Code   RO         1340    .text               c_t.l(ferror.o)
    0x00102f98   0x000001f8   Code   RO         1342    .text               c_t.l(flsbuf.o)
    0x00103190   0x00000046   Code   RO         1344    .text               c_t.l(ftell.o)
    0x001031d6   0x00000002   PAD
    0x001031d8   0x00000050   Code   RO         1346    .text               c_t.l(setvbuf.o)
    0x00103228   0x00000134   Code   RO         1348    .text               c_t.l(freadfast.o)
    0x0010335c   0x0000003c   Code   RO         1352    .text               c_t.l(flushlinebuffered.o)
    0x00103398   0x00000010   Code   RO         1367    .text               c_t.l(defsig_rtred_outer.o)
    0x001033a8   0x0000000c   Code   RO         1431    .text               c_t.l(libspace.o)
    0x001033b4   0x00000060   Code   RO         1434    .text               c_t.l(sys_stackheap_outer.o)
    0x00103414   0x00000004   Ven    RO         1441    .text               c_t.l(rt_errno_addr_intlibspace.o)
    0x00103418   0x0000000c   Code   RO         1441    .text               c_t.l(rt_errno_addr_intlibspace.o)
    0x00103424   0x00000038   Code   RO         1447    .text               c_t.l(h1_extend.o)
    0x0010345c   0x000000cc   Code   RO         1453    .text               c_t.l(fwritefast.o)
    0x00103528   0x0000000c   Code   RO         1459    .text               c_t.l(exit.o)
    0x00103534   0x00000010   Code   RO         1461    .text               c_t.l(defsig_exit.o)
    0x00103544   0x00000038   Code   RO         1467    .text               c_t.l(defsig_rtred_inner.o)
    0x0010357c   0x00000010   Code   RO         1469    .text               c_t.l(defsig_rtmem_outer.o)
    0x0010358c   0x00000038   Code   RO         1492    .text               c_t.l(defsig_general.o)
    0x001035c4   0x00000054   Code   RO         1496    .text               c_t.l(defsig_rtmem_inner.o)
    0x00103618   0x0000000c   Code   RO         1514    .text               c_t.l(rt_fp_status_addr_intlibspace.o)
    0x00103624   0x00000004   Ven    RO         1149    .text_udiv          c_t.l(aeabi_sdiv.o)
    0x00103628   0x00000024   Code   RO         1149    .text_udiv          c_t.l(aeabi_sdiv.o)
    0x0010364c   0x0000000c   Ven    RO         1571    Veneer$$Code        anon$$obj.o
    0x00103658   0x00000002   Code   RO           39    i.__ARM_common_call_via_r1  sd_file.o
    0x0010365a   0x00000002   Code   RO         1038    i.__ARM_common_call_via_r2  c_t.l(__printf.o)
    0x0010365c   0x00000004   Ven    RO          703    i.__ARM_common_ll_muluu  FS_ARM_L.lib(fs_fat.o)
    0x00103660   0x0000000c   Code   RO          703    i.__ARM_common_ll_muluu  FS_ARM_L.lib(fs_fat.o)
    0x0010366c   0x00000004   Ven    RO          701    i.__ARM_common_switch8  FS_ARM_L.lib(fs_fat.o)
    0x00103670   0x00000018   Code   RO          701    i.__ARM_common_switch8  FS_ARM_L.lib(fs_fat.o)
    0x00103688   0x0000007c   Code   RO          300    i.__fclose          FS_ARM_L.lib(_fs_fclose.o)
    0x00103704   0x00000088   Code   RO          336    i.__flushbuf        FS_ARM_L.lib(_fs_flushbuf.o)
    0x0010378c   0x00000168   Code   RO          270    i.__fopen           FS_ARM_L.lib(_fs_fopen.o)
    0x001038f4   0x000000b0   Code   RO          360    i.__getfsize        FS_ARM_L.lib(_fs_getfsize.o)
    0x001039a4   0x000000ac   Code   RO          312    i.__read            FS_ARM_L.lib(_fs_read.o)
    0x00103a50   0x000000ec   Code   RO          348    i.__setfpos         FS_ARM_L.lib(_fs_setfpos.o)
    0x00103b3c   0x000000f8   Code   RO          324    i.__write           FS_ARM_L.lib(_fs_write.o)
    0x00103c34   0x00000120   Code   RO          756    i._fcreate          FS_ARM_L.lib(_fs_fcreate.o)
    0x00103d54   0x00000086   Code   RO          768    i._fdelete          FS_ARM_L.lib(_fs_fdelete.o)
    0x00103dda   0x00000002   PAD
    0x00103ddc   0x000000c4   Code   RO          792    i._ffind            FS_ARM_L.lib(_fs_ffind.o)
    0x00103ea0   0x00000052   Code   RO          780    i._frename          FS_ARM_L.lib(_fs_frename.o)
    0x00103ef2   0x0000000e   Code   RO         1079    i._is_digit         c_t.l(__printf_wp.o)
    0x00103f00   0x00000110   Code   RO          372    i.alloc_name        FS_ARM_L.lib(fs_fat.o)
    0x00104010   0x00000048   Code   RO          373    i.alloc_new_clus    FS_ARM_L.lib(fs_fat.o)
    0x00104058   0x0000006c   Code   RO          374    i.cache_fat         FS_ARM_L.lib(fs_fat.o)
    0x001040c4   0x0000007a   Code   RO          375    i.check_lfn         FS_ARM_L.lib(fs_fat.o)
    0x0010413e   0x0000000e   Code   RO          376    i.check_name        FS_ARM_L.lib(fs_fat.o)
    0x0010414c   0x000000b4   Code   RO          377    i.chk_dir_empty     FS_ARM_L.lib(fs_fat.o)
    0x00104200   0x00000026   Code   RO          378    i.chk_param         FS_ARM_L.lib(fs_fat.o)
    0x00104226   0x00000002   PAD
    0x00104228   0x00000048   Code   RO          379    i.clear_clus        FS_ARM_L.lib(fs_fat.o)
    0x00104270   0x00000024   Code   RO          380    i.clus_to_sect      FS_ARM_L.lib(fs_fat.o)
    0x00104294   0x00000118   Code   RO          381    i.count_free_clus   FS_ARM_L.lib(fs_fat.o)
    0x001043ac   0x000000ae   Code   RO          382    i.cvt_fatname       FS_ARM_L.lib(fs_fat.o)
    0x0010445a   0x00000002   PAD
    0x0010445c   0x000000b4   Code   RO          383    i.delete_entries    FS_ARM_L.lib(fs_fat.o)
    0x00104510   0x000000ac   Code   RO          384    i.fat_close_write   FS_ARM_L.lib(fs_fat.o)
    0x001045bc   0x0000005c   Code   RO          385    i.fat_create        FS_ARM_L.lib(fs_fat.o)
    0x00104618   0x00000068   Code   RO          386    i.fat_delete        FS_ARM_L.lib(fs_fat.o)
    0x00104680   0x00000048   Code   RO          387    i.fat_ffind         FS_ARM_L.lib(fs_fat.o)
    0x001046c8   0x00000080   Code   RO          388    i.fat_find_dir      FS_ARM_L.lib(fs_fat.o)
    0x00104748   0x00000054   Code   RO          389    i.fat_find_file     FS_ARM_L.lib(fs_fat.o)
    0x0010479c   0x0000032c   Code   RO          390    i.fat_format        FS_ARM_L.lib(fs_fat.o)
    0x00104ac8   0x00000038   Code   RO          391    i.fat_free          FS_ARM_L.lib(fs_fat.o)
    0x00104b00   0x00000018   Code   RO          392    i.fat_init          FS_ARM_L.lib(fs_fat.o)
    0x00104b18   0x000000bc   Code   RO          393    i.fat_read          FS_ARM_L.lib(fs_fat.o)
    0x00104bd4   0x00000094   Code   RO          394    i.fat_rename        FS_ARM_L.lib(fs_fat.o)
    0x00104c68   0x0000004c   Code   RO          395    i.fat_set_fpos      FS_ARM_L.lib(fs_fat.o)
    0x00104cb4   0x000000dc   Code   RO          396    i.fat_write         FS_ARM_L.lib(fs_fat.o)
    0x00104d90   0x00000084   Code   RO          197    i.fdelete           FS_ARM_L.lib(fs_fdelete.o)
    0x00104e14   0x000001d8   Code   RO          243    i.ffind             FS_ARM_L.lib(fs_ffind.o)
    0x00104fec   0x000000b0   Code   RO          231    i.fformat           FS_ARM_L.lib(fs_fformat.o)
    0x0010509c   0x00000090   Code   RO          258    i.ffree             FS_ARM_L.lib(fs_ffree.o)
    0x0010512c   0x00000020   Code   RO         1101    i.fgetc             c_t.l(fgetc.o)
    0x0010514c   0x0000000e   Code   RO          397    i.find_name         FS_ARM_L.lib(fs_fat.o)
    0x0010515a   0x00000002   PAD
    0x0010515c   0x00000040   Code   RO          173    i.finit             FS_ARM_L.lib(fs_finit.o)
    0x0010519c   0x00000020   Code   RO          708    i.fn_cmp            FS_ARM_L.lib(fs_lib.o)
    0x001051bc   0x00000024   Code   RO         1267    i.fputc             c_t.l(fputc.o)
    0x001051e0   0x00000100   Code   RO          209    i.frename           FS_ARM_L.lib(fs_frename.o)
    0x001052e0   0x000000aa   Code   RO          804    i.fs_AllocBlock     FS_ARM_L.lib(_fs_flashio.o)
    0x0010538a   0x0000005e   Code   RO          805    i.fs_BlockFull      FS_ARM_L.lib(_fs_flashio.o)
    0x001053e8   0x00000036   Code   RO          806    i.fs_BlockInvalid   FS_ARM_L.lib(_fs_flashio.o)
    0x0010541e   0x00000004   Code   RO          898    i.fs_EraseSector    FS_ARM_L.lib(fs_flashprg.o)
    0x00105422   0x00000002   PAD
    0x00105424   0x000000b4   Code   RO          807    i.fs_Find_File      FS_ARM_L.lib(_fs_flashio.o)
    0x001054d8   0x00000004   Code   RO          899    i.fs_Init           FS_ARM_L.lib(fs_flashprg.o)
    0x001054dc   0x0000004c   Code   RO          808    i.fs_InitBlock      FS_ARM_L.lib(_fs_flashio.o)
    0x00105528   0x00000004   Code   RO          900    i.fs_ProgramPage    FS_ARM_L.lib(fs_flashprg.o)
    0x0010552c   0x00000022   Code   RO          809    i.fs_ReadBlock      FS_ARM_L.lib(_fs_flashio.o)
    0x0010554e   0x00000016   Code   RO          709    i.fs_ReadData       FS_ARM_L.lib(fs_lib.o)
    0x00105564   0x0000003e   Code   RO          810    i.fs_WriteBlock     FS_ARM_L.lib(_fs_flashio.o)
    0x001055a2   0x00000014   Code   RO          710    i.fs_WriteData      FS_ARM_L.lib(fs_lib.o)
    0x001055b6   0x00000014   Code   RO          811    i.fs_adr_sig        FS_ARM_L.lib(_fs_flashio.o)
    0x001055ca   0x00000002   PAD
    0x001055cc   0x0000003c   Code   RO          812    i.fs_check_fwopen   FS_ARM_L.lib(_fs_flashio.o)
    0x00105608   0x00000038   Code   RO          711    i.fs_find_iob       FS_ARM_L.lib(fs_lib.o)
    0x00105640   0x00000008   Code   RO          998    i.fs_get_date       FS_ARM_L.lib(fs_time.o)
    0x00105648   0x00000040   Code   RO          712    i.fs_get_drive      FS_ARM_L.lib(fs_lib.o)
    0x00105688   0x00000054   Code   RO          813    i.fs_get_freeID     FS_ARM_L.lib(_fs_flashio.o)
    0x001056dc   0x0000003c   Code   RO          814    i.fs_get_freeMem    FS_ARM_L.lib(_fs_flashio.o)
    0x00105718   0x00000006   Code   RO          999    i.fs_get_time       FS_ARM_L.lib(fs_time.o)
    0x0010571e   0x00000078   Code   RO          815    i.fs_mark_fileMem   FS_ARM_L.lib(_fs_flashio.o)
    0x00105796   0x00000042   Code   RO          816    i.fs_mark_freeMem   FS_ARM_L.lib(_fs_flashio.o)
    0x001057d8   0x00000028   Code   RO          817    i.fs_rd_alloc       FS_ARM_L.lib(_fs_flashio.o)
    0x00105800   0x00000024   Code   RO          818    i.fs_rd_sig         FS_ARM_L.lib(_fs_flashio.o)
    0x00105824   0x00000068   Code   RO          713    i.fs_set_params     FS_ARM_L.lib(fs_lib.o)
    0x0010588c   0x00000004   Code   RO          901    i.fs_spi_EraseSector  FS_ARM_L.lib(fs_flashprg.o)
    0x00105890   0x00000004   Code   RO          902    i.fs_spi_Init       FS_ARM_L.lib(fs_flashprg.o)
    0x00105894   0x00000004   Code   RO          903    i.fs_spi_ProgramPage  FS_ARM_L.lib(fs_flashprg.o)
    0x00105898   0x00000004   Code   RO          904    i.fs_spi_ReadData   FS_ARM_L.lib(fs_flashprg.o)
    0x0010589c   0x0000001a   Code   RO          714    i.fs_strpos         FS_ARM_L.lib(fs_lib.o)
    0x001058b6   0x00000002   PAD
    0x001058b8   0x00000030   Code   RO          398    i.get_EOC           FS_ARM_L.lib(fs_fat.o)
    0x001058e8   0x000000c8   Code   RO          399    i.get_bootrec       FS_ARM_L.lib(fs_fat.o)
    0x001059b0   0x00000034   Code   RO          400    i.get_date          FS_ARM_L.lib(fs_fat.o)
    0x001059e4   0x00000038   Code   RO          401    i.get_dir_sect      FS_ARM_L.lib(fs_fat.o)
    0x00105a1c   0x00000038   Code   RO          402    i.get_fat_sect      FS_ARM_L.lib(fs_fat.o)
    0x00105a54   0x000000ec   Code   RO          403    i.get_free_clus     FS_ARM_L.lib(fs_fat.o)
    0x00105b40   0x0000008c   Code   RO          404    i.get_fsinfo        FS_ARM_L.lib(fs_fat.o)
    0x00105bcc   0x0000005c   Code   RO          405    i.get_mbrec         FS_ARM_L.lib(fs_fat.o)
    0x00105c28   0x000001c4   Code   RO          406    i.get_next_info     FS_ARM_L.lib(fs_fat.o)
    0x00105dec   0x00000198   Code   RO          407    i.get_nt_name       FS_ARM_L.lib(fs_fat.o)
    0x00105f84   0x00000036   Code   RO          408    i.get_time          FS_ARM_L.lib(fs_fat.o)
    0x00105fba   0x0000000a   Code   RO          409    i.get_u16           FS_ARM_L.lib(fs_fat.o)
    0x00105fc4   0x00000018   Code   RO          410    i.get_u32           FS_ARM_L.lib(fs_fat.o)
    0x00105fdc   0x00000134   Code   RO          411    i.init_dev          FS_ARM_L.lib(fs_fat.o)
    0x00106110   0x0000003c   Code   RO          412    i.is_EOC            FS_ARM_L.lib(fs_fat.o)
    0x0010614c   0x00000020   Code   RO          413    i.lfn_calc_chksum   FS_ARM_L.lib(fs_fat.o)
    0x0010616c   0x00000088   Code   RO          946    i.mmc_command       FS_ARM_L.lib(fs_mmc.o)
    0x001061f4   0x000001b8   Code   RO          947    i.mmc_init          FS_ARM_L.lib(fs_mmc.o)
    0x001063ac   0x00000078   Code   RO          948    i.mmc_read_block    FS_ARM_L.lib(fs_mmc.o)
    0x00106424   0x00000058   Code   RO          949    i.mmc_read_bytes    FS_ARM_L.lib(fs_mmc.o)
    0x0010647c   0x000000ec   Code   RO          950    i.mmc_read_config   FS_ARM_L.lib(fs_mmc.o)
    0x00106568   0x00000060   Code   RO          951    i.mmc_read_sect     FS_ARM_L.lib(fs_mmc.o)
    0x001065c8   0x00000094   Code   RO          952    i.mmc_write_block   FS_ARM_L.lib(fs_mmc.o)
    0x0010665c   0x00000060   Code   RO          953    i.mmc_write_sect    FS_ARM_L.lib(fs_mmc.o)
    0x001066bc   0x00000084   Code   RO          414    i.read_cache        FS_ARM_L.lib(fs_fat.o)
    0x00106740   0x00000038   Code   RO          415    i.read_last_entry   FS_ARM_L.lib(fs_fat.o)
    0x00106778   0x00000058   Code   RO          416    i.read_sector       FS_ARM_L.lib(fs_fat.o)
    0x001067d0   0x00000080   Code   RO          417    i.rename_entries    FS_ARM_L.lib(fs_fat.o)
    0x00106850   0x00000230   Code   RO          418    i.search_for_name   FS_ARM_L.lib(fs_fat.o)
    0x00106a80   0x00000098   Code   RO          419    i.set_next_clus     FS_ARM_L.lib(fs_fat.o)
    0x00106b18   0x00000008   Code   RO          420    i.set_u16           FS_ARM_L.lib(fs_fat.o)
    0x00106b20   0x00000010   Code   RO          421    i.set_u32           FS_ARM_L.lib(fs_fat.o)
    0x00106b30   0x00000130   Code   RO          422    i.unlink_clus_chain  FS_ARM_L.lib(fs_fat.o)
    0x00106c60   0x00000018   Code   RO          423    i.val_char          FS_ARM_L.lib(fs_fat.o)
    0x00106c78   0x0000003c   Code   RO          424    i.val_char_sn       FS_ARM_L.lib(fs_fat.o)
    0x00106cb4   0x00000188   Code   RO          425    i.write_br          FS_ARM_L.lib(fs_fat.o)
    0x00106e3c   0x00000094   Code   RO          426    i.write_cache       FS_ARM_L.lib(fs_fat.o)
    0x00106ed0   0x000000e8   Code   RO          427    i.write_dot_entries  FS_ARM_L.lib(fs_fat.o)
    0x00106fb8   0x000002d0   Code   RO          428    i.write_entries     FS_ARM_L.lib(fs_fat.o)
    0x00107288   0x00000100   Code   RO          429    i.write_fat_link    FS_ARM_L.lib(fs_fat.o)
    0x00107388   0x00000074   Code   RO          430    i.write_fsinfo      FS_ARM_L.lib(fs_fat.o)
    0x001073fc   0x0000008c   Code   RO          431    i.write_label       FS_ARM_L.lib(fs_fat.o)
    0x00107488   0x000000ac   Code   RO          432    i.write_mbr         FS_ARM_L.lib(fs_fat.o)
    0x00107534   0x00000024   Code   RO          433    i.write_sector      FS_ARM_L.lib(fs_fat.o)
    0x00107558   0x00000004   Ven    RO         1365    locale$$code        c_t.l(lc_ctype_c.o)
    0x0010755c   0x00000050   Code   RO         1365    locale$$code        c_t.l(lc_ctype_c.o)
    0x001075ac   0x00000004   Ven    RO         1502    x$fpl$fpinit        fz_ts.l(fpinit.o)
    0x001075b0   0x00000018   Code   RO         1502    x$fpl$fpinit        fz_ts.l(fpinit.o)
    0x001075c8   0x000005c4   Data   RO           27    .constdata          sd_file.o
    0x00107b8c   0x00000002   Data   RO           77    .constdata          file_config.o
    0x00107b8e   0x00000002   Data   RO           78    .constdata          file_config.o
    0x00107b90   0x00000004   Data   RO           79    .constdata          file_config.o
    0x00107b94   0x00000008   Data   RO           80    .constdata          file_config.o
    0x00107b9c   0x00000002   Data   RO           81    .constdata          file_config.o
    0x00107b9e   0x00000002   PAD
    0x00107ba0   0x00000004   Data   RO           82    .constdata          file_config.o
    0x00107ba4   0x00000004   Data   RO           83    .constdata          file_config.o
    0x00107ba8   0x00000008   Data   RO           84    .constdata          file_config.o
    0x00107bb0   0x00000002   Data   RO           85    .constdata          file_config.o
    0x00107bb2   0x00000002   PAD
    0x00107bb4   0x00000004   Data   RO           86    .constdata          file_config.o
    0x00107bb8   0x00000008   Data   RO           87    .constdata          file_config.o
    0x00107bc0   0x00000002   Data   RO           88    .constdata          file_config.o
    0x00107bc2   0x00000002   Data   RO           89    .constdata          file_config.o
    0x00107bc4   0x00000006   Data   RO          136    .constdata          retarget.o
    0x00107bca   0x00000007   Data   RO          137    .constdata          retarget.o
    0x00107bd1   0x00000007   Data   RO          138    .constdata          retarget.o
    0x00107bd8   0x000000a9   Data   RO          435    .constdata          FS_ARM_L.lib(fs_fat.o)
    0x00107c81   0x00000028   Data   RO         1058    .constdata          c_t.l(_printf_hex_ptr.o)
    0x00107ca9   0x00000011   Data   RO         1087    .constdata          c_t.l(__printf_flags_ss_wp.o)
    0x00107cba   0x00000002   PAD
    0x00107cbc   0x00000020   Data   RO         1537    Region$$Table       anon$$obj.o
    0x00107cdc   0x00000110   Data   RO         1364    locale$$data        c_t.l(lc_ctype_c.o)


    Execution Region RW_IRAM1 (Base: 0x00200000, Size: 0x00002e30, Max: 0x00010000, ABSOLUTE)

    Base Addr    Size         Type   Attr      Idx    E Section Name        Object

    0x00200000   0x00000003   Data   RW           28    .data               sd_file.o
    0x00200003   0x00000001   PAD
    0x00200004   0x00000014   Data   RW          436    .data               FS_ARM_L.lib(fs_fat.o)
    0x00200018   0x00000001   Data   RW          954    .data               FS_ARM_L.lib(fs_mmc.o)
    0x00200019   0x00000003   PAD
    0x0020001c   0x00000004   Data   RW         1117    .data               c_t.l(stdio_streams.o)
    0x00200020   0x00000004   Data   RW         1118    .data               c_t.l(stdio_streams.o)
    0x00200024   0x00000004   Data   RW         1119    .data               c_t.l(stdio_streams.o)
    0x00200028   0x000000a0   Zero   RW           26    .bss                sd_file.o
    0x002000c8   0x00000340   Zero   RW           75    .bss                file_config.o
    0x00200408   0x00001400   Zero   RW           76    .bss                file_config.o
    0x00201808   0x00000154   Zero   RW          434    .bss                FS_ARM_L.lib(fs_fat.o)
    0x0020195c   0x00000050   Zero   RW         1114    .bss                c_t.l(stdio_streams.o)
    0x002019ac   0x00000050   Zero   RW         1115    .bss                c_t.l(stdio_streams.o)
    0x002019fc   0x00000050   Zero   RW         1116    .bss                c_t.l(stdio_streams.o)
    0x00201a4c   0x00000060   Zero   RW         1432    .bss                c_t.l(libspace.o)
    0x00201aac   0x00000004   PAD
    0x00201ab0   0x00001000   Zero   RW           67    HEAP                sam7.o
    0x00202ab0   0x00000380   Zero   RW           66    STACK               sam7.o


==============================================================================

Image component sizes


      Code (inc. data)   RO Data    RW Data    ZI Data      Debug   Object Name

         0          0         52          0       5952       4394   file_config.o
       148          6          0          0          0       6678   getline.o
       344         34         20          0          0       7173   retarget.o
       372         88          0          0       4992        452   sam7.o
      3438       1252       1476          3        160       9539   sd_file.o
       148         22          0          0          0        746   serial.o
       160         16          0          0          0        912   spi_sam7x.o

    ----------------------------------------------------------------------
      4622       1422       1584          4      11104      29894   Object Totals
        12          4         32          0          0          0   (incl. Generated)
         0          0          4          1          0          0   (incl. Padding)

    ----------------------------------------------------------------------

      Code (inc. data)   RO Data    RW Data    ZI Data      Debug   Library Member Name

       124         10          0          0          0        823   _fs_fclose.o
       288          0          0          0          0       1287   _fs_fcreate.o
       134          0          0          0          0        935   _fs_fdelete.o
       196          8          0          0          0       1165   _fs_ffind.o
      1156         30          0          0          0      10072   _fs_flashio.o
       136         10          0          0          0        809   _fs_flushbuf.o
       360         18          0          0          0       7839   _fs_fopen.o
        82          0          0          0          0        855   _fs_frename.o
       176          4          0          0          0       1181   _fs_getfsize.o
       172          8          0          0          0       1137   _fs_read.o
       236         10          0          0          0       1260   _fs_setfpos.o
       248         10          0          0          0       1150   _fs_write.o
      9750        580        169         20        340      46754   fs_fat.o
       132         12          0          0          0        842   fs_fdelete.o
       472         18          0          0          0       1888   fs_ffind.o
       176         16          0          0          0        990   fs_fformat.o
       144         12          0          0          0        916   fs_ffree.o
        64         12          0          0          0       7009   fs_finit.o
        28          0          0          0          0       3170   fs_flashprg.o
       256         14          0          0          0       7663   fs_frename.o
       324         44          0          0          0       3899   fs_lib.o
      1360         54          0          1          0       7010   fs_mmc.o
        14          4          0          0          0        768   fs_time.o
        64         10          0          0          0         84   __0sscanf.o
        22          0          0          0          0         84   __2fprintf.o
        28          6          0          0          0         84   __2printf.o
        44          4          0          0          0         84   __2sprintf.o
         8          0          0          0          0         68   __main.o
         2          0          0          0          0         60   __printf.o
       412          4         17          0          0         92   __printf_flags_ss_wp.o
        14          0          0          0          0         60   __printf_wp.o
        60          8          0          0          0          0   __scatter.o
        40          0          0          0          0          0   __scatter_copy.o
        44          0          0          0          0          0   __scatter_zi.o
        30          0          0          0          0         60   _chval.o
        58          0          0          0          0        112   _printf_char.o
        48          4          0          0          0         96   _printf_char_common.o
        44          6          0          0          0         88   _printf_char_file.o
        48          0          0          0          0         60   _printf_charcount.o
         8          0          0          0          0          0   _printf_d.o
       120         18          0          0          0         88   _printf_dec.o
        96          6         40          0          0         84   _printf_hex_ptr.o
       186          0          0          0          0        100   _printf_intcommon.o
         8          0          0          0          0          0   _printf_n.o
         8          0          0          0          0          0   _printf_p.o
        86          0          0          0          0        116   _printf_pad.o
         4          0          0          0          0          0   _printf_percent.o
         8          0          0          0          0          0   _printf_percent_end.o
         8          0          0          0          0          0   _printf_s.o
        88          0          0          0          0         84   _printf_str.o
       960         12          0          0          0        100   _scanf.o
       348          0          0          0          0        100   _scanf_int.o
        70          0          0          0          0         76   _sgetc.o
        10          0          0          0          0         60   _sputc.o
        20          0          0          0          0         68   aeabi_memset.o
       428          0          0          0          0        148   aeabi_sdiv.o
        16          0          0          0          0         80   defsig_exit.o
        56          0          0          0          0         84   defsig_general.o
        84         58          0          0          0         80   defsig_rtmem_inner.o
        16          0          0          0          0         80   defsig_rtmem_outer.o
        56         38          0          0          0         80   defsig_rtred_inner.o
        16          0          0          0          0         80   defsig_rtred_outer.o
        12          0          0          0          0         64   exit.o
        80          4          0          0          0         92   fclose.o
         8          0          0          0          0         60   ferror.o
       108          4          0          0          0        116   fflush.o
        32          0          0          0          0         80   fgetc.o
       604         12          0          0          0        152   filbuf.o
       504          8          0          0          0         92   flsbuf.o
        60         10          0          0          0         84   flushlinebuffered.o
       240          8          0          0          0        140   fopen.o
        36          0          0          0          0         80   fputc.o
        38          0          0          0          0         88   fputs.o
       308          0          0          0          0        100   freadfast.o
       248          4          0          0          0         92   fseek.o
        70          0          0          0          0         80   ftell.o
       204          0          0          0          0        100   fwritefast.o
       110          0          0          0          0        116   h1_alloc.o
        56          0          0          0          0         80   h1_extend.o
        84          0          0          0          0        100   h1_free.o
        14          0          0          0          0         76   h1_init.o
         6          0          0          0          0        136   heapauxi.o
         4          0          0          0          0        120   hguard.o
       148          0          0          0          0        192   init_alloc.o
       324         44          0          0          0        120   initio.o
        22          0          0          0          0         80   isspace.o
        84          8        272          0          0         92   lc_ctype_c.o
        14          0          0          0          0          0   libinit.o
        42          0          0          0          0          0   libinit2.o
        12          0          0          0          0          0   libshutdown.o
        10          0          0          0          0          0   libshutdown2.o
        12          4          0          0         96         68   libspace.o
       724         64          0          0          0        164   lludiv.o
         0          0          0          0          0          0   maybetermalloc1.o
        12          0          0          0          0         80   putc.o
        28          4          0          0          0         84   rt_ctype_table.o
        16          4          0          0          0         68   rt_errno_addr_intlibspace.o
        12          4          0          0          0         68   rt_fp_status_addr_intlibspace.o
        16          4          0          0          0         68   rt_heap_descriptor_intlibspace.o
        16          4          0          0          0         68   rt_locale_intlibspace.o
        68          0          0          0          0         68   rt_memclr.o
        88          0          0          0          0         80   rt_memclr_w.o
       216          0          0          0          0         68   rt_memcpy.o
       104          0          0          0          0         80   rt_memcpy_w.o
         0          0          0          0          0          0   rtentry.o
        44          4          0          0          0          0   rtentry2.o
         8          0          0          0          0          0   rtentry4.o
         8          0          0          0          0          0   rtexit.o
        12          0          0          0          0          0   rtexit2.o
        48          0          0          0          0         68   rtudiv10.o
        56         10          0          0          0         96   scanf_char.o
        80          6          0          0          0         80   setvbuf.o
       252          8          0          0          0        184   stdio.o
         0          0          0         12        240          0   stdio_streams.o
        24          0          0          0          0         60   strcat.o
       164          4          0          0          0         80   strcmp.o
        80          6          0          0          0         76   strcpy.o
        68          4          0          0          0         76   strlen.o
        96          0          0          0          0         80   sys_stackheap_outer.o
        34          0          0          0          0         80   toupper.o
         4          0          0          0          0         68   use_no_semi.o
        28          0          0          0          0         80   fpinit.o

    ----------------------------------------------------------------------
     25530       1280        500         36        680     116486   Library Totals
        36          0          2          3          4          0   (incl. Padding)

    ----------------------------------------------------------------------

      Code (inc. data)   RO Data    RW Data    ZI Data      Debug   Library Name

     16028        874        169         21        340     109422   FS_ARM_L.lib
      9438        406        329         12        336       6984   c_t.l
        28          0          0          0          0         80   fz_ts.l

    ----------------------------------------------------------------------
     25530       1280        500         36        680     116486   Library Totals

    ----------------------------------------------------------------------

==============================================================================


      Code (inc. data)   RO Data    RW Data    ZI Data      Debug   

     30152       2702       2084         40      11784     137464   Grand Totals
     30152       2702       2084         40      11784     137464   ELF Image Totals
     30152       2702       2084         40          0          0   ROM Totals

==============================================================================

    Total RO  Size (Code + RO Data)                32236 (  31.48kB)
    Total RW  Size (RW Data + ZI Data)             11824 (  11.55kB)
    Total ROM Size (Code + RO Data + RW Data)      32276 (  31.52kB)

==============================================================================

