<html>
<body>
<pre>
<h1>µVision Build Log</h1>
<h2>Project:</h2>
F:\Educational\BSC Project\Hashem\ARMtest.uvproj
Project File Date:  07/10/2014

<h2>Output:</h2>
Rebuild target 'Target 1'
assembling SAM7.s...
compiling main.c...
main.c(5): error:  #5: cannot open source input file "AT91SAM7X-EK.h": No such file or directory
Target not created
Rebuild target 'Target 1'
assembling SAM7.s...
compiling main.c...
main.c(5): error:  #5: cannot open source input file "AT91SAM7X-EK.h": No such file or directory
Target not created
Rebuild target 'Target 1'
assembling SAM7.s...
compiling main.c...
main.c(5): error:  #5: cannot open source input file "AT91SAM7X-EK.h": No such file or directory
Target not created
Rebuild target 'Target 1'
assembling SAM7.s...
compiling main.c...
main.c(5): error:  #5: cannot open source input file "AT91SAM7X-EK.h": No such file or directory
Target not created
Rebuild target 'Target 1'
assembling SAM7.s...
compiling main.c...
main.c(5): error:  #5: cannot open source input file "AT91SAM7X-EK.h": No such file or directory
Target not created
Rebuild target 'Target 1'
assembling SAM7.s...
compiling main.c...
main.c(5): error:  #5: cannot open source input file "AT91SAM7X-EK.h": No such file or directory
Target not created
Rebuild target 'Target 1'
assembling SAM7.s...
compiling main.c...
main.c(5): error:  #5: cannot open source input file "AT91SAM7X-EK.h": No such file or directory
Target not created
Rebuild target 'Target 1'
assembling SAM7.s...
compiling main.c...
main.c(5): error:  #5: cannot open source input file "AT91SAM7X-EK.h": No such file or directory
Target not created
Build target 'Target 1'
compiling main.c...
main.c(5): error:  #5: cannot open source input file "AT91SAM7X-EK.h": No such file or directory
Target not created
Build target 'Target 1'
compiling main.c...
main.c(11): warning:  #1-D: last line of file ends without a newline
linking...
Program Size: Code=808 RO-data=16 RW-data=0 ZI-data=1256  
"ARMtest.axf" - 0 Error(s), 1 Warning(s).
Build target 'Target 1'
compiling main.c...
main.c(11): warning:  #1-D: last line of file ends without a newline
linking...
Program Size: Code=808 RO-data=16 RW-data=0 ZI-data=1256  
"ARMtest.axf" - 0 Error(s), 1 Warning(s).
Build target 'Target 1'
linking...
Program Size: Code=808 RO-data=16 RW-data=0 ZI-data=1256  
"ARMtest.axf" - 0 Error(s), 0 Warning(s).
Build target 'Target 1'
linking...
Program Size: Code=808 RO-data=16 RW-data=0 ZI-data=1256  
"ARMtest.axf" - 0 Error(s), 0 Warning(s).
Build target 'Target 1'
compiling main.c...
main.c(217): error:  #20: identifier "AT91B_SW6" is undefined
main.c(221): error:  #20: identifier "AT91B_SW7" is undefined
Target not created
Build target 'Target 1'
compiling main.c...
linking...
ARMtest.axf: Error: L6218E: Undefined symbol main (referred from rtentry2.o).
Target not created
Build target 'Target 1'
compiling main.c...
main.c(217): error:  #20: identifier "AT91B_SW6" is undefined
main.c(221): error:  #20: identifier "AT91B_SW7" is undefined
Target not created
Build target 'Target 1'
compiling main.c...
main.c(11): warning:  #1-D: last line of file ends without a newline
linking...
Program Size: Code=808 RO-data=16 RW-data=0 ZI-data=1256  
"ARMtest.axf" - 0 Error(s), 1 Warning(s).
Build target 'Target 1'
compiling main.c...
main.c(11): warning:  #1-D: last line of file ends without a newline
Web.inp: error - custom translator properties not set
Target not created
