ARM Linker, 4.1 [Build 894] [Standard]

==============================================================================

Section Cross References

    sam7.o(STACK) refers (Special) to heapauxi.o(.text) for __use_two_region_memory
    sam7.o(HEAP) refers (Special) to heapauxi.o(.text) for __use_two_region_memory
    sam7.o(RESET) refers (Special) to heapauxi.o(.text) for __use_two_region_memory
    sam7.o(RESET) refers to sam7.o(STACK) for Stack_Top
    sam7.o(RESET) refers to __main.o(!!!main) for __main
    sam7.o(.text) refers (Special) to heapauxi.o(.text) for __use_two_region_memory
    sam7.o(.text) refers to sam7.o(HEAP) for Heap_Mem
    sam7.o(.text) refers to sam7.o(STACK) for Stack_Mem
    test.o(.text) refers to _printf_percent.o(.ARM.Collect$$_printf_percent$$00000000) for _printf_percent
    test.o(.text) refers to _printf_d.o(.ARM.Collect$$_printf_percent$$00000009) for _printf_d
    test.o(.text) refers to _printf_dec.o(.text) for _printf_int_dec
    test.o(.text) refers to aeabi_sdiv.o(.text_udiv) for __aeabi_uidivmod
    test.o(.text) refers to test.o(.emb_text) for wait
    test.o(.text) refers to aeabi_sdiv.o(.text) for __aeabi_idivmod
    test.o(.text) refers to test.o(.data) for .data
    test.o(.text) refers to test.o(.constdata) for .constdata
    test.o(.text) refers to noretval__2sprintf.o(.text) for __2sprintf
    test.o(.text) refers to test.o(.bss) for .bss
    __2sprintf.o(.text) refers to _printf_char_common.o(.text) for _printf_char_common
    __2sprintf.o(.text) refers to _sputc.o(.text) for _sputc
    noretval__2sprintf.o(.text) refers to _printf_char_common.o(.text) for _printf_char_common
    noretval__2sprintf.o(.text) refers to _sputc.o(.text) for _sputc
    __printf.o(.text) refers to __printf.o(i.__ARM_common_call_via_r1) for __ARM_common_call_via_r1
    __printf.o(.text) refers to _printf_percent.o(.ARM.Collect$$_printf_percent$$00000000) for _printf_percent
    __printf.o(.text) refers to __printf.o(i.__ARM_common_call_via_r2) for __ARM_common_call_via_r2
    _printf_dec.o(.text) refers to rtudiv10.o(.text) for __rt_udiv10
    _printf_dec.o(.text) refers to _printf_intcommon.o(.text) for _printf_int_common
    __printf_flags.o(.text) refers to __printf.o(i.__ARM_common_call_via_r1) for __ARM_common_call_via_r1
    __printf_flags.o(.text) refers to _printf_percent.o(.ARM.Collect$$_printf_percent$$00000000) for _printf_percent
    __printf_flags.o(.text) refers to __printf.o(i.__ARM_common_call_via_r2) for __ARM_common_call_via_r2
    __printf_flags.o(.text) refers to __printf_flags.o(.constdata) for .constdata
    __printf_ss.o(.text) refers to __printf.o(i.__ARM_common_call_via_r1) for __ARM_common_call_via_r1
    __printf_ss.o(.text) refers to _printf_percent.o(.ARM.Collect$$_printf_percent$$00000000) for _printf_percent
    __printf_ss.o(.text) refers to __printf.o(i.__ARM_common_call_via_r2) for __ARM_common_call_via_r2
    __printf_flags_ss.o(.text) refers to __printf.o(i.__ARM_common_call_via_r1) for __ARM_common_call_via_r1
    __printf_flags_ss.o(.text) refers to _printf_percent.o(.ARM.Collect$$_printf_percent$$00000000) for _printf_percent
    __printf_flags_ss.o(.text) refers to __printf.o(i.__ARM_common_call_via_r2) for __ARM_common_call_via_r2
    __printf_flags_ss.o(.text) refers to __printf_flags_ss.o(.constdata) for .constdata
    __printf_wp.o(.text) refers to __printf.o(i.__ARM_common_call_via_r1) for __ARM_common_call_via_r1
    __printf_wp.o(.text) refers to __printf_wp.o(i._is_digit) for _is_digit
    __printf_wp.o(.text) refers to _printf_percent.o(.ARM.Collect$$_printf_percent$$00000000) for _printf_percent
    __printf_wp.o(.text) refers to __printf.o(i.__ARM_common_call_via_r2) for __ARM_common_call_via_r2
    __printf_flags_wp.o(.text) refers to __printf.o(i.__ARM_common_call_via_r1) for __ARM_common_call_via_r1
    __printf_flags_wp.o(.text) refers to __printf_wp.o(i._is_digit) for _is_digit
    __printf_flags_wp.o(.text) refers to _printf_percent.o(.ARM.Collect$$_printf_percent$$00000000) for _printf_percent
    __printf_flags_wp.o(.text) refers to __printf.o(i.__ARM_common_call_via_r2) for __ARM_common_call_via_r2
    __printf_flags_wp.o(.text) refers to __printf_flags_wp.o(.constdata) for .constdata
    __printf_ss_wp.o(.text) refers to __printf.o(i.__ARM_common_call_via_r1) for __ARM_common_call_via_r1
    __printf_ss_wp.o(.text) refers to __printf_wp.o(i._is_digit) for _is_digit
    __printf_ss_wp.o(.text) refers to _printf_percent.o(.ARM.Collect$$_printf_percent$$00000000) for _printf_percent
    __printf_ss_wp.o(.text) refers to __printf.o(i.__ARM_common_call_via_r2) for __ARM_common_call_via_r2
    __printf_flags_ss_wp.o(.text) refers to __printf.o(i.__ARM_common_call_via_r1) for __ARM_common_call_via_r1
    __printf_flags_ss_wp.o(.text) refers to __printf_wp.o(i._is_digit) for _is_digit
    __printf_flags_ss_wp.o(.text) refers to _printf_percent.o(.ARM.Collect$$_printf_percent$$00000000) for _printf_percent
    __printf_flags_ss_wp.o(.text) refers to __printf.o(i.__ARM_common_call_via_r2) for __ARM_common_call_via_r2
    __printf_flags_ss_wp.o(.text) refers to __printf_flags_ss_wp.o(.constdata) for .constdata
    _printf_d.o(.ARM.Collect$$_printf_percent$$00000009) refers (Weak) to _printf_dec.o(.text) for _printf_int_dec
    _printf_percent.o(.ARM.Collect$$_printf_percent$$00000000) refers (Special) to _printf_percent_end.o(.ARM.Collect$$_printf_percent$$00000017) for _printf_percent_end
    aeabi_sdiv.o(.text_udiv) refers to aeabi_sdiv.o(.text) for __arm_div2
    aeabi_sdiv_div0.o(.text_udiv) refers to aeabi_sdiv_div0.o(.text) for __arm_div2
    __main.o(!!!main) refers to rtentry.o(.ARM.Collect$$rtentry$$00000000) for __rt_entry
    rtentry.o(.ARM.Collect$$rtentry$$00000000) refers (Special) to rtentry2.o(.ARM.Collect$$rtentry$$0000000A) for __rt_entry_li
    rtentry.o(.ARM.Collect$$rtentry$$00000000) refers (Special) to rtentry2.o(.ARM.Collect$$rtentry$$0000000D) for __rt_entry_main
    rtentry.o(.ARM.Collect$$rtentry$$00000000) refers (Special) to rtentry2.o(.ARM.Collect$$rtentry$$0000000C) for __rt_entry_postli_1
    rtentry.o(.ARM.Collect$$rtentry$$00000000) refers (Special) to rtentry2.o(.ARM.Collect$$rtentry$$00000009) for __rt_entry_postsh_1
    rtentry.o(.ARM.Collect$$rtentry$$00000000) refers (Special) to rtentry2.o(.ARM.Collect$$rtentry$$00000002) for __rt_entry_presh_1
    rtentry.o(.ARM.Collect$$rtentry$$00000000) refers (Special) to rtentry4.o(.ARM.Collect$$rtentry$$00000004) for __rt_entry_sh
    aeabi_idiv0_sigfpe.o(.text) refers to rt_div0.o(.text) for __rt_div0
    _printf_intcommon.o(.text) refers to __printf.o(i.__ARM_common_call_via_r2) for __ARM_common_call_via_r2
    _printf_char_common.o(.text) refers to __printf.o(.text) for __printf
    rtentry2.o(.ARM.Collect$$rtentry$$00000008) refers to boardinit2.o(.text) for _platform_post_stackheap_init
    rtentry2.o(.ARM.Collect$$rtentry$$0000000A) refers to libinit.o(.ARM.Collect$$libinit$$00000000) for __rt_lib_init
    rtentry2.o(.ARM.Collect$$rtentry$$0000000B) refers to boardinit3.o(.text) for _platform_post_lib_init
    rtentry2.o(.ARM.Collect$$rtentry$$0000000D) refers to exit.o(.text) for exit
    rtentry2.o(.ARM.Collect$$rtentry$$0000000D) refers to test.o(.text) for main
    rtentry2.o(.ARM.exidx) refers to rtentry2.o(.ARM.Collect$$rtentry$$00000001) for .ARM.Collect$$rtentry$$00000001
    rtentry2.o(.ARM.exidx) refers to rtentry2.o(.ARM.Collect$$rtentry$$00000008) for .ARM.Collect$$rtentry$$00000008
    rtentry2.o(.ARM.exidx) refers to rtentry2.o(.ARM.Collect$$rtentry$$0000000A) for .ARM.Collect$$rtentry$$0000000A
    rtentry2.o(.ARM.exidx) refers to rtentry2.o(.ARM.Collect$$rtentry$$0000000B) for .ARM.Collect$$rtentry$$0000000B
    rtentry2.o(.ARM.exidx) refers to rtentry2.o(.ARM.Collect$$rtentry$$0000000D) for .ARM.Collect$$rtentry$$0000000D
    rtentry4.o(.ARM.Collect$$rtentry$$00000004) refers to sys_stackheap_outer.o(.text) for __user_setup_stackheap
    rtentry4.o(.ARM.exidx) refers to rtentry4.o(.ARM.Collect$$rtentry$$00000004) for .ARM.Collect$$rtentry$$00000004
    rt_div0.o(.text) refers to defsig_fpe_outer.o(.text) for __rt_SIGFPE
    __printf_nopercent.o(.text) refers to __printf_nopercent.o(i.__ARM_common_call_via_r7) for __ARM_common_call_via_r7
    __printf_nopercent.o(.text) refers to __printf_nopercent.o(i.__ARM_common_call_via_r5) for __ARM_common_call_via_r5
    sys_stackheap_outer.o(.text) refers to libspace.o(.text) for __user_perproc_libspace
    sys_stackheap_outer.o(.text) refers to sam7.o(.text) for __user_initial_stackheap
    exit.o(.text) refers to rtexit.o(.ARM.Collect$$rtexit$$00000000) for __rt_exit
    defsig_fpe_outer.o(.text) refers to defsig_fpe_inner.o(.text) for __rt_SIGFPE_inner
    defsig_fpe_outer.o(.text) refers to defsig_exit.o(.text) for __sig_exit
    defsig_fpe_formal.o(.text) refers to rt_raise.o(.text) for __rt_raise
    libinit.o(.ARM.Collect$$libinit$$00000000) refers (Special) to libinit2.o(.ARM.Collect$$libinit$$0000002A) for __rt_lib_init_alloca_1
    libinit.o(.ARM.Collect$$libinit$$00000000) refers (Special) to libinit2.o(.ARM.Collect$$libinit$$00000028) for __rt_lib_init_argv_1
    libinit.o(.ARM.Collect$$libinit$$00000000) refers (Special) to libinit2.o(.ARM.Collect$$libinit$$00000017) for __rt_lib_init_atexit_1
    libinit.o(.ARM.Collect$$libinit$$00000000) refers (Special) to libinit2.o(.ARM.Collect$$libinit$$0000001D) for __rt_lib_init_clock_1
    libinit.o(.ARM.Collect$$libinit$$00000000) refers (Special) to libinit2.o(.ARM.Collect$$libinit$$0000002E) for __rt_lib_init_cpp_1
    libinit.o(.ARM.Collect$$libinit$$00000000) refers (Special) to libinit2.o(.ARM.Collect$$libinit$$0000002C) for __rt_lib_init_exceptions_1
    libinit.o(.ARM.Collect$$libinit$$00000000) refers (Special) to libinit2.o(.ARM.Collect$$libinit$$0000001B) for __rt_lib_init_fp_trap_1
    libinit.o(.ARM.Collect$$libinit$$00000000) refers (Special) to libinit2.o(.ARM.Collect$$libinit$$0000001F) for __rt_lib_init_getenv_1
    libinit.o(.ARM.Collect$$libinit$$00000000) refers (Special) to libinit2.o(.ARM.Collect$$libinit$$00000006) for __rt_lib_init_heap_1
    libinit.o(.ARM.Collect$$libinit$$00000000) refers (Special) to libinit2.o(.ARM.Collect$$libinit$$0000000D) for __rt_lib_init_lc_collate_1
    libinit.o(.ARM.Collect$$libinit$$00000000) refers (Special) to libinit2.o(.ARM.Collect$$libinit$$0000000F) for __rt_lib_init_lc_ctype_1
    libinit.o(.ARM.Collect$$libinit$$00000000) refers (Special) to libinit2.o(.ARM.Collect$$libinit$$00000011) for __rt_lib_init_lc_monetary_1
    libinit.o(.ARM.Collect$$libinit$$00000000) refers (Special) to libinit2.o(.ARM.Collect$$libinit$$00000013) for __rt_lib_init_lc_numeric_1
    libinit.o(.ARM.Collect$$libinit$$00000000) refers (Special) to libinit2.o(.ARM.Collect$$libinit$$00000015) for __rt_lib_init_lc_time_1
    libinit.o(.ARM.Collect$$libinit$$00000000) refers (Special) to libinit2.o(.ARM.Collect$$libinit$$0000000A) for __rt_lib_init_rand_1
    libinit.o(.ARM.Collect$$libinit$$00000000) refers (Special) to libinit2.o(.ARM.Collect$$libinit$$0000002F) for __rt_lib_init_return
    libinit.o(.ARM.Collect$$libinit$$00000000) refers (Special) to libinit2.o(.ARM.Collect$$libinit$$00000019) for __rt_lib_init_signal_1
    libinit.o(.ARM.Collect$$libinit$$00000000) refers (Special) to libinit2.o(.ARM.Collect$$libinit$$00000021) for __rt_lib_init_stdio_1
    libinit.o(.ARM.Collect$$libinit$$00000000) refers (Special) to libinit2.o(.ARM.Collect$$libinit$$00000008) for __rt_lib_init_user_alloc_1
    libinit.o(.ARM.Collect$$libinit$$00000000) refers to fpinit.o(x$fpl$fpinit) for _fp_init
    libspace.o(.text) refers to libspace.o(.bss) for __libspace_start
    rtexit.o(.ARM.Collect$$rtexit$$00000000) refers (Special) to rtexit2.o(.ARM.Collect$$rtexit$$00000004) for __rt_exit_exit
    rtexit.o(.ARM.Collect$$rtexit$$00000000) refers (Special) to rtexit2.o(.ARM.Collect$$rtexit$$00000003) for __rt_exit_ls
    rtexit.o(.ARM.Collect$$rtexit$$00000000) refers (Special) to rtexit2.o(.ARM.Collect$$rtexit$$00000002) for __rt_exit_prels_1
    rtexit.o(.ARM.exidx) refers (Special) to rtexit2.o(.ARM.Collect$$rtexit$$00000004) for __rt_exit_exit
    rtexit.o(.ARM.exidx) refers (Special) to rtexit2.o(.ARM.Collect$$rtexit$$00000003) for __rt_exit_ls
    rtexit.o(.ARM.exidx) refers (Special) to rtexit2.o(.ARM.Collect$$rtexit$$00000002) for __rt_exit_prels_1
    rtexit.o(.ARM.exidx) refers to rtexit.o(.ARM.Collect$$rtexit$$00000000) for .ARM.Collect$$rtexit$$00000000
    rt_raise.o(.text) refers to __raise.o(.text) for __raise
    rt_raise.o(.text) refers to sys_exit.o(.text) for _sys_exit
    defsig_exit.o(.text) refers to sys_exit.o(.text) for _sys_exit
    defsig_fpe_inner.o(.text) refers to defsig_general.o(.text) for __default_signal_display
    libinit2.o(.ARM.Collect$$libinit$$0000000C) refers to libinit2.o(.ARM.Collect$$libinit$$0000000B) for .ARM.Collect$$libinit$$0000000B
    libinit2.o(.ARM.Collect$$libinit$$0000000E) refers to libinit2.o(.ARM.Collect$$libinit$$0000000B) for .ARM.Collect$$libinit$$0000000B
    libinit2.o(.ARM.Collect$$libinit$$00000010) refers to libinit2.o(.ARM.Collect$$libinit$$0000000B) for .ARM.Collect$$libinit$$0000000B
    libinit2.o(.ARM.Collect$$libinit$$00000012) refers to libinit2.o(.ARM.Collect$$libinit$$0000000B) for .ARM.Collect$$libinit$$0000000B
    libinit2.o(.ARM.Collect$$libinit$$00000014) refers to libinit2.o(.ARM.Collect$$libinit$$0000000B) for .ARM.Collect$$libinit$$0000000B
    libinit2.o(.ARM.Collect$$libinit$$00000022) refers to argv_veneer.o(.emb_text) for __ARM_argv_veneer
    libinit2.o(.ARM.Collect$$libinit$$00000023) refers to argv_veneer.o(.emb_text) for __ARM_argv_veneer
    fpinit.o(x$fpl$fpinit) refers to rt_fp_status_addr_intlibspace.o(.text) for __rt_fp_status_addr
    sys_exit.o(.text) refers (Special) to use_no_semi.o(.text) for __I$use$semihosting
    sys_exit.o(.text) refers (Special) to indicate_semi.o(.text) for __semihosting_library_function
    rtexit2.o(.ARM.Collect$$rtexit$$00000003) refers to libshutdown.o(.ARM.Collect$$libshutdown$$00000000) for __rt_lib_shutdown
    rtexit2.o(.ARM.Collect$$rtexit$$00000004) refers to sys_exit.o(.text) for _sys_exit
    rtexit2.o(.ARM.exidx) refers to rtexit2.o(.ARM.Collect$$rtexit$$00000001) for .ARM.Collect$$rtexit$$00000001
    rtexit2.o(.ARM.exidx) refers to rtexit2.o(.ARM.Collect$$rtexit$$00000003) for .ARM.Collect$$rtexit$$00000003
    rtexit2.o(.ARM.exidx) refers to rtexit2.o(.ARM.Collect$$rtexit$$00000004) for .ARM.Collect$$rtexit$$00000004
    rt_fp_status_addr.o(.text) refers to rt_fp_status_addr.o(.bss) for __rt_fp_status_addr_data
    rt_fp_status_addr_intlibspace.o(.text) refers to libspace.o(.bss) for __libspace_start
    __raise.o(.text) refers to __printf.o(i.__ARM_common_call_via_r2) for __ARM_common_call_via_r2
    __raise.o(.text) refers to defsig.o(CL$$defsig) for __default_signal_handler
    defsig_general.o(.text) refers to sys_wrch.o(.text) for _ttywrch
    argv_veneer.o(.emb_text) refers to no_argv.o(.text) for __ARM_get_argv
    sys_wrch.o(.text) refers (Special) to use_no_semi.o(.text) for __I$use$semihosting
    sys_wrch.o(.text) refers (Special) to indicate_semi.o(.text) for __semihosting_library_function
    defsig.o(CL$$defsig) refers to defsig_fpe_inner.o(.text) for __rt_SIGFPE_inner
    defsig.o(CL$$defsig) refers to defsig_rtmem_inner.o(.text) for __rt_SIGRTMEM_inner
    _get_argv_nomalloc.o(.text) refers (Special) to hrguard.o(.text) for __heap_region$guard
    _get_argv_nomalloc.o(.text) refers to defsig_rtmem_outer.o(.text) for __rt_SIGRTMEM
    _get_argv_nomalloc.o(.text) refers to sys_command.o(.text) for _sys_command_string
    libshutdown.o(.ARM.Collect$$libshutdown$$00000000) refers (Special) to libshutdown2.o(.ARM.Collect$$libshutdown$$00000006) for __rt_lib_shutdown_fp_trap_1
    libshutdown.o(.ARM.Collect$$libshutdown$$00000000) refers (Special) to libshutdown2.o(.ARM.Collect$$libshutdown$$0000000E) for __rt_lib_shutdown_heap_1
    libshutdown.o(.ARM.Collect$$libshutdown$$00000000) refers (Special) to libshutdown2.o(.ARM.Collect$$libshutdown$$0000000F) for __rt_lib_shutdown_return
    libshutdown.o(.ARM.Collect$$libshutdown$$00000000) refers (Special) to libshutdown2.o(.ARM.Collect$$libshutdown$$00000009) for __rt_lib_shutdown_signal_1
    libshutdown.o(.ARM.Collect$$libshutdown$$00000000) refers (Special) to libshutdown2.o(.ARM.Collect$$libshutdown$$00000003) for __rt_lib_shutdown_stdio_1
    libshutdown.o(.ARM.Collect$$libshutdown$$00000000) refers (Special) to libshutdown2.o(.ARM.Collect$$libshutdown$$0000000B) for __rt_lib_shutdown_user_alloc_1
    sys_command.o(.text) refers (Special) to use_no_semi.o(.text) for __I$use$semihosting
    sys_command.o(.text) refers (Special) to indicate_semi.o(.text) for __semihosting_library_function
    defsig_abrt_inner.o(.text) refers to defsig_general.o(.text) for __default_signal_display
    defsig_rtred_inner.o(.text) refers to defsig_general.o(.text) for __default_signal_display
    defsig_rtmem_inner.o(.text) refers to defsig_general.o(.text) for __default_signal_display
    defsig_rtmem_outer.o(.text) refers to defsig_rtmem_inner.o(.text) for __rt_SIGRTMEM_inner
    defsig_rtmem_outer.o(.text) refers to defsig_exit.o(.text) for __sig_exit
    defsig_rtmem_formal.o(.text) refers to rt_raise.o(.text) for __rt_raise
    defsig_stak_inner.o(.text) refers to defsig_general.o(.text) for __default_signal_display
    defsig_pvfn_inner.o(.text) refers to defsig_general.o(.text) for __default_signal_display
    defsig_cppl_inner.o(.text) refers to defsig_general.o(.text) for __default_signal_display
    defsig_segv_inner.o(.text) refers to defsig_general.o(.text) for __default_signal_display
    defsig_other.o(.text) refers to defsig_general.o(.text) for __default_signal_display


==============================================================================

Adding Veneers to the image

    Adding TA veneer (4 bytes, Inline) for call to '_printf_percent' from __printf.o(.text).
    Adding AT veneer (8 bytes, Inline) for call to '__rt_lib_init' from rtentry2.o(.ARM.Collect$$rtentry$$0000000A).
    Adding AT veneer (8 bytes, Inline) for call to '__rt_lib_shutdown' from rtexit2.o(.ARM.Collect$$rtexit$$00000003).
    Adding TA veneer (4 bytes, Inline) for call to '__rt_exit' from exit.o(.text).
    Adding AT veneer (8 bytes, Inline) for call to '__2sprintf' from test.o(.text).
    Adding AT veneer (8 bytes, Inline) for call to '_printf_int_dec' from _printf_d.o(.ARM.Collect$$_printf_percent$$00000009).
    Adding TA veneer (4 bytes, Inline) for call to '__rt_udiv10' from _printf_dec.o(.text).
    Adding AT veneer (8 bytes, Inline) for call to '_sys_exit' from rtexit2.o(.ARM.Collect$$rtexit$$00000004).
    Adding TA veneer (4 bytes, Inline) for call to '_fp_init' from libinit.o(.ARM.Collect$$libinit$$00000000).

9 Veneer(s) (total 56 bytes) added to the image.

==============================================================================

Image Symbol Table

    Local Symbols

    Symbol Name                              Value     Ov Type        Size  Object(Section)

    ../../angel/boardlib.s                   0x00000000   Number         0  boardinit2.o ABSOLUTE
    ../../angel/boardlib.s                   0x00000000   Number         0  boardinit1.o ABSOLUTE
    ../../angel/boardlib.s                   0x00000000   Number         0  boardshut.o ABSOLUTE
    ../../angel/boardlib.s                   0x00000000   Number         0  boardinit3.o ABSOLUTE
    ../../angel/handlers.s                   0x00000000   Number         0  __scatter_copy.o ABSOLUTE
    ../../angel/handlers.s                   0x00000000   Number         0  __scatter_zi.o ABSOLUTE
    ../../angel/kernel.s                     0x00000000   Number         0  rtentry4.o ABSOLUTE
    ../../angel/kernel.s                     0x00000000   Number         0  rtexit2.o ABSOLUTE
    ../../angel/kernel.s                     0x00000000   Number         0  rtentry.o ABSOLUTE
    ../../angel/kernel.s                     0x00000000   Number         0  rtexit.o ABSOLUTE
    ../../angel/kernel.s                     0x00000000   Number         0  rtentry2.o ABSOLUTE
    ../../angel/rt.s                         0x00000000   Number         0  rt_div0.o ABSOLUTE
    ../../angel/rt.s                         0x00000000   Number         0  aeabi_idiv0_sigfpe.o ABSOLUTE
    ../../angel/rt.s                         0x00000000   Number         0  aeabi_idiv0.o ABSOLUTE
    ../../angel/rt.s                         0x00000000   Number         0  rt_fp_status_addr.o ABSOLUTE
    ../../angel/rt.s                         0x00000000   Number         0  rt_fp_status_addr_intlibspace.o ABSOLUTE
    ../../angel/rt.s                         0x00000000   Number         0  rt_raise.o ABSOLUTE
    ../../angel/scatter.s                    0x00000000   Number         0  __scatter.o ABSOLUTE
    ../../angel/startup.s                    0x00000000   Number         0  __main.o ABSOLUTE
    ../../angel/sys.s                        0x00000000   Number         0  sys_stackheap_outer.o ABSOLUTE
    ../../angel/sys.s                        0x00000000   Number         0  indicate_semi.o ABSOLUTE
    ../../angel/sys.s                        0x00000000   Number         0  use_no_semi.o ABSOLUTE
    ../../angel/sys.s                        0x00000000   Number         0  libspace.o ABSOLUTE
    ../../angel/sysapp.c                     0x00000000   Number         0  sys_command.o ABSOLUTE
    ../../angel/sysapp.c                     0x00000000   Number         0  sys_wrch.o ABSOLUTE
    ../../angel/sysapp.c                     0x00000000   Number         0  sys_exit.o ABSOLUTE
    ../../armsys.c                           0x00000000   Number         0  no_argv.o ABSOLUTE
    ../../armsys.c                           0x00000000   Number         0  _get_argv_nomalloc.o ABSOLUTE
    ../../armsys.c                           0x00000000   Number         0  argv_veneer.o ABSOLUTE
    ../../armsys.c                           0x00000000   Number         0  argv_veneer.o ABSOLUTE
    ../../division.s                         0x00000000   Number         0  aeabi_sdiv_div0.o ABSOLUTE
    ../../division.s                         0x00000000   Number         0  rtudiv10.o ABSOLUTE
    ../../division.s                         0x00000000   Number         0  aeabi_sdiv.o ABSOLUTE
    ../../divrt.s                            0x00000000   Number         0  divrt_7tdmi.o ABSOLUTE
    ../../divrt.s                            0x00000000   Number         0  divrt_7tdmi_div0.o ABSOLUTE
    ../../fpinit.s                           0x00000000   Number         0  fpinit.o ABSOLUTE
    ../../heapalloc.c                        0x00000000   Number         0  hrguard.o ABSOLUTE
    ../../heapaux.c                          0x00000000   Number         0  heapauxi.o ABSOLUTE
    ../../libinit.s                          0x00000000   Number         0  libinit2.o ABSOLUTE
    ../../libinit.s                          0x00000000   Number         0  libshutdown2.o ABSOLUTE
    ../../libinit.s                          0x00000000   Number         0  libshutdown.o ABSOLUTE
    ../../libinit.s                          0x00000000   Number         0  libinit.o ABSOLUTE
    ../../printf.c                           0x00000000   Number         0  __printf_nopercent.o ABSOLUTE
    ../../printf.c                           0x00000000   Number         0  __printf_flags.o ABSOLUTE
    ../../printf.c                           0x00000000   Number         0  _printf_dec.o ABSOLUTE
    ../../printf.c                           0x00000000   Number         0  __printf.o ABSOLUTE
    ../../printf.c                           0x00000000   Number         0  _printf_char_common.o ABSOLUTE
    ../../printf.c                           0x00000000   Number         0  _printf_intcommon.o ABSOLUTE
    ../../printf.c                           0x00000000   Number         0  noretval__2sprintf.o ABSOLUTE
    ../../printf.c                           0x00000000   Number         0  __2sprintf.o ABSOLUTE
    ../../printf.c                           0x00000000   Number         0  __printf_flags_ss_wp.o ABSOLUTE
    ../../printf.c                           0x00000000   Number         0  __printf_ss_wp.o ABSOLUTE
    ../../printf.c                           0x00000000   Number         0  __printf_wp.o ABSOLUTE
    ../../printf.c                           0x00000000   Number         0  __printf_flags_wp.o ABSOLUTE
    ../../printf.c                           0x00000000   Number         0  _sputc.o ABSOLUTE
    ../../printf.c                           0x00000000   Number         0  __printf_flags_ss.o ABSOLUTE
    ../../printf.c                           0x00000000   Number         0  __printf_ss.o ABSOLUTE
    ../../printf_percent.s                   0x00000000   Number         0  _printf_percent.o ABSOLUTE
    ../../printf_percent.s                   0x00000000   Number         0  _printf_percent_end.o ABSOLUTE
    ../../printf_percent.s                   0x00000000   Number         0  _printf_d.o ABSOLUTE
    ../../signal.c                           0x00000000   Number         0  defsig_fpe_formal.o ABSOLUTE
    ../../signal.c                           0x00000000   Number         0  defsig_other.o ABSOLUTE
    ../../signal.c                           0x00000000   Number         0  defsig_segv_inner.o ABSOLUTE
    ../../signal.c                           0x00000000   Number         0  defsig_pvfn_inner.o ABSOLUTE
    ../../signal.c                           0x00000000   Number         0  defsig_stak_inner.o ABSOLUTE
    ../../signal.c                           0x00000000   Number         0  defsig_fpe_outer.o ABSOLUTE
    ../../signal.c                           0x00000000   Number         0  defsig_cppl_inner.o ABSOLUTE
    ../../signal.c                           0x00000000   Number         0  defsig_rtmem_inner.o ABSOLUTE
    ../../signal.c                           0x00000000   Number         0  defsig_rtmem_outer.o ABSOLUTE
    ../../signal.c                           0x00000000   Number         0  defsig_exit.o ABSOLUTE
    ../../signal.c                           0x00000000   Number         0  defsig_general.o ABSOLUTE
    ../../signal.c                           0x00000000   Number         0  __raise.o ABSOLUTE
    ../../signal.c                           0x00000000   Number         0  defsig_rtred_inner.o ABSOLUTE
    ../../signal.c                           0x00000000   Number         0  defsig_rtmem_formal.o ABSOLUTE
    ../../signal.c                           0x00000000   Number         0  defsig_abrt_inner.o ABSOLUTE
    ../../signal.c                           0x00000000   Number         0  defsig_fpe_inner.o ABSOLUTE
    ../../signal.s                           0x00000000   Number         0  defsig.o ABSOLUTE
    ../../stdlib.c                           0x00000000   Number         0  exit.o ABSOLUTE
    SAM7.s                                   0x00000000   Number         0  sam7.o ABSOLUTE
    dc.s                                     0x00000000   Number         0  dc.o ABSOLUTE
    test.c                                   0x00000000   Number         0  test.o ABSOLUTE
    test.c                                   0x00000000   Number         0  test.o ABSOLUTE
    RESET                                    0x00100000   Section      336  sam7.o(RESET)
    Undef_Handler                            0x00100040   ARM Code       4  sam7.o(RESET)
    SWI_Handler                              0x00100044   ARM Code       4  sam7.o(RESET)
    PAbt_Handler                             0x00100048   ARM Code       4  sam7.o(RESET)
    DAbt_Handler                             0x0010004c   ARM Code       4  sam7.o(RESET)
    IRQ_Handler                              0x00100050   ARM Code       4  sam7.o(RESET)
    FIQ_Handler                              0x00100054   ARM Code       4  sam7.o(RESET)
    !!!main                                  0x00100150   Section        8  __main.o(!!!main)
    !!!scatter                               0x00100158   Section       60  __scatter.o(!!!scatter)
    !!handler_copy                           0x00100194   Section       40  __scatter_copy.o(!!handler_copy)
    !!handler_zi                             0x001001bc   Section       44  __scatter_zi.o(!!handler_zi)
    .ARM.Collect$$_printf_percent$$00000000  0x001001ec   Section        0  _printf_percent.o(.ARM.Collect$$_printf_percent$$00000000)
    .ARM.Collect$$_printf_percent$$00000009  0x001001ec   Section        8  _printf_d.o(.ARM.Collect$$_printf_percent$$00000009)
    .ARM.Collect$$_printf_percent$$00000017  0x001001f4   Section        8  _printf_percent_end.o(.ARM.Collect$$_printf_percent$$00000017)
    .ARM.Collect$$libinit$$00000000          0x00100204   Section        6  libinit.o(.ARM.Collect$$libinit$$00000000)
    .ARM.Collect$$libinit$$00000006          0x0010020a   Section        0  libinit2.o(.ARM.Collect$$libinit$$00000006)
    .ARM.Collect$$libinit$$00000008          0x0010020a   Section        0  libinit2.o(.ARM.Collect$$libinit$$00000008)
    .ARM.Collect$$libinit$$0000000A          0x0010020a   Section        0  libinit2.o(.ARM.Collect$$libinit$$0000000A)
    .ARM.Collect$$libinit$$0000000D          0x0010020a   Section        0  libinit2.o(.ARM.Collect$$libinit$$0000000D)
    .ARM.Collect$$libinit$$0000000F          0x0010020a   Section        0  libinit2.o(.ARM.Collect$$libinit$$0000000F)
    .ARM.Collect$$libinit$$00000011          0x0010020a   Section        0  libinit2.o(.ARM.Collect$$libinit$$00000011)
    .ARM.Collect$$libinit$$00000013          0x0010020a   Section        0  libinit2.o(.ARM.Collect$$libinit$$00000013)
    .ARM.Collect$$libinit$$00000015          0x0010020a   Section        0  libinit2.o(.ARM.Collect$$libinit$$00000015)
    .ARM.Collect$$libinit$$00000017          0x0010020a   Section        0  libinit2.o(.ARM.Collect$$libinit$$00000017)
    .ARM.Collect$$libinit$$00000019          0x0010020a   Section        0  libinit2.o(.ARM.Collect$$libinit$$00000019)
    .ARM.Collect$$libinit$$0000001B          0x0010020a   Section        0  libinit2.o(.ARM.Collect$$libinit$$0000001B)
    .ARM.Collect$$libinit$$0000001D          0x0010020a   Section        0  libinit2.o(.ARM.Collect$$libinit$$0000001D)
    .ARM.Collect$$libinit$$0000001F          0x0010020a   Section        0  libinit2.o(.ARM.Collect$$libinit$$0000001F)
    .ARM.Collect$$libinit$$00000021          0x0010020a   Section        0  libinit2.o(.ARM.Collect$$libinit$$00000021)
    .ARM.Collect$$libinit$$00000028          0x0010020a   Section        0  libinit2.o(.ARM.Collect$$libinit$$00000028)
    .ARM.Collect$$libinit$$0000002A          0x0010020a   Section        0  libinit2.o(.ARM.Collect$$libinit$$0000002A)
    .ARM.Collect$$libinit$$0000002C          0x0010020a   Section        0  libinit2.o(.ARM.Collect$$libinit$$0000002C)
    .ARM.Collect$$libinit$$0000002E          0x0010020a   Section        0  libinit2.o(.ARM.Collect$$libinit$$0000002E)
    .ARM.Collect$$libinit$$0000002F          0x0010020a   Section       12  libinit2.o(.ARM.Collect$$libinit$$0000002F)
    .ARM.Collect$$libshutdown$$00000000      0x00100220   Section        4  libshutdown.o(.ARM.Collect$$libshutdown$$00000000)
    .ARM.Collect$$libshutdown$$00000003      0x00100224   Section        0  libshutdown2.o(.ARM.Collect$$libshutdown$$00000003)
    .ARM.Collect$$libshutdown$$00000006      0x00100224   Section        0  libshutdown2.o(.ARM.Collect$$libshutdown$$00000006)
    .ARM.Collect$$libshutdown$$00000009      0x00100224   Section        0  libshutdown2.o(.ARM.Collect$$libshutdown$$00000009)
    .ARM.Collect$$libshutdown$$0000000B      0x00100224   Section        0  libshutdown2.o(.ARM.Collect$$libshutdown$$0000000B)
    .ARM.Collect$$libshutdown$$0000000E      0x00100224   Section        0  libshutdown2.o(.ARM.Collect$$libshutdown$$0000000E)
    .ARM.Collect$$libshutdown$$0000000F      0x00100224   Section        6  libshutdown2.o(.ARM.Collect$$libshutdown$$0000000F)
    .ARM.Collect$$rtentry$$00000000          0x0010022c   Section        0  rtentry.o(.ARM.Collect$$rtentry$$00000000)
    .ARM.Collect$$rtentry$$00000002          0x0010022c   Section        0  rtentry2.o(.ARM.Collect$$rtentry$$00000002)
    .ARM.Collect$$rtentry$$00000004          0x0010022c   Section        8  rtentry4.o(.ARM.Collect$$rtentry$$00000004)
    .ARM.Collect$$rtentry$$00000009          0x00100234   Section        0  rtentry2.o(.ARM.Collect$$rtentry$$00000009)
    .ARM.Collect$$rtentry$$0000000A          0x00100234   Section        4  rtentry2.o(.ARM.Collect$$rtentry$$0000000A)
    .ARM.Collect$$rtentry$$0000000C          0x00100238   Section        0  rtentry2.o(.ARM.Collect$$rtentry$$0000000C)
    .ARM.Collect$$rtentry$$0000000D          0x00100238   Section       40  rtentry2.o(.ARM.Collect$$rtentry$$0000000D)
    .ARM.Collect$$rtexit$$00000000           0x00100264   Section        4  rtexit.o(.ARM.Collect$$rtexit$$00000000)
    .ARM.Collect$$rtexit$$00000002           0x00100268   Section        0  rtexit2.o(.ARM.Collect$$rtexit$$00000002)
    .ARM.Collect$$rtexit$$00000003           0x00100268   Section        4  rtexit2.o(.ARM.Collect$$rtexit$$00000003)
    .ARM.Collect$$rtexit$$00000004           0x0010026c   Section        8  rtexit2.o(.ARM.Collect$$rtexit$$00000004)
    .emb_text                                0x00100274   Section        8  test.o(.emb_text)
    .text                                    0x0010027c   Section       32  sam7.o(.text)
    .text                                    0x0010029c   Section        0  test.o(.text)
    .text                                    0x001014a0   Section        0  noretval__2sprintf.o(.text)
    .text                                    0x001014c8   Section        0  __printf.o(.text)
    .text                                    0x00101548   Section        0  _printf_dec.o(.text)
    .text                                    0x001015b8   Section      384  aeabi_sdiv.o(.text)
    __arm_div8                               0x001015e4   ARM Code       0  aeabi_sdiv.o(.text)
    __arm_div5                               0x00101608   ARM Code       0  aeabi_sdiv.o(.text)
    __arm_div2                               0x0010162c   ARM Code       0  aeabi_sdiv.o(.text)
    __arm_div_large                          0x00101668   ARM Code       0  aeabi_sdiv.o(.text)
    .text                                    0x00101738   Section        0  heapauxi.o(.text)
    .text                                    0x0010173e   Section        0  _printf_intcommon.o(.text)
    .text                                    0x001017f8   Section        0  _printf_char_common.o(.text)
    _printf_input_char                       0x001017f9   Thumb Code    10  _printf_char_common.o(.text)
    .text                                    0x00101828   Section        0  _sputc.o(.text)
    .text                                    0x00101838   Section       44  rtudiv10.o(.text)
    .text                                    0x00101864   Section       96  sys_stackheap_outer.o(.text)
    .text                                    0x001018c4   Section        0  exit.o(.text)
    .text                                    0x001018d0   Section       12  libspace.o(.text)
    .text                                    0x001018e4   Section        0  sys_exit.o(.text)
    .text                                    0x001018f0   Section       12  rt_fp_status_addr_intlibspace.o(.text)
    .text                                    0x001018fc   Section        4  use_no_semi.o(.text)
    .text                                    0x00101900   Section        0  indicate_semi.o(.text)
    .text_udiv                               0x00101900   Section       36  aeabi_sdiv.o(.text_udiv)
    i.__ARM_common_call_via_r1               0x00101924   Section        0  __printf.o(i.__ARM_common_call_via_r1)
    i.__ARM_common_call_via_r2               0x00101926   Section        0  __printf.o(i.__ARM_common_call_via_r2)
    x$fpl$fpinit                             0x0010192c   Section       24  fpinit.o(x$fpl$fpinit)
    .constdata                               0x00101944   Section     1552  test.o(.constdata)
    .data                                    0x00200000   Section       36  test.o(.data)
    .bss                                     0x00200024   Section       20  test.o(.bss)
    .bss                                     0x00200038   Section       96  libspace.o(.bss)
    HEAP                                     0x00200098   Section        0  sam7.o(HEAP)
    STACK                                    0x00200098   Section     1160  sam7.o(STACK)
    Heap_Mem                                 0x00200098   Data           0  sam7.o(HEAP)
    Stack_Mem                                0x00200098   Data        1024  sam7.o(STACK)
    Stack_Top                                0x00200520   Data           0  sam7.o(STACK)

    Global Symbols

    Symbol Name                              Value     Ov Type        Size  Object(Section)

    BuildAttributes$$THM_ISAv1$ARM_ISAv4$S$PE$A:L22$X:L11$S22$IEEE1$IW$USESV6$~STKCKD$USESV7$~SHL$OSPACE$ROPI$EBA8$UX$STANDARDLIB$REQ8$PRES8$EABIv2 0x00000000   Number         0  anon$$obj.o ABSOLUTE
    __ARM_use_no_argv                        0x00000000   Number         0  test.o ABSOLUTE
    __ARM_exceptions_init                     - Undefined Weak Reference
    __alloca_initialize                       - Undefined Weak Reference
    __cpp_initialize__aeabi_                  - Undefined Weak Reference
    __cxa_finalize                            - Undefined Weak Reference
    __rt_locale                               - Undefined Weak Reference
    __sigvec_lookup                           - Undefined Weak Reference
    _atexit_init                              - Undefined Weak Reference
    _call_atexit_fns                          - Undefined Weak Reference
    _clock_init                               - Undefined Weak Reference
    _fp_trap_init                             - Undefined Weak Reference
    _fp_trap_shutdown                         - Undefined Weak Reference
    _get_lc_collate                           - Undefined Weak Reference
    _get_lc_ctype                             - Undefined Weak Reference
    _get_lc_monetary                          - Undefined Weak Reference
    _get_lc_numeric                           - Undefined Weak Reference
    _get_lc_time                              - Undefined Weak Reference
    _getenv_init                              - Undefined Weak Reference
    _handle_redirection                       - Undefined Weak Reference
    _init_alloc                               - Undefined Weak Reference
    _init_user_alloc                          - Undefined Weak Reference
    _initio                                   - Undefined Weak Reference
    _printf_post_padding                      - Undefined Weak Reference
    _printf_pre_padding                       - Undefined Weak Reference
    _printf_truncate_signed                   - Undefined Weak Reference
    _printf_truncate_unsigned                 - Undefined Weak Reference
    _rand_init                                - Undefined Weak Reference
    _signal_finish                            - Undefined Weak Reference
    _signal_init                              - Undefined Weak Reference
    _terminate_alloc                          - Undefined Weak Reference
    _terminate_user_alloc                     - Undefined Weak Reference
    _terminateio                              - Undefined Weak Reference
    Reset_Handler                            0x00100058   ARM Code       0  sam7.o(RESET)
    __main                                   0x00100150   ARM Code       8  __main.o(!!!main)
    __scatterload                            0x00100158   ARM Code       0  __scatter.o(!!!scatter)
    __scatterload_rt2                        0x00100158   ARM Code      52  __scatter.o(!!!scatter)
    __scatterload_null                       0x0010016c   ARM Code       0  __scatter.o(!!!scatter)
    __scatterload_copy                       0x00100194   ARM Code      40  __scatter_copy.o(!!handler_copy)
    __scatterload_zeroinit                   0x001001bc   ARM Code      44  __scatter_zi.o(!!handler_zi)
    Inline Thumb to ARM Veneer to _printf_percent 0x001001e9   Thumb Code     4  _printf_percent.o(.ARM.Collect$$_printf_percent$$00000000)
    _printf_d                                0x001001ec   ARM Code       0  _printf_d.o(.ARM.Collect$$_printf_percent$$00000009)
    _printf_percent                          0x001001ec   ARM Code       0  _printf_percent.o(.ARM.Collect$$_printf_percent$$00000000)
    _printf_percent_end                      0x001001f4   ARM Code       0  _printf_percent_end.o(.ARM.Collect$$_printf_percent$$00000017)
    Inline ARM to Thumb Veneer to __rt_lib_init 0x001001fc   ARM Code       8  libinit.o(.ARM.Collect$$libinit$$00000000)
    __rt_lib_init                            0x00100205   Thumb Code     0  libinit.o(.ARM.Collect$$libinit$$00000000)
    __rt_lib_init_alloca_1                   0x0010020b   Thumb Code     0  libinit2.o(.ARM.Collect$$libinit$$0000002A)
    __rt_lib_init_argv_1                     0x0010020b   Thumb Code     0  libinit2.o(.ARM.Collect$$libinit$$00000028)
    __rt_lib_init_atexit_1                   0x0010020b   Thumb Code     0  libinit2.o(.ARM.Collect$$libinit$$00000017)
    __rt_lib_init_clock_1                    0x0010020b   Thumb Code     0  libinit2.o(.ARM.Collect$$libinit$$0000001D)
    __rt_lib_init_cpp_1                      0x0010020b   Thumb Code     0  libinit2.o(.ARM.Collect$$libinit$$0000002E)
    __rt_lib_init_exceptions_1               0x0010020b   Thumb Code     0  libinit2.o(.ARM.Collect$$libinit$$0000002C)
    __rt_lib_init_fp_trap_1                  0x0010020b   Thumb Code     0  libinit2.o(.ARM.Collect$$libinit$$0000001B)
    __rt_lib_init_getenv_1                   0x0010020b   Thumb Code     0  libinit2.o(.ARM.Collect$$libinit$$0000001F)
    __rt_lib_init_heap_1                     0x0010020b   Thumb Code     0  libinit2.o(.ARM.Collect$$libinit$$00000006)
    __rt_lib_init_lc_collate_1               0x0010020b   Thumb Code     0  libinit2.o(.ARM.Collect$$libinit$$0000000D)
    __rt_lib_init_lc_ctype_1                 0x0010020b   Thumb Code     0  libinit2.o(.ARM.Collect$$libinit$$0000000F)
    __rt_lib_init_lc_monetary_1              0x0010020b   Thumb Code     0  libinit2.o(.ARM.Collect$$libinit$$00000011)
    __rt_lib_init_lc_numeric_1               0x0010020b   Thumb Code     0  libinit2.o(.ARM.Collect$$libinit$$00000013)
    __rt_lib_init_lc_time_1                  0x0010020b   Thumb Code     0  libinit2.o(.ARM.Collect$$libinit$$00000015)
    __rt_lib_init_rand_1                     0x0010020b   Thumb Code     0  libinit2.o(.ARM.Collect$$libinit$$0000000A)
    __rt_lib_init_return                     0x0010020b   Thumb Code     0  libinit2.o(.ARM.Collect$$libinit$$0000002F)
    __rt_lib_init_signal_1                   0x0010020b   Thumb Code     0  libinit2.o(.ARM.Collect$$libinit$$00000019)
    __rt_lib_init_stdio_1                    0x0010020b   Thumb Code     0  libinit2.o(.ARM.Collect$$libinit$$00000021)
    __rt_lib_init_user_alloc_1               0x0010020b   Thumb Code     0  libinit2.o(.ARM.Collect$$libinit$$00000008)
    Inline ARM to Thumb Veneer to __rt_lib_shutdown 0x00100218   ARM Code       8  libshutdown.o(.ARM.Collect$$libshutdown$$00000000)
    __rt_lib_shutdown                        0x00100221   Thumb Code     0  libshutdown.o(.ARM.Collect$$libshutdown$$00000000)
    __rt_lib_shutdown_fp_trap_1              0x00100225   Thumb Code     0  libshutdown2.o(.ARM.Collect$$libshutdown$$00000006)
    __rt_lib_shutdown_heap_1                 0x00100225   Thumb Code     0  libshutdown2.o(.ARM.Collect$$libshutdown$$0000000E)
    __rt_lib_shutdown_return                 0x00100225   Thumb Code     0  libshutdown2.o(.ARM.Collect$$libshutdown$$0000000F)
    __rt_lib_shutdown_signal_1               0x00100225   Thumb Code     0  libshutdown2.o(.ARM.Collect$$libshutdown$$00000009)
    __rt_lib_shutdown_stdio_1                0x00100225   Thumb Code     0  libshutdown2.o(.ARM.Collect$$libshutdown$$00000003)
    __rt_lib_shutdown_user_alloc_1           0x00100225   Thumb Code     0  libshutdown2.o(.ARM.Collect$$libshutdown$$0000000B)
    __rt_entry                               0x0010022c   ARM Code       0  rtentry.o(.ARM.Collect$$rtentry$$00000000)
    __rt_entry_presh_1                       0x0010022c   ARM Code       0  rtentry2.o(.ARM.Collect$$rtentry$$00000002)
    __rt_entry_sh                            0x0010022c   ARM Code       0  rtentry4.o(.ARM.Collect$$rtentry$$00000004)
    __rt_entry_li                            0x00100234   ARM Code       0  rtentry2.o(.ARM.Collect$$rtentry$$0000000A)
    __rt_entry_postsh_1                      0x00100234   ARM Code       0  rtentry2.o(.ARM.Collect$$rtentry$$00000009)
    __rt_entry_main                          0x00100238   ARM Code       0  rtentry2.o(.ARM.Collect$$rtentry$$0000000D)
    __rt_entry_postli_1                      0x00100238   ARM Code       0  rtentry2.o(.ARM.Collect$$rtentry$$0000000C)
    Inline Thumb to ARM Veneer to __rt_exit  0x00100261   Thumb Code     4  rtexit.o(.ARM.Collect$$rtexit$$00000000)
    __rt_exit                                0x00100264   ARM Code       0  rtexit.o(.ARM.Collect$$rtexit$$00000000)
    __rt_exit_ls                             0x00100268   ARM Code       0  rtexit2.o(.ARM.Collect$$rtexit$$00000003)
    __rt_exit_prels_1                        0x00100268   ARM Code       0  rtexit2.o(.ARM.Collect$$rtexit$$00000002)
    __rt_exit_exit                           0x0010026c   ARM Code       0  rtexit2.o(.ARM.Collect$$rtexit$$00000004)
    wait                                     0x00100274   ARM Code       8  test.o(.emb_text)
    __user_initial_stackheap                 0x0010027c   ARM Code       0  sam7.o(.text)
    delay_us                                 0x0010029c   ARM Code      80  test.o(.text)
    delay_ms                                 0x001002ec   ARM Code      80  test.o(.text)
    delay_s                                  0x0010033c   ARM Code      80  test.o(.text)
    wait_ms                                  0x0010038c   ARM Code      20  test.o(.text)
    wait_delay                               0x001003a0   ARM Code      12  test.o(.text)
    tftlcd_write_index_register              0x001003ac   ARM Code      48  test.o(.text)
    tftlcd_write_wdr                         0x001003dc   ARM Code      24  test.o(.text)
    tftlcd_read_rdr                          0x001003f4   ARM Code      88  test.o(.text)
    tftlcd_write_command                     0x0010044c   ARM Code      28  test.o(.text)
    tftlcd_fill                              0x00100468   ARM Code     148  test.o(.text)
    tftlcd_clear                             0x001004fc   ARM Code       8  test.o(.text)
    tftlcd_init_hispeed                      0x00100504   ARM Code     128  test.o(.text)
    tftlcd_init                              0x00100584   ARM Code    1028  test.o(.text)
    tftlcd_write_pixel                       0x00100988   ARM Code     172  test.o(.text)
    tftlcd_read_pixel                        0x00100a34   ARM Code     168  test.o(.text)
    tftlcd_draw_line                         0x00100adc   ARM Code     204  test.o(.text)
    tftlcd_draw_rectangle                    0x00100ba8   ARM Code     220  test.o(.text)
    tftlcd_draw_circle                       0x00100c84   ARM Code     372  test.o(.text)
    tftlcd_write_pic                         0x00100df8   ARM Code     100  test.o(.text)
    tftlcd_write_pic_fast                    0x00100e5c   ARM Code     108  test.o(.text)
    tftlcd_gotoxy                            0x00100ec8   ARM Code      52  test.o(.text)
    tftlcd_putchar                           0x00100efc   ARM Code     216  test.o(.text)
    tftlcd_putsf                             0x00100fd4   ARM Code      64  test.o(.text)
    tftlcd_puts                              0x00101014   ARM Code      64  test.o(.text)
    config_adc                               0x00101054   ARM Code      36  test.o(.text)
    start_adc                                0x00101078   ARM Code     104  test.o(.text)
    read_adc                                 0x001010e0   ARM Code     232  test.o(.text)
    touch                                    0x001011c8   ARM Code     212  test.o(.text)
    main                                     0x0010129c   ARM Code     472  test.o(.text)
    Inline ARM to Thumb Veneer to __2sprintf 0x00101498   ARM Code       8  noretval__2sprintf.o(.text)
    __2sprintf                               0x001014a1   Thumb Code    36  noretval__2sprintf.o(.text)
    __printf                                 0x001014c9   Thumb Code   120  __printf.o(.text)
    Inline ARM to Thumb Veneer to _printf_int_dec 0x00101540   ARM Code       8  _printf_dec.o(.text)
    _printf_int_dec                          0x00101549   Thumb Code    94  _printf_dec.o(.text)
    __aeabi_idiv                             0x001015b8   ARM Code       0  aeabi_sdiv.o(.text)
    __aeabi_idivmod                          0x001015b8   ARM Code     384  aeabi_sdiv.o(.text)
    __use_two_region_memory                  0x00101739   Thumb Code     2  heapauxi.o(.text)
    __rt_heap_escrow$2region                 0x0010173b   Thumb Code     2  heapauxi.o(.text)
    __rt_heap_expand$2region                 0x0010173d   Thumb Code     2  heapauxi.o(.text)
    _printf_int_common                       0x0010173f   Thumb Code   186  _printf_intcommon.o(.text)
    _printf_char_common                      0x00101803   Thumb Code    34  _printf_char_common.o(.text)
    _sputc                                   0x00101829   Thumb Code    10  _sputc.o(.text)
    Inline Thumb to ARM Veneer to __rt_udiv10 0x00101835   Thumb Code     4  rtudiv10.o(.text)
    __rt_udiv10                              0x00101838   ARM Code      44  rtudiv10.o(.text)
    __user_setup_stackheap                   0x00101864   ARM Code      96  sys_stackheap_outer.o(.text)
    exit                                     0x001018c5   Thumb Code    12  exit.o(.text)
    __user_libspace                          0x001018d0   ARM Code      12  libspace.o(.text)
    __user_perproc_libspace                  0x001018d0   ARM Code       0  libspace.o(.text)
    __user_perthread_libspace                0x001018d0   ARM Code       0  libspace.o(.text)
    Inline ARM to Thumb Veneer to _sys_exit  0x001018dc   ARM Code       8  sys_exit.o(.text)
    _sys_exit                                0x001018e5   Thumb Code     8  sys_exit.o(.text)
    __rt_fp_status_addr                      0x001018f0   ARM Code      12  rt_fp_status_addr_intlibspace.o(.text)
    __I$use$semihosting                      0x001018fc   ARM Code       0  use_no_semi.o(.text)
    __use_no_semihosting_swi                 0x001018fc   ARM Code       4  use_no_semi.o(.text)
    __aeabi_uidiv                            0x00101900   ARM Code       0  aeabi_sdiv.o(.text_udiv)
    __aeabi_uidivmod                         0x00101900   ARM Code      36  aeabi_sdiv.o(.text_udiv)
    __semihosting_library_function           0x00101900   ARM Code       0  indicate_semi.o(.text)
    __ARM_common_call_via_r1                 0x00101925   Thumb Code     2  __printf.o(i.__ARM_common_call_via_r1)
    __ARM_common_call_via_r2                 0x00101927   Thumb Code     2  __printf.o(i.__ARM_common_call_via_r2)
    Inline Thumb to ARM Veneer to _fp_init   0x00101929   Thumb Code     4  fpinit.o(x$fpl$fpinit)
    _fp_init                                 0x0010192c   ARM Code      24  fpinit.o(x$fpl$fpinit)
    __fplib_config_pureend_doubles           0x0010193c   ARM Code       0  fpinit.o(x$fpl$fpinit)
    font8x16                                 0x00101944   Data        1552  test.o(.constdata)
    Region$$Table$$Base                      0x00101f54   Number         0  anon$$obj.o(Region$$Table)
    Region$$Table$$Limit                     0x00101f74   Number         0  anon$$obj.o(Region$$Table)
    crystal                                  0x00200000   Data           4  test.o(.data)
    x_text                                   0x00200004   Data           4  test.o(.data)
    y_text                                   0x00200008   Data           4  test.o(.data)
    color                                    0x0020000c   Data           4  test.o(.data)
    x                                        0x00200010   Data           4  test.o(.data)
    y                                        0x00200014   Data           4  test.o(.data)
    adc_data                                 0x00200018   Data           4  test.o(.data)
    x1                                       0x0020001c   Data           4  test.o(.data)
    y1                                       0x00200020   Data           4  test.o(.data)
    lcd_buffer                               0x00200024   Data          20  test.o(.bss)
    __libspace_start                         0x00200038   Data          96  libspace.o(.bss)
    __temporary_stack_top$libspace           0x00200098   Data           0  libspace.o(.bss)



==============================================================================

Memory Map of the image

  Image Entry point : 0x00100150

  Load Region LR_IROM1 (Base: 0x00100000, Size: 0x00001f98, Max: 0x00040000, ABSOLUTE)

    Execution Region ER_IROM1 (Base: 0x00100000, Size: 0x00001f74, Max: 0x00040000, ABSOLUTE)

    Base Addr    Size         Type   Attr      Idx    E Section Name        Object

    0x00100000   0x00000150   Code   RO            3    RESET               sam7.o
    0x00100150   0x00000008   Code   RO          124  * !!!main             c_t.l(__main.o)
    0x00100158   0x0000003c   Code   RO          306    !!!scatter          c_t.l(__scatter.o)
    0x00100194   0x00000028   Code   RO          308    !!handler_copy      c_t.l(__scatter_copy.o)
    0x001001bc   0x0000002c   Code   RO          310    !!handler_zi        c_t.l(__scatter_zi.o)
    0x001001e8   0x00000004   Ven    RO          105    .ARM.Collect$$_printf_percent$$00000000  c_t.l(_printf_percent.o)
    0x001001ec   0x00000000   Code   RO          105    .ARM.Collect$$_printf_percent$$00000000  c_t.l(_printf_percent.o)
    0x001001ec   0x00000008   Code   RO          104    .ARM.Collect$$_printf_percent$$00000009  c_t.l(_printf_d.o)
    0x001001f4   0x00000008   Code   RO          137    .ARM.Collect$$_printf_percent$$00000017  c_t.l(_printf_percent_end.o)
    0x001001fc   0x00000008   Ven    RO          176    .ARM.Collect$$libinit$$00000000  c_t.l(libinit.o)
    0x00100204   0x00000006   Code   RO          176    .ARM.Collect$$libinit$$00000000  c_t.l(libinit.o)
    0x0010020a   0x00000000   Code   RO          190    .ARM.Collect$$libinit$$00000006  c_t.l(libinit2.o)
    0x0010020a   0x00000000   Code   RO          192    .ARM.Collect$$libinit$$00000008  c_t.l(libinit2.o)
    0x0010020a   0x00000000   Code   RO          194    .ARM.Collect$$libinit$$0000000A  c_t.l(libinit2.o)
    0x0010020a   0x00000000   Code   RO          197    .ARM.Collect$$libinit$$0000000D  c_t.l(libinit2.o)
    0x0010020a   0x00000000   Code   RO          199    .ARM.Collect$$libinit$$0000000F  c_t.l(libinit2.o)
    0x0010020a   0x00000000   Code   RO          201    .ARM.Collect$$libinit$$00000011  c_t.l(libinit2.o)
    0x0010020a   0x00000000   Code   RO          203    .ARM.Collect$$libinit$$00000013  c_t.l(libinit2.o)
    0x0010020a   0x00000000   Code   RO          205    .ARM.Collect$$libinit$$00000015  c_t.l(libinit2.o)
    0x0010020a   0x00000000   Code   RO          207    .ARM.Collect$$libinit$$00000017  c_t.l(libinit2.o)
    0x0010020a   0x00000000   Code   RO          209    .ARM.Collect$$libinit$$00000019  c_t.l(libinit2.o)
    0x0010020a   0x00000000   Code   RO          211    .ARM.Collect$$libinit$$0000001B  c_t.l(libinit2.o)
    0x0010020a   0x00000000   Code   RO          213    .ARM.Collect$$libinit$$0000001D  c_t.l(libinit2.o)
    0x0010020a   0x00000000   Code   RO          215    .ARM.Collect$$libinit$$0000001F  c_t.l(libinit2.o)
    0x0010020a   0x00000000   Code   RO          217    .ARM.Collect$$libinit$$00000021  c_t.l(libinit2.o)
    0x0010020a   0x00000000   Code   RO          221    .ARM.Collect$$libinit$$00000028  c_t.l(libinit2.o)
    0x0010020a   0x00000000   Code   RO          223    .ARM.Collect$$libinit$$0000002A  c_t.l(libinit2.o)
    0x0010020a   0x00000000   Code   RO          225    .ARM.Collect$$libinit$$0000002C  c_t.l(libinit2.o)
    0x0010020a   0x00000000   Code   RO          227    .ARM.Collect$$libinit$$0000002E  c_t.l(libinit2.o)
    0x0010020a   0x0000000c   Code   RO          228    .ARM.Collect$$libinit$$0000002F  c_t.l(libinit2.o)
    0x00100216   0x00000002   PAD
    0x00100218   0x00000008   Ven    RO          264    .ARM.Collect$$libshutdown$$00000000  c_t.l(libshutdown.o)
    0x00100220   0x00000004   Code   RO          264    .ARM.Collect$$libshutdown$$00000000  c_t.l(libshutdown.o)
    0x00100224   0x00000000   Code   RO          291    .ARM.Collect$$libshutdown$$00000003  c_t.l(libshutdown2.o)
    0x00100224   0x00000000   Code   RO          294    .ARM.Collect$$libshutdown$$00000006  c_t.l(libshutdown2.o)
    0x00100224   0x00000000   Code   RO          297    .ARM.Collect$$libshutdown$$00000009  c_t.l(libshutdown2.o)
    0x00100224   0x00000000   Code   RO          299    .ARM.Collect$$libshutdown$$0000000B  c_t.l(libshutdown2.o)
    0x00100224   0x00000000   Code   RO          302    .ARM.Collect$$libshutdown$$0000000E  c_t.l(libshutdown2.o)
    0x00100224   0x00000006   Code   RO          303    .ARM.Collect$$libshutdown$$0000000F  c_t.l(libshutdown2.o)
    0x0010022a   0x00000002   PAD
    0x0010022c   0x00000000   Code   RO          126    .ARM.Collect$$rtentry$$00000000  c_t.l(rtentry.o)
    0x0010022c   0x00000000   Code   RO          141    .ARM.Collect$$rtentry$$00000002  c_t.l(rtentry2.o)
    0x0010022c   0x00000008   Code   RO          153    .ARM.Collect$$rtentry$$00000004  c_t.l(rtentry4.o)
    0x00100234   0x00000000   Code   RO          143    .ARM.Collect$$rtentry$$00000009  c_t.l(rtentry2.o)
    0x00100234   0x00000004   Code   RO          144    .ARM.Collect$$rtentry$$0000000A  c_t.l(rtentry2.o)
    0x00100238   0x00000000   Code   RO          146    .ARM.Collect$$rtentry$$0000000C  c_t.l(rtentry2.o)
    0x00100238   0x00000028   Code   RO          147    .ARM.Collect$$rtentry$$0000000D  c_t.l(rtentry2.o)
    0x00100260   0x00000004   Ven    RO          180    .ARM.Collect$$rtexit$$00000000  c_t.l(rtexit.o)
    0x00100264   0x00000004   Code   RO          180    .ARM.Collect$$rtexit$$00000000  c_t.l(rtexit.o)
    0x00100268   0x00000000   Code   RO          234    .ARM.Collect$$rtexit$$00000002  c_t.l(rtexit2.o)
    0x00100268   0x00000004   Code   RO          235    .ARM.Collect$$rtexit$$00000003  c_t.l(rtexit2.o)
    0x0010026c   0x00000008   Code   RO          236    .ARM.Collect$$rtexit$$00000004  c_t.l(rtexit2.o)
    0x00100274   0x00000008   Code   RO           11    .emb_text           test.o
    0x0010027c   0x00000020   Code   RO            4    .text               sam7.o
    0x0010029c   0x000011fc   Code   RO           12    .text               test.o
    0x00101498   0x00000008   Ven    RO           74    .text               c_t.l(noretval__2sprintf.o)
    0x001014a0   0x00000028   Code   RO           74    .text               c_t.l(noretval__2sprintf.o)
    0x001014c8   0x00000078   Code   RO           76    .text               c_t.l(__printf.o)
    0x00101540   0x00000008   Ven    RO           82    .text               c_t.l(_printf_dec.o)
    0x00101548   0x00000070   Code   RO           82    .text               c_t.l(_printf_dec.o)
    0x001015b8   0x00000180   Code   RO          106    .text               c_t.l(aeabi_sdiv.o)
    0x00101738   0x00000006   Code   RO          122    .text               c_t.l(heapauxi.o)
    0x0010173e   0x000000ba   Code   RO          131    .text               c_t.l(_printf_intcommon.o)
    0x001017f8   0x00000030   Code   RO          133    .text               c_t.l(_printf_char_common.o)
    0x00101828   0x0000000a   Code   RO          135    .text               c_t.l(_sputc.o)
    0x00101832   0x00000002   PAD
    0x00101834   0x00000004   Ven    RO          138    .text               c_t.l(rtudiv10.o)
    0x00101838   0x0000002c   Code   RO          138    .text               c_t.l(rtudiv10.o)
    0x00101864   0x00000060   Code   RO          163    .text               c_t.l(sys_stackheap_outer.o)
    0x001018c4   0x0000000c   Code   RO          165    .text               c_t.l(exit.o)
    0x001018d0   0x0000000c   Code   RO          177    .text               c_t.l(libspace.o)
    0x001018dc   0x00000008   Ven    RO          231    .text               c_t.l(sys_exit.o)
    0x001018e4   0x0000000c   Code   RO          231    .text               c_t.l(sys_exit.o)
    0x001018f0   0x0000000c   Code   RO          243    .text               c_t.l(rt_fp_status_addr_intlibspace.o)
    0x001018fc   0x00000004   Code   RO          253    .text               c_t.l(use_no_semi.o)
    0x00101900   0x00000000   Code   RO          255    .text               c_t.l(indicate_semi.o)
    0x00101900   0x00000024   Code   RO          107    .text_udiv          c_t.l(aeabi_sdiv.o)
    0x00101924   0x00000002   Code   RO           80    i.__ARM_common_call_via_r1  c_t.l(__printf.o)
    0x00101926   0x00000002   Code   RO           78    i.__ARM_common_call_via_r2  c_t.l(__printf.o)
    0x00101928   0x00000004   Ven    RO          229    x$fpl$fpinit        fz_ts.l(fpinit.o)
    0x0010192c   0x00000018   Code   RO          229    x$fpl$fpinit        fz_ts.l(fpinit.o)
    0x00101944   0x00000610   Data   RO           14    .constdata          test.o
    0x00101f54   0x00000020   Data   RO          304    Region$$Table       anon$$obj.o


    Execution Region RW_IRAM1 (Base: 0x00200000, Size: 0x00000520, Max: 0x00010000, ABSOLUTE)

    Base Addr    Size         Type   Attr      Idx    E Section Name        Object

    0x00200000   0x00000024   Data   RW           15    .data               test.o
    0x00200024   0x00000014   Zero   RW           13    .bss                test.o
    0x00200038   0x00000060   Zero   RW          178    .bss                c_t.l(libspace.o)
    0x00200098   0x00000000   Zero   RW            2    HEAP                sam7.o
    0x00200098   0x00000488   Zero   RW            1    STACK               sam7.o


==============================================================================

Image component sizes


      Code (inc. data)   RO Data    RW Data    ZI Data      Debug   Object Name

       368         84          0          0       1160        452   sam7.o
      4612        124       1552         36         20      89805   test.o

    ----------------------------------------------------------------------
      4980        208       1584         36       1180      90257   Object Totals
         0          0         32          0          0          0   (incl. Generated)
         0          0          0          0          0          0   (incl. Padding)

    ----------------------------------------------------------------------

      Code (inc. data)   RO Data    RW Data    ZI Data      Debug   Library Member Name

         8          0          0          0          0         68   __main.o
       124          0          0          0          0        208   __printf.o
        60          8          0          0          0          0   __scatter.o
        40          0          0          0          0          0   __scatter_copy.o
        44          0          0          0          0          0   __scatter_zi.o
        48          4          0          0          0         96   _printf_char_common.o
         8          0          0          0          0          0   _printf_d.o
       120         18          0          0          0         88   _printf_dec.o
       186          0          0          0          0        100   _printf_intcommon.o
         4          0          0          0          0          0   _printf_percent.o
         8          0          0          0          0          0   _printf_percent_end.o
        10          0          0          0          0         60   _sputc.o
       420          0          0          0          0        148   aeabi_sdiv.o
        12          0          0          0          0         64   exit.o
         6          0          0          0          0        136   heapauxi.o
         0          0          0          0          0          0   indicate_semi.o
        14          0          0          0          0          0   libinit.o
        12          0          0          0          0          0   libinit2.o
        12          0          0          0          0          0   libshutdown.o
         6          0          0          0          0          0   libshutdown2.o
        12          4          0          0         96         68   libspace.o
        48          4          0          0          0         84   noretval__2sprintf.o
        12          4          0          0          0         68   rt_fp_status_addr_intlibspace.o
         0          0          0          0          0          0   rtentry.o
        44          4          0          0          0          0   rtentry2.o
         8          0          0          0          0          0   rtentry4.o
         8          0          0          0          0          0   rtexit.o
        12          0          0          0          0          0   rtexit2.o
        48          0          0          0          0         68   rtudiv10.o
        20          4          0          0          0         60   sys_exit.o
        96          0          0          0          0         80   sys_stackheap_outer.o
         4          0          0          0          0         68   use_no_semi.o
        28          0          0          0          0         80   fpinit.o

    ----------------------------------------------------------------------
      1488         50          0          0         96       1544   Library Totals
         6          0          0          0          0          0   (incl. Padding)

    ----------------------------------------------------------------------

      Code (inc. data)   RO Data    RW Data    ZI Data      Debug   Library Name

      1454         50          0          0         96       1464   c_t.l
        28          0          0          0          0         80   fz_ts.l

    ----------------------------------------------------------------------
      1488         50          0          0         96       1544   Library Totals

    ----------------------------------------------------------------------

==============================================================================


      Code (inc. data)   RO Data    RW Data    ZI Data      Debug   

      6468        258       1584         36       1276      90893   Grand Totals
      6468        258       1584         36       1276      90893   ELF Image Totals
      6468        258       1584         36          0          0   ROM Totals

==============================================================================

    Total RO  Size (Code + RO Data)                 8052 (   7.86kB)
    Total RW  Size (RW Data + ZI Data)              1312 (   1.28kB)
    Total ROM Size (Code + RO Data + RW Data)       8088 (   7.90kB)

==============================================================================

