ARM Linker, 4.1 [Build 894] [Standard]

==============================================================================

Section Cross References

    getline.o(.text) refers to serial.o(.text) for getkey
    getline.o(.text) refers to putc.o(.text) for putc
    getline.o(.text) refers to fflush.o(.text) for fflush
    getline.o(.text) refers to stdio_streams.o(.bss) for __stdout
    sd_file.o(.text) refers to _printf_percent.o(.ARM.Collect$$_printf_percent$$00000000) for _printf_percent
    sd_file.o(.text) refers to _printf_d.o(.ARM.Collect$$_printf_percent$$00000009) for _printf_d
    sd_file.o(.text) refers to _printf_dec.o(.text) for _printf_int_dec
    sd_file.o(.text) refers to _printf_pad.o(.text) for _printf_pre_padding
    sd_file.o(.text) refers to _printf_p.o(.ARM.Collect$$_printf_percent$$00000002) for _printf_p
    sd_file.o(.text) refers to _printf_s.o(.ARM.Collect$$_printf_percent$$00000014) for _printf_s
    sd_file.o(.text) refers to _printf_n.o(.ARM.Collect$$_printf_percent$$00000001) for _printf_n
    sd_file.o(.text) refers to _printf_charcount.o(.text) for _printf_charcount
    sd_file.o(.text) refers to _printf_hex_ptr.o(.text) for _printf_longlong_hex
    sd_file.o(.text) refers to _printf_str.o(.text) for _printf_str
    sd_file.o(.text) refers to _scanf_int.o(.text) for _scanf_int
    sd_file.o(.text) refers to lludiv.o(.text) for __aeabi_uldivmod
    sd_file.o(.text) refers to __2sprintf.o(.text) for __2sprintf
    sd_file.o(.text) refers to strcmp.o(.text) for strcmp
    sd_file.o(.text) refers to __2printf.o(.text) for __2printf
    sd_file.o(.text) refers to fopen.o(.text) for fopen
    sd_file.o(.text) refers to getline.o(.text) for getline
    sd_file.o(.text) refers to fputs.o(.text) for fputs
    sd_file.o(.text) refers to fclose.o(.text) for fclose
    sd_file.o(.text) refers to __0sscanf.o(.text) for __0sscanf
    sd_file.o(.text) refers to __2fprintf.o(.text) for __2fprintf
    sd_file.o(.text) refers to putc.o(.text) for putc
    sd_file.o(.text) refers to fgetc.o(i.fgetc) for fgetc
    sd_file.o(.text) refers to strlen.o(.text) for strlen
    sd_file.o(.text) refers to fs_frename.o(i.frename) for frename
    sd_file.o(.text) refers to fwritefast.o(.text) for fwrite
    sd_file.o(.text) refers to freadfast.o(.text) for fread
    sd_file.o(.text) refers to fs_fdelete.o(i.fdelete) for fdelete
    sd_file.o(.text) refers to sd_file.o(.bss) for .bss
    sd_file.o(.text) refers to stdio_streams.o(.bss) for __stdout
    sd_file.o(.text) refers to fs_ffind.o(i.ffind) for ffind
    sd_file.o(.text) refers to fs_ffree.o(i.ffree) for ffree
    sd_file.o(.text) refers to strcpy.o(.text) for strcpy
    sd_file.o(.text) refers to strcat.o(.text) for strcat
    sd_file.o(.text) refers to serial.o(.text) for getkey
    sd_file.o(.text) refers to fs_fformat.o(i.fformat) for fformat
    sd_file.o(.text) refers to fs_finit.o(i.finit) for finit
    sd_file.o(.text) refers to fflush.o(.text) for fflush
    sd_file.o(.text) refers to toupper.o(.text) for toupper
    sd_file.o(.text) refers to sd_file.o(i.__ARM_common_call_via_r1) for __ARM_common_call_via_r1
    sd_file.o(.text) refers to sd_file.o(.constdata) for .constdata
    sd_file.o(.constdata) refers to sd_file.o(.text) for cmd_capture
    sam7.o(STACK) refers (Special) to heapauxi.o(.text) for __use_two_region_memory
    sam7.o(HEAP) refers (Special) to heapauxi.o(.text) for __use_two_region_memory
    sam7.o(RESET) refers (Special) to heapauxi.o(.text) for __use_two_region_memory
    sam7.o(RESET) refers to sam7.o(STACK) for Stack_Top
    sam7.o(RESET) refers to __main.o(!!!main) for __main
    sam7.o(.text) refers (Special) to heapauxi.o(.text) for __use_two_region_memory
    sam7.o(.text) refers to sam7.o(HEAP) for Heap_Mem
    sam7.o(.text) refers to sam7.o(STACK) for Stack_Mem
    retarget.o(.text) refers (Special) to use_no_semi.o(.text) for __use_no_semihosting_swi
    retarget.o(.text) refers to serial.o(.text) for sendchar
    retarget.o(.text) refers to strcmp.o(.text) for strcmp
    retarget.o(.text) refers to _fs_fopen.o(i.__fopen) for __fopen
    retarget.o(.text) refers to _fs_fclose.o(i.__fclose) for __fclose
    retarget.o(.text) refers to _fs_write.o(i.__write) for __write
    retarget.o(.text) refers to _fs_read.o(i.__read) for __read
    retarget.o(.text) refers to _fs_setfpos.o(i.__setfpos) for __setfpos
    retarget.o(.text) refers to _fs_flushbuf.o(i.__flushbuf) for __flushbuf
    retarget.o(.text) refers to _fs_getfsize.o(i.__getfsize) for __getfsize
    retarget.o(.text) refers to file_config.o(.bss) for _iob
    retarget.o(.constdata) refers (Special) to use_no_semi.o(.text) for __use_no_semihosting_swi
    retarget.o(.constdata) refers (Special) to use_no_semi.o(.text) for __use_no_semihosting_swi
    retarget.o(.constdata) refers (Special) to use_no_semi.o(.text) for __use_no_semihosting_swi
[...]
    i.read_cache                             0x00106510   Section        0  fs_fat.o(i.read_cache)
    read_cache                               0x00106511   Thumb Code   124  fs_fat.o(i.read_cache)
    i.read_last_entry                        0x00106594   Section        0  fs_fat.o(i.read_last_entry)
    read_last_entry                          0x00106595   Thumb Code    52  fs_fat.o(i.read_last_entry)
    i.read_sector                            0x001065cc   Section        0  fs_fat.o(i.read_sector)
    read_sector                              0x001065cd   Thumb Code    84  fs_fat.o(i.read_sector)
    i.rename_entries                         0x00106624   Section        0  fs_fat.o(i.rename_entries)
    rename_entries                           0x00106625   Thumb Code   122  fs_fat.o(i.rename_entries)
    i.search_for_name                        0x001066a4   Section        0  fs_fat.o(i.search_for_name)
    search_for_name                          0x001066a5   Thumb Code   548  fs_fat.o(i.search_for_name)
    i.set_next_clus                          0x001068d4   Section        0  fs_fat.o(i.set_next_clus)
    set_next_clus                            0x001068d5   Thumb Code   144  fs_fat.o(i.set_next_clus)
    i.set_u16                                0x0010696c   Section        0  fs_fat.o(i.set_u16)
    set_u16                                  0x0010696d   Thumb Code     8  fs_fat.o(i.set_u16)
    i.set_u32                                0x00106974   Section        0  fs_fat.o(i.set_u32)
    set_u32                                  0x00106975   Thumb Code    16  fs_fat.o(i.set_u32)
    i.unlink_clus_chain                      0x00106984   Section        0  fs_fat.o(i.unlink_clus_chain)
    unlink_clus_chain                        0x00106985   Thumb Code   290  fs_fat.o(i.unlink_clus_chain)
    i.val_char                               0x00106ab4   Section        0  fs_fat.o(i.val_char)
    val_char                                 0x00106ab5   Thumb Code    24  fs_fat.o(i.val_char)
    i.val_char_sn                            0x00106acc   Section        0  fs_fat.o(i.val_char_sn)
    val_char_sn                              0x00106acd   Thumb Code    60  fs_fat.o(i.val_char_sn)
    i.write_br                               0x00106b08   Section        0  fs_fat.o(i.write_br)
    write_br                                 0x00106b09   Thumb Code   328  fs_fat.o(i.write_br)
    i.write_cache                            0x00106c90   Section        0  fs_fat.o(i.write_cache)
    write_cache                              0x00106c91   Thumb Code   140  fs_fat.o(i.write_cache)
    i.write_dot_entries                      0x00106d24   Section        0  fs_fat.o(i.write_dot_entries)
    write_dot_entries                        0x00106d25   Thumb Code   212  fs_fat.o(i.write_dot_entries)
    i.write_entries                          0x00106e0c   Section        0  fs_fat.o(i.write_entries)
    write_entries                            0x00106e0d   Thumb Code   704  fs_fat.o(i.write_entries)
    i.write_fat_link                         0x001070dc   Section        0  fs_fat.o(i.write_fat_link)
    write_fat_link                           0x001070dd   Thumb Code   242  fs_fat.o(i.write_fat_link)
    i.write_fsinfo                           0x001071dc   Section        0  fs_fat.o(i.write_fsinfo)
    write_fsinfo                             0x001071dd   Thumb Code   100  fs_fat.o(i.write_fsinfo)
    i.write_label                            0x00107250   Section        0  fs_fat.o(i.write_label)
    write_label                              0x00107251   Thumb Code   134  fs_fat.o(i.write_label)
    i.write_mbr                              0x001072dc   Section        0  fs_fat.o(i.write_mbr)
    write_mbr                                0x001072dd   Thumb Code   164  fs_fat.o(i.write_mbr)
    i.write_sector                           0x00107388   Section        0  fs_fat.o(i.write_sector)
    write_sector                             0x00107389   Thumb Code    30  fs_fat.o(i.write_sector)
    locale$$code                             0x001073b0   Section       80  lc_ctype_c.o(locale$$code)
    x$fpl$fpinit                             0x00107404   Section       24  fpinit.o(x$fpl$fpinit)
    .constdata                               0x0010741c   Section     1388  sd_file.o(.constdata)
    intro                                    0x0010741c   Data         157  sd_file.o(.constdata)
    help                                     0x001074b9   Data        1111  sd_file.o(.constdata)
    cmd                                      0x00107910   Data         120  sd_file.o(.constdata)
    .constdata                               0x00107988   Section        2  file_config.o(.constdata)
    .constdata                               0x0010798a   Section        2  file_config.o(.constdata)
    .constdata                               0x0010798c   Section        4  file_config.o(.constdata)
    .constdata                               0x00107990   Section        8  file_config.o(.constdata)
    .constdata                               0x00107998   Section        2  file_config.o(.constdata)
    .constdata                               0x0010799c   Section        4  file_config.o(.constdata)
    .constdata                               0x001079a0   Section        4  file_config.o(.constdata)
    .constdata                               0x001079a4   Section        8  file_config.o(.constdata)
    .constdata                               0x001079ac   Section        2  file_config.o(.constdata)
    .constdata                               0x001079b0   Section        4  file_config.o(.constdata)
    .constdata                               0x001079b4   Section        8  file_config.o(.constdata)
    .constdata                               0x001079bc   Section        2  file_config.o(.constdata)
    .constdata                               0x001079be   Section        2  file_config.o(.constdata)
    .constdata                               0x001079c0   Section        6  retarget.o(.constdata)
    .constdata                               0x001079c6   Section        7  retarget.o(.constdata)
    .constdata                               0x001079cd   Section        7  retarget.o(.constdata)
    .constdata                               0x001079d4   Section      169  fs_fat.o(.constdata)
    IniDevCfg                                0x001079d4   Data         156  fs_fat.o(.constdata)
    ChIndex                                  0x00107a70   Data          13  fs_fat.o(.constdata)
    .constdata                               0x00107a7d   Section       40  _printf_hex_ptr.o(.constdata)
    uc_hextab                                0x00107a7d   Data          20  _printf_hex_ptr.o(.constdata)
    lc_hextab                                0x00107a91   Data          20  _printf_hex_ptr.o(.constdata)
    .constdata                               0x00107aa5   Section       17  __printf_flags_ss_wp.o(.constdata)
    maptable                                 0x00107aa5   Data          17  __printf_flags_ss_wp.o(.constdata)
    locale$$data                             0x00107ad8   Section      272  lc_ctype_c.o(locale$$data)
    __lcctype_c_name                         0x00107adc   Data           2  lc_ctype_c.o(locale$$data)
    __lcctype_c_start                        0x00107ae4   Data           0  lc_ctype_c.o(locale$$data)
    __lcctype_c_end                          0x00107be8   Data           0  lc_ctype_c.o(locale$$data)
    .data                                    0x00200000   Section       20  fs_fat.o(.data)
    numOfEntries                             0x00200000   Data           1  fs_fat.o(.data)
    in_root_1x                               0x00200001   Data           1  fs_fat.o(.data)
    firstEntOffs                             0x00200002   Data           2  fs_fat.o(.data)
    free_clus                                0x00200004   Data           4  fs_fat.o(.data)
    top_clus                                 0x00200008   Data           4  fs_fat.o(.data)
    startDirClus                             0x0020000c   Data           4  fs_fat.o(.data)
    firstEntClus                             0x00200010   Data           4  fs_fat.o(.data)
    .data                                    0x00200014   Section        1  fs_mmc.o(.data)
    CardType                                 0x00200014   Data           1  fs_mmc.o(.data)
    .data                                    0x00200018   Section        4  stdio_streams.o(.data)
    .data                                    0x0020001c   Section        4  stdio_streams.o(.data)
    .data                                    0x00200020   Section        4  stdio_streams.o(.data)
    .bss                                     0x00200024   Section      160  sd_file.o(.bss)
    in_line                                  0x00200024   Data         160  sd_file.o(.bss)
    .bss                                     0x002000c4   Section      832  file_config.o(.bss)
    .bss                                     0x00200404   Section     5120  file_config.o(.bss)
    .bss                                     0x00201804   Section      340  fs_fat.o(.bss)
    fat                                      0x00201804   Data          12  fs_fat.o(.bss)
    ca                                       0x00201810   Data          20  fs_fat.o(.bss)
    mmc                                      0x00201824   Data          48  fs_fat.o(.bss)
    name_buf                                 0x00201854   Data         260  fs_fat.o(.bss)
    .bss                                     0x00201958   Section       80  stdio_streams.o(.bss)
    .bss                                     0x002019a8   Section       80  stdio_streams.o(.bss)
    .bss                                     0x002019f8   Section       80  stdio_streams.o(.bss)
    .bss                                     0x00201a48   Section       96  libspace.o(.bss)
    HEAP                                     0x00201aa8   Section     4096  sam7.o(HEAP)
    Heap_Mem                                 0x00201aa8   Data        4096  sam7.o(HEAP)
    STACK                                    0x00202aa8   Section      896  sam7.o(STACK)
    Stack_Mem                                0x00202aa8   Data         512  sam7.o(STACK)
    Stack_Top                                0x00202e28   Data           0  sam7.o(STACK)

    Global Symbols

    Symbol Name                              Value     Ov Type        Size  Object(Section)

    BuildAttributes$$THM_ISAv1$ARM_ISAv4$S$PE$A:L22$X:L11$S22$IEEE1$IW$USESV6$~STKCKD$USESV7$~SHL$OTIME$ROPI$EBA8$UX$STANDARDLIB$REQ8$PRES8$EABIv2 0x00000000   Number         0  anon$$obj.o ABSOLUTE
    __ARM_use_no_argv                        0x00000000   Number         0  sd_file.o ABSOLUTE
    _printf_flags                            0x00000000   Number         0  printf_stubs.o ABSOLUTE
    _printf_return_value                     0x00000000   Number         0  printf_stubs.o ABSOLUTE
    _printf_sizespec                         0x00000000   Number         0  printf_stubs.o ABSOLUTE
    _printf_widthprec                        0x00000000   Number         0  printf_stubs.o ABSOLUTE
    __ARM_exceptions_init                     - Undefined Weak Reference
    __alloca_initialize                       - Undefined Weak Reference
    __cpp_initialize__aeabi_                  - Undefined Weak Reference
    __cxa_finalize                            - Undefined Weak Reference
    __sigvec_lookup                           - Undefined Weak Reference
    __user_heap_extent                        - Undefined Weak Reference
    _atexit_init                              - Undefined Weak Reference
    _call_atexit_fns                          - Undefined Weak Reference
    _clock_init                               - Undefined Weak Reference
    _fp_trap_init                             - Undefined Weak Reference
    _fp_trap_shutdown                         - Undefined Weak Reference
    _get_lc_collate                           - Undefined Weak Reference
    _get_lc_monetary                          - Undefined Weak Reference
    _get_lc_numeric                           - Undefined Weak Reference
    _get_lc_time                              - Undefined Weak Reference
    _getenv_init                              - Undefined Weak Reference
    _handle_redirection                       - Undefined Weak Reference
    _mutex_acquire                            - Undefined Weak Reference
    _mutex_free                               - Undefined Weak Reference
    _mutex_release                            - Undefined Weak Reference
    _printf_mbtowc                            - Undefined Weak Reference
    _printf_truncate_signed                   - Undefined Weak Reference
    _printf_truncate_unsigned                 - Undefined Weak Reference
    _rand_init                                - Undefined Weak Reference
    _scanf_longlong                           - Undefined Weak Reference
    _scanf_mbtowc                             - Undefined Weak Reference
    _scanf_real                               - Undefined Weak Reference
    _scanf_string                             - Undefined Weak Reference
    _scanf_wctomb                             - Undefined Weak Reference
    _scanf_wstring                            - Undefined Weak Reference
    _signal_finish                            - Undefined Weak Reference
    _signal_init                              - Undefined Weak Reference
    __FS_ARM_VER                             0x00000411   Number         0  fs_finit.o ABSOLUTE
    Reset_Handler                            0x00100058   ARM Code       0  sam7.o(RESET)
    __main                                   0x00100150   ARM Code       8  __main.o(!!!main)
    __scatterload                            0x00100158   ARM Code       0  __scatter.o(!!!scatter)
    __scatterload_rt2                        0x00100158   ARM Code      52  __scatter.o(!!!scatter)
    __scatterload_null                       0x0010016c   ARM Code       0  __scatter.o(!!!scatter)
    __scatterload_copy                       0x00100194   ARM Code      40  __scatter_copy.o(!!handler_copy)
    __scatterload_zeroinit                   0x001001bc   ARM Code      44  __scatter_zi.o(!!handler_zi)
    Inline Thumb to ARM Veneer to _printf_percent 0x001001e9   Thumb Code     4  _printf_percent.o(.ARM.Collect$$_printf_percent$$00000000)
    _printf_n                                0x001001ec   ARM Code       0  _printf_n.o(.ARM.Collect$$_printf_percent$$00000001)
    _printf_percent                          0x001001ec   ARM Code       0  _printf_percent.o(.ARM.Collect$$_printf_percent$$00000000)
    _printf_p                                0x001001f4   ARM Code       0  _printf_p.o(.ARM.Collect$$_printf_percent$$00000002)
    _printf_d                                0x001001fc   ARM Code       0  _printf_d.o(.ARM.Collect$$_printf_percent$$00000009)
    _printf_s                                0x00100204   ARM Code       0  _printf_s.o(.ARM.Collect$$_printf_percent$$00000014)
    _printf_percent_end                      0x0010020c   ARM Code       0  _printf_percent_end.o(.ARM.Collect$$_printf_percent$$00000017)
    Inline ARM to Thumb Veneer to __rt_lib_init 0x00100214   ARM Code       8  libinit.o(.ARM.Collect$$libinit$$00000000)
    __rt_lib_init                            0x0010021d   Thumb Code     0  libinit.o(.ARM.Collect$$libinit$$00000000)
    __rt_lib_init_heap_2                     0x00100223   Thumb Code     0  libinit2.o(.ARM.Collect$$libinit$$00000001)
    __rt_lib_init_heap_1                     0x0010022b   Thumb Code     0  libinit2.o(.ARM.Collect$$libinit$$00000006)
    __rt_lib_init_lc_common                  0x0010022b   Thumb Code     0  libinit2.o(.ARM.Collect$$libinit$$0000000B)
    __rt_lib_init_rand_1                     0x0010022b   Thumb Code     0  libinit2.o(.ARM.Collect$$libinit$$0000000A)
    __rt_lib_init_user_alloc_1               0x0010022b   Thumb Code     0  libinit2.o(.ARM.Collect$$libinit$$00000008)
    __rt_lib_init_lc_collate_1               0x00100231   Thumb Code     0  libinit2.o(.ARM.Collect$$libinit$$0000000D)
    __rt_lib_init_lc_ctype_2                 0x00100231   Thumb Code     0  libinit2.o(.ARM.Collect$$libinit$$0000000E)
    __rt_lib_init_atexit_1                   0x0010023d   Thumb Code     0  libinit2.o(.ARM.Collect$$libinit$$00000017)
    __rt_lib_init_clock_1                    0x0010023d   Thumb Code     0  libinit2.o(.ARM.Collect$$libinit$$0000001D)
    __rt_lib_init_fp_trap_1                  0x0010023d   Thumb Code     0  libinit2.o(.ARM.Collect$$libinit$$0000001B)
    __rt_lib_init_getenv_1                   0x0010023d   Thumb Code     0  libinit2.o(.ARM.Collect$$libinit$$0000001F)
    __rt_lib_init_lc_ctype_1                 0x0010023d   Thumb Code     0  libinit2.o(.ARM.Collect$$libinit$$0000000F)
    __rt_lib_init_lc_monetary_1              0x0010023d   Thumb Code     0  libinit2.o(.ARM.Collect$$libinit$$00000011)
    __rt_lib_init_lc_numeric_1               0x0010023d   Thumb Code     0  libinit2.o(.ARM.Collect$$libinit$$00000013)
    __rt_lib_init_lc_time_1                  0x0010023d   Thumb Code     0  libinit2.o(.ARM.Collect$$libinit$$00000015)
    __rt_lib_init_signal_1                   0x0010023d   Thumb Code     0  libinit2.o(.ARM.Collect$$libinit$$00000019)
    __rt_lib_init_stdio_2                    0x0010023d   Thumb Code     0  libinit2.o(.ARM.Collect$$libinit$$00000020)
    __rt_lib_init_alloca_1                   0x00100241   Thumb Code     0  libinit2.o(.ARM.Collect$$libinit$$0000002A)
    __rt_lib_init_argv_1                     0x00100241   Thumb Code     0  libinit2.o(.ARM.Collect$$libinit$$00000028)
    __rt_lib_init_cpp_1                      0x00100241   Thumb Code     0  libinit2.o(.ARM.Collect$$libinit$$0000002E)
    __rt_lib_init_exceptions_1               0x00100241   Thumb Code     0  libinit2.o(.ARM.Collect$$libinit$$0000002C)
    __rt_lib_init_return                     0x00100241   Thumb Code     0  libinit2.o(.ARM.Collect$$libinit$$0000002F)
    __rt_lib_init_stdio_1                    0x00100241   Thumb Code     0  libinit2.o(.ARM.Collect$$libinit$$00000021)
    Inline ARM to Thumb Veneer to __rt_lib_shutdown 0x0010024c   ARM Code       8  libshutdown.o(.ARM.Collect$$libshutdown$$00000000)
    __rt_lib_shutdown                        0x00100255   Thumb Code     0  libshutdown.o(.ARM.Collect$$libshutdown$$00000000)
    __rt_lib_shutdown_stdio_2                0x00100259   Thumb Code     0  libshutdown2.o(.ARM.Collect$$libshutdown$$00000002)
    __rt_lib_shutdown_fp_trap_1              0x0010025d   Thumb Code     0  libshutdown2.o(.ARM.Collect$$libshutdown$$00000006)
    __rt_lib_shutdown_heap_1                 0x0010025d   Thumb Code     0  libshutdown2.o(.ARM.Collect$$libshutdown$$0000000E)
    __rt_lib_shutdown_return                 0x0010025d   Thumb Code     0  libshutdown2.o(.ARM.Collect$$libshutdown$$0000000F)
    __rt_lib_shutdown_signal_1               0x0010025d   Thumb Code     0  libshutdown2.o(.ARM.Collect$$libshutdown$$00000009)
    __rt_lib_shutdown_stdio_1                0x0010025d   Thumb Code     0  libshutdown2.o(.ARM.Collect$$libshutdown$$00000003)
    __rt_lib_shutdown_user_alloc_1           0x0010025d   Thumb Code     0  libshutdown2.o(.ARM.Collect$$libshutdown$$0000000B)
    __rt_entry                               0x00100264   ARM Code       0  rtentry.o(.ARM.Collect$$rtentry$$00000000)
    __rt_entry_presh_1                       0x00100264   ARM Code       0  rtentry2.o(.ARM.Collect$$rtentry$$00000002)
    __rt_entry_sh                            0x00100264   ARM Code       0  rtentry4.o(.ARM.Collect$$rtentry$$00000004)
    __rt_entry_li                            0x0010026c   ARM Code       0  rtentry2.o(.ARM.Collect$$rtentry$$0000000A)
    __rt_entry_postsh_1                      0x0010026c   ARM Code       0  rtentry2.o(.ARM.Collect$$rtentry$$00000009)
    __rt_entry_main                          0x00100270   ARM Code       0  rtentry2.o(.ARM.Collect$$rtentry$$0000000D)
    __rt_entry_postli_1                      0x00100270   ARM Code       0  rtentry2.o(.ARM.Collect$$rtentry$$0000000C)
    Inline Thumb to ARM Veneer to __rt_exit  0x00100299   Thumb Code     4  rtexit.o(.ARM.Collect$$rtexit$$00000000)
    __rt_exit                                0x0010029c   ARM Code       0  rtexit.o(.ARM.Collect$$rtexit$$00000000)
    __rt_exit_ls                             0x001002a0   ARM Code       0  rtexit2.o(.ARM.Collect$$rtexit$$00000003)
    __rt_exit_prels_1                        0x001002a0   ARM Code       0  rtexit2.o(.ARM.Collect$$rtexit$$00000002)
    __rt_exit_exit                           0x001002a4   ARM Code       0  rtexit2.o(.ARM.Collect$$rtexit$$00000004)
    _maybe_terminate_alloc                   0x001002ad   Thumb Code     0  maybetermalloc1.o(.emb_text)
    getline                                  0x001002ad   Thumb Code   142  getline.o(.text)
    main                                     0x00100c15   Thumb Code   144  sd_file.o(.text)
    __user_initial_stackheap                 0x00100f00   ARM Code       0  sam7.o(.text)
    spi_init                                 0x00100f25   Thumb Code    70  spi_sam7x.o(.text)
    spi_hi_speed                             0x00100f6b   Thumb Code    30  spi_sam7x.o(.text)
    spi_ss                                   0x00100f89   Thumb Code    20  spi_sam7x.o(.text)
    spi_send                                 0x00100f9d   Thumb Code    24  spi_sam7x.o(.text)
    init_serial                              0x00100fc5   Thumb Code    80  serial.o(.text)
    sendchar                                 0x00101015   Thumb Code    30  serial.o(.text)
    getkey                                   0x00101033   Thumb Code    16  serial.o(.text)
    _ttywrch                                 0x00101059   Thumb Code    12  retarget.o(.text)
    _sys_open                                0x00101065   Thumb Code    70  retarget.o(.text)
    _sys_close                               0x001010ab   Thumb Code    20  retarget.o(.text)
    _sys_write                               0x001010bf   Thumb Code    56  retarget.o(.text)
    _sys_read                                0x001010f7   Thumb Code    54  retarget.o(.text)
    _sys_istty                               0x0010112d   Thumb Code    16  retarget.o(.text)
    _sys_seek                                0x0010113d   Thumb Code    22  retarget.o(.text)
    _sys_ensure                              0x00101153   Thumb Code    22  retarget.o(.text)
    _sys_flen                                0x00101169   Thumb Code    30  retarget.o(.text)
    _sys_tmpnam                              0x00101187   Thumb Code     4  retarget.o(.text)
    _sys_command_string                      0x0010118b   Thumb Code     2  retarget.o(.text)
    _sys_exit                                0x0010118d   Thumb Code     2  retarget.o(.text)
    __semihosting$guard                      0x001011b0   ARM Code       0  use_no_semi.o(.text)
    __use_no_semihosting_swi                 0x001011b0   ARM Code       4  use_no_semi.o(.text)
    Inline Thumb to ARM Veneer to __aeabi_uldivmod 0x001011b5   Thumb Code     4  lludiv.o(.text)
    __aeabi_uldivmod                         0x001011b8   ARM Code       0  lludiv.o(.text)
    _ll_udiv                                 0x001011b8   ARM Code     720  lludiv.o(.text)
    _ll_udiv_donemoving                      0x001011cc   ARM Code       0  lludiv.o(.text)
    toupper                                  0x00101489   Thumb Code    34  toupper.o(.text)
    __2printf                                0x001014ad   Thumb Code    22  __2printf.o(.text)
    __2fprintf                               0x001014c9   Thumb Code    22  __2fprintf.o(.text)
    __2sprintf                               0x001014e1   Thumb Code    40  __2sprintf.o(.text)
    _printf_pre_padding                      0x0010150d   Thumb Code    50  _printf_pad.o(.text)
    _printf_post_padding                     0x0010153f   Thumb Code    36  _printf_pad.o(.text)
    _printf_str                              0x00101563   Thumb Code    88  _printf_str.o(.text)
    Inline ARM to Thumb Veneer to _printf_int_dec 0x001015bc   ARM Code       8  _printf_dec.o(.text)
    _printf_int_dec                          0x001015c5   Thumb Code    94  _printf_dec.o(.text)
    Inline ARM to Thumb Veneer to _printf_charcount 0x00101634   ARM Code       8  _printf_charcount.o(.text)
    _printf_charcount                        0x0010163d   Thumb Code    40  _printf_charcount.o(.text)
    Inline ARM to Thumb Veneer to _printf_hex_ptr 0x00101664   ARM Code       8  _printf_hex_ptr.o(.text)
    _printf_hex_ptr                          0x0010166d   Thumb Code    82  _printf_hex_ptr.o(.text)
    _printf_longlong_hex                     0x0010166d   Thumb Code     0  _printf_hex_ptr.o(.text)
    __printf                                 0x001016c5   Thumb Code   408  __printf_flags_ss_wp.o(.text)
    __0sscanf                                0x00101861   Thumb Code    54  __0sscanf.o(.text)
    _scanf_int                               0x001018a1   Thumb Code   348  _scanf_int.o(.text)
    _do_fflush                               0x001019fd   Thumb Code    58  fflush.o(.text)
    fflush                                   0x00101a37   Thumb Code    46  fflush.o(.text)
    fputs                                    0x00101a69   Thumb Code    38  fputs.o(.text)
    putc                                     0x00101a8f   Thumb Code    12  putc.o(.text)
    freopen                                  0x00101a9d   Thumb Code   152  fopen.o(.text)
    fopen                                    0x00101b35   Thumb Code    80  fopen.o(.text)
    _fclose_internal                         0x00101b8d   Thumb Code    76  fclose.o(.text)
    fclose                                   0x00101b8d   Thumb Code     0  fclose.o(.text)
    strcpy                                   0x00101bdd   Thumb Code    74  strcpy.o(.text)
    strlen                                   0x00101c2d   Thumb Code    64  strlen.o(.text)
    strcat                                   0x00101c71   Thumb Code    24  strcat.o(.text)
    Inline Thumb to ARM Veneer to __aeabi_memcpy 0x00101c89   Thumb Code     4  rt_memcpy.o(.text)
    __aeabi_memcpy                           0x00101c8c   ARM Code       0  rt_memcpy.o(.text)
    __rt_memcpy                              0x00101c8c   ARM Code     212  rt_memcpy.o(.text)
    _memcpy_lastbytes                        0x00101d40   ARM Code       0  rt_memcpy.o(.text)
    Inline Thumb to ARM Veneer to __aeabi_memcpy4 0x00101d61   Thumb Code     4  rt_memcpy_w.o(.text)
    __aeabi_memcpy4                          0x00101d64   ARM Code       0  rt_memcpy_w.o(.text)
    __aeabi_memcpy8                          0x00101d64   ARM Code       0  rt_memcpy_w.o(.text)
    __rt_memcpy_w                            0x00101d64   ARM Code     100  rt_memcpy_w.o(.text)
    _memcpy_lastbytes_aligned                0x00101db0   ARM Code       0  rt_memcpy_w.o(.text)
    Inline Thumb to ARM Veneer to __aeabi_memset 0x00101dc9   Thumb Code     4  aeabi_memset.o(.text)
    __aeabi_memset                           0x00101dcc   ARM Code      16  aeabi_memset.o(.text)
    Inline Thumb to ARM Veneer to __aeabi_memclr 0x00101ddd   Thumb Code     4  rt_memclr.o(.text)
    __aeabi_memclr                           0x00101de0   ARM Code       0  rt_memclr.o(.text)
    __rt_memclr                              0x00101de0   ARM Code      64  rt_memclr.o(.text)
    _memset                                  0x00101de4   ARM Code       0  rt_memclr.o(.text)
    Inline Thumb to ARM Veneer to __aeabi_memclr4 0x00101e21   Thumb Code     4  rt_memclr_w.o(.text)
    __aeabi_memclr4                          0x00101e24   ARM Code       0  rt_memclr_w.o(.text)
    __aeabi_memclr8                          0x00101e24   ARM Code       0  rt_memclr_w.o(.text)
    __rt_memclr_w                            0x00101e24   ARM Code      84  rt_memclr_w.o(.text)
    _memset_w                                0x00101e28   ARM Code       0  rt_memclr_w.o(.text)
    Inline Thumb to ARM Veneer to strcmp     0x00101e79   Thumb Code     4  strcmp.o(.text)
    strcmp                                   0x00101e7c   ARM Code     156  strcmp.o(.text)
    Inline Thumb to ARM Veneer to __aeabi_idivmod 0x00101f1d   Thumb Code     4  aeabi_sdiv.o(.text)
    __aeabi_idiv                             0x00101f20   ARM Code       0  aeabi_sdiv.o(.text)
    __aeabi_idivmod                          0x00101f20   ARM Code     384  aeabi_sdiv.o(.text)
    __use_two_region_memory                  0x001020a1   Thumb Code     2  heapauxi.o(.text)
    __rt_heap_escrow                         0x001020a3   Thumb Code     2  heapauxi.o(.text)
    __rt_heap_expand                         0x001020a5   Thumb Code     2  heapauxi.o(.text)
    Inline Thumb to ARM Veneer to __rt_ctype_table 0x001020a9   Thumb Code     4  rt_ctype_table.o(.text)
    __rt_ctype_table                         0x001020ac   ARM Code      24  rt_ctype_table.o(.text)
    malloc                                   0x001020c5   Thumb Code   110  h1_alloc.o(.text)
    free                                     0x00102133   Thumb Code    84  h1_free.o(.text)
    _printf_int_common                       0x00102187   Thumb Code   186  _printf_intcommon.o(.text)
    _printf_char_common                      0x0010224b   Thumb Code    34  _printf_char_common.o(.text)
    _sputc                                   0x00102271   Thumb Code    10  _sputc.o(.text)
    Inline ARM to Thumb Veneer to _printf_string 0x0010227c   ARM Code       8  _printf_char.o(.text)
    _printf_cs_common                        0x00102285   Thumb Code    26  _printf_char.o(.text)
    _printf_char                             0x0010229f   Thumb Code    16  _printf_char.o(.text)
    _printf_string                           0x001022af   Thumb Code     8  _printf_char.o(.text)
    _printf_char_file                        0x001022b9   Thumb Code    38  _printf_char_file.o(.text)
    _chval                                   0x001022e5   Thumb Code    30  _chval.o(.text)
    __vfscanf_char                           0x00102311   Thumb Code    34  scanf_char.o(.text)
    _sgetc                                   0x0010233d   Thumb Code    32  _sgetc.o(.text)
    _sbackspace                              0x0010235d   Thumb Code    38  _sgetc.o(.text)
    _readbuf                                 0x00102385   Thumb Code    62  filbuf.o(.text)
    _seteof                                  0x001023c3   Thumb Code    40  filbuf.o(.text)
    __filbuf                                 0x001023eb   Thumb Code   490  filbuf.o(.text)
    __filbuf_byte                            0x001023eb   Thumb Code     0  filbuf.o(.text)
    __filbuf_wide                            0x001023eb   Thumb Code     0  filbuf.o(.text)
    _fseek                                   0x001025e1   Thumb Code   244  fseek.o(.text)
    fseek                                    0x001025e1   Thumb Code     0  fseek.o(.text)
    _seterr                                  0x001026d9   Thumb Code    20  stdio.o(.text)
    _writebuf                                0x001026ed   Thumb Code    80  stdio.o(.text)
    _fflush                                  0x0010273d   Thumb Code    80  stdio.o(.text)
    _deferredlazyseek                        0x0010278d   Thumb Code    64  stdio.o(.text)
    _initio                                  0x001027d5   Thumb Code   220  initio.o(.text)
    _terminateio                             0x001028b1   Thumb Code    60  initio.o(.text)
    Inline Thumb to ARM Veneer to __rt_udiv10 0x00102919   Thumb Code     4  rtudiv10.o(.text)
    __rt_udiv10                              0x0010291c   ARM Code      44  rtudiv10.o(.text)
    Inline Thumb to ARM Veneer to __rt_heap_descriptor 0x00102949   Thumb Code     4  rt_heap_descriptor_intlibspace.o(.text)
    __rt_heap_descriptor                     0x0010294c   ARM Code      12  rt_heap_descriptor_intlibspace.o(.text)
    Inline Thumb to ARM Veneer to __rt_locale 0x00102959   Thumb Code     4  rt_locale_intlibspace.o(.text)
    __rt_locale                              0x0010295c   ARM Code      12  rt_locale_intlibspace.o(.text)
    __use_no_heap                            0x00102969   Thumb Code     2  hguard.o(.text)
    __heap$guard                             0x0010296b   Thumb Code     2  hguard.o(.text)
    _terminate_user_alloc                    0x0010296d   Thumb Code     2  init_alloc.o(.text)
    _init_user_alloc                         0x0010296f   Thumb Code     2  init_alloc.o(.text)
    __Heap_Full                              0x00102971   Thumb Code    36  init_alloc.o(.text)
    __Heap_Broken                            0x00102995   Thumb Code    14  init_alloc.o(.text)
    _init_alloc                              0x001029a3   Thumb Code    94  init_alloc.o(.text)
    __Heap_Initialize                        0x00102a01   Thumb Code    10  h1_init.o(.text)
    __Heap_DescSize                          0x00102a0b   Thumb Code     4  h1_init.o(.text)
    isspace                                  0x00102a0f   Thumb Code    22  isspace.o(.text)
    __vfscanf                                0x00102a25   Thumb Code   948  _scanf.o(.text)
    ferror                                   0x00102de5   Thumb Code     8  ferror.o(.text)
    __flsbuf                                 0x00102ded   Thumb Code   496  flsbuf.o(.text)
    __flsbuf_byte                            0x00102ded   Thumb Code     0  flsbuf.o(.text)
    __flsbuf_wide                            0x00102ded   Thumb Code     0  flsbuf.o(.text)
    _ftell_internal                          0x00102fe5   Thumb Code    70  ftell.o(.text)
    ftell                                    0x00102fe5   Thumb Code     0  ftell.o(.text)
    setvbuf                                  0x0010302d   Thumb Code    74  setvbuf.o(.text)
    fread                                    0x0010307d   Thumb Code   308  freadfast.o(.text)
    _flushlinebuffered                       0x001031b1   Thumb Code    50  flushlinebuffered.o(.text)
    __rt_SIGRTRED                            0x001031ed   Thumb Code    16  defsig_rtred_outer.o(.text)
    __user_libspace                          0x001031fc   ARM Code      12  libspace.o(.text)
    __user_perproc_libspace                  0x001031fc   ARM Code       0  libspace.o(.text)
    __user_perthread_libspace                0x001031fc   ARM Code       0  libspace.o(.text)
    __user_setup_stackheap                   0x00103208   ARM Code      96  sys_stackheap_outer.o(.text)
    Inline Thumb to ARM Veneer to __aeabi_errno_addr 0x00103269   Thumb Code     4  rt_errno_addr_intlibspace.o(.text)
    __aeabi_errno_addr                       0x0010326c   ARM Code      12  rt_errno_addr_intlibspace.o(.text)
    __errno$intlibspace                      0x0010326c   ARM Code       0  rt_errno_addr_intlibspace.o(.text)
    __rt_errno_addr$intlibspace              0x0010326c   ARM Code       0  rt_errno_addr_intlibspace.o(.text)
    __Heap_ProvideMemory                     0x00103279   Thumb Code    56  h1_extend.o(.text)
    fwrite                                   0x001032b1   Thumb Code   204  fwritefast.o(.text)
    exit                                     0x0010337d   Thumb Code    12  exit.o(.text)
    __sig_exit                               0x00103389   Thumb Code    16  defsig_exit.o(.text)
    __rt_SIGRTRED_inner                      0x00103399   Thumb Code    18  defsig_rtred_inner.o(.text)
    __rt_SIGRTMEM                            0x001033d1   Thumb Code    16  defsig_rtmem_outer.o(.text)
    __default_signal_display                 0x001033e1   Thumb Code    56  defsig_general.o(.text)
    __rt_SIGRTMEM_inner                      0x00103419   Thumb Code    26  defsig_rtmem_inner.o(.text)
    __rt_fp_status_addr                      0x0010346c   ARM Code      12  rt_fp_status_addr_intlibspace.o(.text)
    Inline Thumb to ARM Veneer to __aeabi_uidivmod 0x00103479   Thumb Code     4  aeabi_sdiv.o(.text_udiv)
    __aeabi_uidiv                            0x0010347c   ARM Code       0  aeabi_sdiv.o(.text_udiv)
    __aeabi_uidivmod                         0x0010347c   ARM Code      36  aeabi_sdiv.o(.text_udiv)
    Long ARM to Thumb Veneer to _sys_exit    0x001034a0   ARM Code      12  anon$$obj.o(Veneer$$Code)
    __ARM_common_call_via_r1                 0x001034ad   Thumb Code     2  sd_file.o(i.__ARM_common_call_via_r1)
    __ARM_common_call_via_r2                 0x001034af   Thumb Code     2  __printf.o(i.__ARM_common_call_via_r2)
    Inline Thumb to ARM Veneer to __ARM_common_ll_muluu 0x001034b1   Thumb Code     4  fs_fat.o(i.__ARM_common_ll_muluu)
    __ARM_common_ll_muluu                    0x001034b4   ARM Code      12  fs_fat.o(i.__ARM_common_ll_muluu)
    Inline Thumb to ARM Veneer to __ARM_common_switch8 0x001034c1   Thumb Code     4  fs_fat.o(i.__ARM_common_switch8)
    __ARM_common_switch8                     0x001034c4   ARM Code      24  fs_fat.o(i.__ARM_common_switch8)
    __fclose                                 0x001034dd   Thumb Code   114  _fs_fclose.o(i.__fclose)
    __flushbuf                               0x00103559   Thumb Code   126  _fs_flushbuf.o(i.__flushbuf)
    __fopen                                  0x001035e1   Thumb Code   342  _fs_fopen.o(i.__fopen)
    __getfsize                               0x00103749   Thumb Code   172  _fs_getfsize.o(i.__getfsize)
    __read                                   0x001037f9   Thumb Code   164  _fs_read.o(i.__read)
    __setfpos                                0x001038a5   Thumb Code   226  _fs_setfpos.o(i.__setfpos)
    __write                                  0x00103991   Thumb Code   238  _fs_write.o(i.__write)
    _fcreate                                 0x00103a89   Thumb Code   288  _fs_fcreate.o(i._fcreate)
    _fdelete                                 0x00103ba9   Thumb Code   134  _fs_fdelete.o(i._fdelete)
    _ffind                                   0x00103c31   Thumb Code   188  _fs_ffind.o(i._ffind)
    _frename                                 0x00103cf5   Thumb Code    82  _fs_frename.o(i._frename)
    _is_digit                                0x00103d47   Thumb Code    14  __printf_wp.o(i._is_digit)
    fat_close_write                          0x00104365   Thumb Code   168  fs_fat.o(i.fat_close_write)
    fat_create                               0x00104411   Thumb Code    86  fs_fat.o(i.fat_create)
    fat_delete                               0x0010446d   Thumb Code   100  fs_fat.o(i.fat_delete)
    fat_ffind                                0x001044d5   Thumb Code    68  fs_fat.o(i.fat_ffind)
    fat_find_file                            0x0010459d   Thumb Code    78  fs_fat.o(i.fat_find_file)
    fat_format                               0x001045f1   Thumb Code   762  fs_fat.o(i.fat_format)
    fat_free                                 0x0010491d   Thumb Code    48  fs_fat.o(i.fat_free)
    fat_init                                 0x00104955   Thumb Code    24  fs_fat.o(i.fat_init)
    fat_read                                 0x0010496d   Thumb Code   182  fs_fat.o(i.fat_read)
    fat_rename                               0x00104a29   Thumb Code   144  fs_fat.o(i.fat_rename)
    fat_set_fpos                             0x00104abd   Thumb Code    72  fs_fat.o(i.fat_set_fpos)
    fat_write                                0x00104b09   Thumb Code   214  fs_fat.o(i.fat_write)
    fdelete                                  0x00104be5   Thumb Code   120  fs_fdelete.o(i.fdelete)
    ffind                                    0x00104c69   Thumb Code   454  fs_ffind.o(i.ffind)
    fformat                                  0x00104e41   Thumb Code   160  fs_fformat.o(i.fformat)
    ffree                                    0x00104ef1   Thumb Code   132  fs_ffree.o(i.ffree)
    fgetc                                    0x00104f81   Thumb Code    32  fgetc.o(i.fgetc)
    finit                                    0x00104fb1   Thumb Code    52  fs_finit.o(i.finit)
    fn_cmp                                   0x00104ff1   Thumb Code    32  fs_lib.o(i.fn_cmp)
    fputc                                    0x00105011   Thumb Code    36  fputc.o(i.fputc)
    frename                                  0x00105035   Thumb Code   242  fs_frename.o(i.frename)
    fs_AllocBlock                            0x00105135   Thumb Code   170  _fs_flashio.o(i.fs_AllocBlock)
    fs_BlockFull                             0x001051df   Thumb Code    94  _fs_flashio.o(i.fs_BlockFull)
    fs_BlockInvalid                          0x0010523d   Thumb Code    54  _fs_flashio.o(i.fs_BlockInvalid)
    fs_EraseSector                           0x00105273   Thumb Code     4  fs_flashprg.o(i.fs_EraseSector)
    fs_Find_File                             0x00105279   Thumb Code   172  _fs_flashio.o(i.fs_Find_File)
    fs_Init                                  0x0010532d   Thumb Code     4  fs_flashprg.o(i.fs_Init)
    fs_InitBlock                             0x00105331   Thumb Code    64  _fs_flashio.o(i.fs_InitBlock)
    fs_ProgramPage                           0x0010537d   Thumb Code     4  fs_flashprg.o(i.fs_ProgramPage)
    fs_ReadBlock                             0x00105381   Thumb Code    34  _fs_flashio.o(i.fs_ReadBlock)
    fs_ReadData                              0x001053a3   Thumb Code    22  fs_lib.o(i.fs_ReadData)
    fs_WriteBlock                            0x001053b9   Thumb Code    62  _fs_flashio.o(i.fs_WriteBlock)
    fs_WriteData                             0x001053f7   Thumb Code    20  fs_lib.o(i.fs_WriteData)
    fs_adr_sig                               0x0010540b   Thumb Code    20  _fs_flashio.o(i.fs_adr_sig)
    fs_check_fwopen                          0x00105421   Thumb Code    50  _fs_flashio.o(i.fs_check_fwopen)
    fs_find_iob                              0x0010545d   Thumb Code    46  fs_lib.o(i.fs_find_iob)
    fs_get_date                              0x00105495   Thumb Code     4  fs_time.o(i.fs_get_date)
    fs_get_drive                             0x0010549d   Thumb Code    64  fs_lib.o(i.fs_get_drive)
    fs_get_freeID                            0x001054dd   Thumb Code    84  _fs_flashio.o(i.fs_get_freeID)
    fs_get_freeMem                           0x00105531   Thumb Code    60  _fs_flashio.o(i.fs_get_freeMem)
    fs_get_time                              0x0010556d   Thumb Code     6  fs_time.o(i.fs_get_time)
    fs_mark_fileMem                          0x00105573   Thumb Code   120  _fs_flashio.o(i.fs_mark_fileMem)
    fs_mark_freeMem                          0x001055eb   Thumb Code    66  _fs_flashio.o(i.fs_mark_freeMem)
    fs_rd_alloc                              0x0010562d   Thumb Code    40  _fs_flashio.o(i.fs_rd_alloc)
    fs_rd_sig                                0x00105655   Thumb Code    36  _fs_flashio.o(i.fs_rd_sig)
    fs_set_params                            0x00105679   Thumb Code    70  fs_lib.o(i.fs_set_params)
    fs_spi_EraseSector                       0x001056e1   Thumb Code     4  fs_flashprg.o(i.fs_spi_EraseSector)
    fs_spi_Init                              0x001056e5   Thumb Code     4  fs_flashprg.o(i.fs_spi_Init)
    fs_spi_ProgramPage                       0x001056e9   Thumb Code     4  fs_flashprg.o(i.fs_spi_ProgramPage)
    fs_spi_ReadData                          0x001056ed   Thumb Code     4  fs_flashprg.o(i.fs_spi_ReadData)
    fs_strpos                                0x001056f1   Thumb Code    26  fs_lib.o(i.fs_strpos)
    mmc_init                                 0x00106049   Thumb Code   430  fs_mmc.o(i.mmc_init)
    mmc_read_config                          0x001062d1   Thumb Code   230  fs_mmc.o(i.mmc_read_config)
    mmc_read_sect                            0x001063bd   Thumb Code    90  fs_mmc.o(i.mmc_read_sect)
    mmc_write_sect                           0x001064b1   Thumb Code    90  fs_mmc.o(i.mmc_write_sect)
    Inline Thumb to ARM Veneer to _get_lc_ctype 0x001073ad   Thumb Code     4  lc_ctype_c.o(locale$$code)
    _get_lc_ctype                            0x001073b0   ARM Code      80  lc_ctype_c.o(locale$$code)
    Inline Thumb to ARM Veneer to _fp_init   0x00107401   Thumb Code     4  fpinit.o(x$fpl$fpinit)
    _fp_init                                 0x00107404   ARM Code      24  fpinit.o(x$fpl$fpinit)
    __fplib_config_pureend_doubles           0x00107414   ARM Code       0  fpinit.o(x$fpl$fpinit)
    _NFILE                                   0x00107988   Data           2  file_config.o(.constdata)
    _DEF_DRIVE                               0x0010798a   Data           2  file_config.o(.constdata)
    _CPU_CLK                                 0x0010798c   Data           4  file_config.o(.constdata)
    FlashDev                                 0x00107990   Data           8  file_config.o(.constdata)
    _FlashNumSect                            0x00107998   Data           2  file_config.o(.constdata)
    _BlockFREE                               0x0010799c   Data           4  file_config.o(.constdata)
    _BASE_ADR                                0x001079a0   Data           4  file_config.o(.constdata)
    SpiDev                                   0x001079a4   Data           8  file_config.o(.constdata)
    _SpiNumSect                              0x001079ac   Data           2  file_config.o(.constdata)
    _SpiBlFREE                               0x001079b0   Data           4  file_config.o(.constdata)
    RamDev                                   0x001079b4   Data           8  file_config.o(.constdata)
    _RamNumSect                              0x001079bc   Data           2  file_config.o(.constdata)
    _MC_CSIZE                                0x001079be   Data           2  file_config.o(.constdata)
    __stdin_name                             0x001079c0   Data           6  retarget.o(.constdata)
    __stdout_name                            0x001079c6   Data           7  retarget.o(.constdata)
    __stderr_name                            0x001079cd   Data           7  retarget.o(.constdata)
    Region$$Table$$Base                      0x00107ab8   Number         0  anon$$obj.o(Region$$Table)
    Region$$Table$$Limit                     0x00107ad8   Number         0  anon$$obj.o(Region$$Table)
    __ctype                                  0x00107ae5   Data           0  lc_ctype_c.o(locale$$data)
    __aeabi_stdin                            0x00200018   Data           4  stdio_streams.o(.data)
    __aeabi_stdout                           0x0020001c   Data           4  stdio_streams.o(.data)
    __aeabi_stderr                           0x00200020   Data           4  stdio_streams.o(.data)
    _iob                                     0x002000c4   Data         832  file_config.o(.bss)
    mc_cache                                 0x00200404   Data        5120  file_config.o(.bss)
    __stdin                                  0x00201958   Data          80  stdio_streams.o(.bss)
    __stdout                                 0x002019a8   Data          80  stdio_streams.o(.bss)
    __stderr                                 0x002019f8   Data          80  stdio_streams.o(.bss)
    __libspace_start                         0x00201a48   Data          96  libspace.o(.bss)
    __temporary_stack_top$libspace           0x00201aa8   Data           0  libspace.o(.bss)



==============================================================================

Memory Map of the image

  Image Entry point : 0x00100150

  Load Region LR_IROM1 (Base: 0x00100000, Size: 0x00007c0c, Max: 0x00040000, ABSOLUTE)

    Execution Region ER_IROM1 (Base: 0x00100000, Size: 0x00007be8, Max: 0x00040000, ABSOLUTE)

    Base Addr    Size         Type   Attr      Idx    E Section Name        Object

    0x00100000   0x00000150   Code   RO           55    RESET               sam7.o
    0x00100150   0x00000008   Code   RO         1153  * !!!main             c_t.l(__main.o)
    0x00100158   0x0000003c   Code   RO         1526    !!!scatter          c_t.l(__scatter.o)
    0x00100194   0x00000028   Code   RO         1528    !!handler_copy      c_t.l(__scatter_copy.o)
    0x001001bc   0x0000002c   Code   RO         1530    !!handler_zi        c_t.l(__scatter_zi.o)
    0x001001e8   0x00000004   Ven    RO         1080    .ARM.Collect$$_printf_percent$$00000000  c_t.l(_printf_percent.o)
    0x001001ec   0x00000000   Code   RO         1080    .ARM.Collect$$_printf_percent$$00000000  c_t.l(_printf_percent.o)
    0x001001ec   0x00000008   Code   RO         1077    .ARM.Collect$$_printf_percent$$00000001  c_t.l(_printf_n.o)
    0x001001f4   0x00000008   Code   RO         1078    .ARM.Collect$$_printf_percent$$00000002  c_t.l(_printf_p.o)
    0x001001fc   0x00000008   Code   RO         1079    .ARM.Collect$$_printf_percent$$00000009  c_t.l(_printf_d.o)
    0x00100204   0x00000008   Code   RO         1076    .ARM.Collect$$_printf_percent$$00000014  c_t.l(_printf_s.o)
    0x0010020c   0x00000008   Code   RO         1244    .ARM.Collect$$_printf_percent$$00000017  c_t.l(_printf_percent_end.o)
    0x00100214   0x00000008   Ven    RO         1472    .ARM.Collect$$libinit$$00000000  c_t.l(libinit.o)
    0x0010021c   0x00000006   Code   RO         1472    .ARM.Collect$$libinit$$00000000  c_t.l(libinit.o)
    0x00100222   0x00000008   Code   RO         1360    .ARM.Collect$$libinit$$00000001  c_t.l(libinit2.o)
    0x0010022a   0x00000000   Code   RO         1362    .ARM.Collect$$libinit$$00000006  c_t.l(libinit2.o)
    0x0010022a   0x00000000   Code   RO         1364    .ARM.Collect$$libinit$$00000008  c_t.l(libinit2.o)
    0x0010022a   0x00000000   Code   RO         1366    .ARM.Collect$$libinit$$0000000A  c_t.l(libinit2.o)
    0x0010022a   0x00000006   Code   RO         1367    .ARM.Collect$$libinit$$0000000B  c_t.l(libinit2.o)
    0x00100230   0x00000000   Code   RO         1369    .ARM.Collect$$libinit$$0000000D  c_t.l(libinit2.o)
    0x00100230   0x0000000c   Code   RO         1370    .ARM.Collect$$libinit$$0000000E  c_t.l(libinit2.o)
    0x0010023c   0x00000000   Code   RO         1371    .ARM.Collect$$libinit$$0000000F  c_t.l(libinit2.o)
    0x0010023c   0x00000000   Code   RO         1373    .ARM.Collect$$libinit$$00000011  c_t.l(libinit2.o)
    0x0010023c   0x00000000   Code   RO         1375    .ARM.Collect$$libinit$$00000013  c_t.l(libinit2.o)
    0x0010023c   0x00000000   Code   RO         1377    .ARM.Collect$$libinit$$00000015  c_t.l(libinit2.o)
    0x0010023c   0x00000000   Code   RO         1379    .ARM.Collect$$libinit$$00000017  c_t.l(libinit2.o)
    0x0010023c   0x00000000   Code   RO         1381    .ARM.Collect$$libinit$$00000019  c_t.l(libinit2.o)
    0x0010023c   0x00000000   Code   RO         1383    .ARM.Collect$$libinit$$0000001B  c_t.l(libinit2.o)
    0x0010023c   0x00000000   Code   RO         1385    .ARM.Collect$$libinit$$0000001D  c_t.l(libinit2.o)
    0x0010023c   0x00000000   Code   RO         1387    .ARM.Collect$$libinit$$0000001F  c_t.l(libinit2.o)
    0x0010023c   0x00000004   Code   RO         1388    .ARM.Collect$$libinit$$00000020  c_t.l(libinit2.o)
    0x00100240   0x00000000   Code   RO         1389    .ARM.Collect$$libinit$$00000021  c_t.l(libinit2.o)
    0x00100240   0x00000000   Code   RO         1393    .ARM.Collect$$libinit$$00000028  c_t.l(libinit2.o)
    0x00100240   0x00000000   Code   RO         1395    .ARM.Collect$$libinit$$0000002A  c_t.l(libinit2.o)
    0x00100240   0x00000000   Code   RO         1397    .ARM.Collect$$libinit$$0000002C  c_t.l(libinit2.o)
    0x00100240   0x00000000   Code   RO         1399    .ARM.Collect$$libinit$$0000002E  c_t.l(libinit2.o)
    0x00100240   0x0000000c   Code   RO         1400    .ARM.Collect$$libinit$$0000002F  c_t.l(libinit2.o)
    0x0010024c   0x00000008   Ven    RO         1523    .ARM.Collect$$libshutdown$$00000000  c_t.l(libshutdown.o)
    0x00100254   0x00000004   Code   RO         1523    .ARM.Collect$$libshutdown$$00000000  c_t.l(libshutdown.o)
    0x00100258   0x00000004   Code   RO         1402    .ARM.Collect$$libshutdown$$00000002  c_t.l(libshutdown2.o)
    0x0010025c   0x00000000   Code   RO         1403    .ARM.Collect$$libshutdown$$00000003  c_t.l(libshutdown2.o)
    0x0010025c   0x00000000   Code   RO         1406    .ARM.Collect$$libshutdown$$00000006  c_t.l(libshutdown2.o)
    0x0010025c   0x00000000   Code   RO         1409    .ARM.Collect$$libshutdown$$00000009  c_t.l(libshutdown2.o)
    0x0010025c   0x00000000   Code   RO         1411    .ARM.Collect$$libshutdown$$0000000B  c_t.l(libshutdown2.o)
    0x0010025c   0x00000000   Code   RO         1414    .ARM.Collect$$libshutdown$$0000000E  c_t.l(libshutdown2.o)
    0x0010025c   0x00000006   Code   RO         1415    .ARM.Collect$$libshutdown$$0000000F  c_t.l(libshutdown2.o)
    0x00100262   0x00000002   PAD
    0x00100264   0x00000000   Code   RO         1157    .ARM.Collect$$rtentry$$00000000  c_t.l(rtentry.o)
    0x00100264   0x00000000   Code   RO         1273    .ARM.Collect$$rtentry$$00000002  c_t.l(rtentry2.o)
    0x00100264   0x00000008   Code   RO         1285    .ARM.Collect$$rtentry$$00000004  c_t.l(rtentry4.o)
    0x0010026c   0x00000000   Code   RO         1275    .ARM.Collect$$rtentry$$00000009  c_t.l(rtentry2.o)
    0x0010026c   0x00000004   Code   RO         1276    .ARM.Collect$$rtentry$$0000000A  c_t.l(rtentry2.o)
    0x00100270   0x00000000   Code   RO         1278    .ARM.Collect$$rtentry$$0000000C  c_t.l(rtentry2.o)
    0x00100270   0x00000028   Code   RO         1279    .ARM.Collect$$rtentry$$0000000D  c_t.l(rtentry2.o)
    0x00100298   0x00000004   Ven    RO         1473    .ARM.Collect$$rtexit$$00000000  c_t.l(rtexit.o)
    0x0010029c   0x00000004   Code   RO         1473    .ARM.Collect$$rtexit$$00000000  c_t.l(rtexit.o)
    0x001002a0   0x00000000   Code   RO         1492    .ARM.Collect$$rtexit$$00000002  c_t.l(rtexit2.o)
    0x001002a0   0x00000004   Code   RO         1493    .ARM.Collect$$rtexit$$00000003  c_t.l(rtexit2.o)
    0x001002a4   0x00000008   Code   RO         1494    .ARM.Collect$$rtexit$$00000004  c_t.l(rtexit2.o)
    0x001002ac   0x00000000   Code   RO         1432    .emb_text           c_t.l(maybetermalloc1.o)
    0x001002ac   0x00000094   Code   RO            1    .text               getline.o
    0x00100340   0x00000bc0   Code   RO           25    .text               sd_file.o
    0x00100f00   0x00000024   Code   RO           56    .text               sam7.o
    0x00100f24   0x000000a0   Code   RO           92    .text               spi_sam7x.o
    0x00100fc4   0x00000094   Code   RO          107    .text               serial.o
    0x00101058   0x00000158   Code   RO          122    .text               retarget.o
    0x001011b0   0x00000004   Code   RO         1005    .text               c_t.l(use_no_semi.o)
    0x001011b4   0x00000004   Ven    RO         1007    .text               c_t.l(lludiv.o)
    0x001011b8   0x000002d0   Code   RO         1007    .text               c_t.l(lludiv.o)
    0x00101488   0x00000022   Code   RO         1009    .text               c_t.l(toupper.o)
    0x001014aa   0x00000002   PAD
    0x001014ac   0x0000001c   Code   RO         1011    .text               c_t.l(__2printf.o)
    0x001014c8   0x00000016   Code   RO         1013    .text               c_t.l(__2fprintf.o)
    0x001014de   0x00000002   PAD
    0x001014e0   0x0000002c   Code   RO         1015    .text               c_t.l(__2sprintf.o)
    0x0010150c   0x00000056   Code   RO         1027    .text               c_t.l(_printf_pad.o)
    0x00101562   0x00000058   Code   RO         1029    .text               c_t.l(_printf_str.o)
    0x001015ba   0x00000002   PAD
    0x001015bc   0x00000008   Ven    RO         1031    .text               c_t.l(_printf_dec.o)
    0x001015c4   0x00000070   Code   RO         1031    .text               c_t.l(_printf_dec.o)
    0x00101634   0x00000008   Ven    RO         1033    .text               c_t.l(_printf_charcount.o)
    0x0010163c   0x00000028   Code   RO         1033    .text               c_t.l(_printf_charcount.o)
    0x00101664   0x00000008   Ven    RO         1044    .text               c_t.l(_printf_hex_ptr.o)
    0x0010166c   0x00000058   Code   RO         1044    .text               c_t.l(_printf_hex_ptr.o)
    0x001016c4   0x0000019c   Code   RO         1073    .text               c_t.l(__printf_flags_ss_wp.o)
    0x00101860   0x00000040   Code   RO         1081    .text               c_t.l(__0sscanf.o)
    0x001018a0   0x0000015c   Code   RO         1083    .text               c_t.l(_scanf_int.o)
    0x001019fc   0x0000006c   Code   RO         1085    .text               c_t.l(fflush.o)
    0x00101a68   0x00000026   Code   RO         1091    .text               c_t.l(fputs.o)
    0x00101a8e   0x0000000c   Code   RO         1097    .text               c_t.l(putc.o)
    0x00101a9a   0x00000002   PAD
    0x00101a9c   0x000000f0   Code   RO         1099    .text               c_t.l(fopen.o)
    0x00101b8c   0x00000050   Code   RO         1107    .text               c_t.l(fclose.o)
    0x00101bdc   0x00000050   Code   RO         1117    .text               c_t.l(strcpy.o)
    0x00101c2c   0x00000044   Code   RO         1119    .text               c_t.l(strlen.o)
    0x00101c70   0x00000018   Code   RO         1121    .text               c_t.l(strcat.o)
    0x00101c88   0x00000004   Ven    RO         1123    .text               c_t.l(rt_memcpy.o)
    0x00101c8c   0x000000d4   Code   RO         1123    .text               c_t.l(rt_memcpy.o)
    0x00101d60   0x00000004   Ven    RO         1125    .text               c_t.l(rt_memcpy_w.o)
    0x00101d64   0x00000064   Code   RO         1125    .text               c_t.l(rt_memcpy_w.o)
    0x00101dc8   0x00000004   Ven    RO         1127    .text               c_t.l(aeabi_memset.o)
    0x00101dcc   0x00000010   Code   RO         1127    .text               c_t.l(aeabi_memset.o)
    0x00101ddc   0x00000004   Ven    RO         1129    .text               c_t.l(rt_memclr.o)
    0x00101de0   0x00000040   Code   RO         1129    .text               c_t.l(rt_memclr.o)
    0x00101e20   0x00000004   Ven    RO         1131    .text               c_t.l(rt_memclr_w.o)
    0x00101e24   0x00000054   Code   RO         1131    .text               c_t.l(rt_memclr_w.o)
    0x00101e78   0x00000004   Ven    RO         1133    .text               c_t.l(strcmp.o)
    0x00101e7c   0x000000a0   Code   RO         1133    .text               c_t.l(strcmp.o)
    0x00101f1c   0x00000004   Ven    RO         1135    .text               c_t.l(aeabi_sdiv.o)
    0x00101f20   0x00000180   Code   RO         1135    .text               c_t.l(aeabi_sdiv.o)
    0x001020a0   0x00000006   Code   RO         1151    .text               c_t.l(heapauxi.o)
    0x001020a6   0x00000002   PAD
    0x001020a8   0x00000004   Ven    RO         1158    .text               c_t.l(rt_ctype_table.o)
    0x001020ac   0x00000018   Code   RO         1158    .text               c_t.l(rt_ctype_table.o)
    0x001020c4   0x0000006e   Code   RO         1172    .text               c_t.l(h1_alloc.o)
    0x00102132   0x00000054   Code   RO         1174    .text               c_t.l(h1_free.o)
    0x00102186   0x000000ba   Code   RO         1234    .text               c_t.l(_printf_intcommon.o)
    0x00102240   0x00000030   Code   RO         1236    .text               c_t.l(_printf_char_common.o)
    0x00102270   0x0000000a   Code   RO         1238    .text               c_t.l(_sputc.o)
    0x0010227a   0x00000002   PAD
    0x0010227c   0x00000008   Ven    RO         1240    .text               c_t.l(_printf_char.o)
    0x00102284   0x00000032   Code   RO         1240    .text               c_t.l(_printf_char.o)
    0x001022b6   0x00000002   PAD
    0x001022b8   0x0000002c   Code   RO         1242    .text               c_t.l(_printf_char_file.o)
    0x001022e4   0x0000001e   Code   RO         1245    .text               c_t.l(_chval.o)
    0x00102302   0x00000002   PAD
    0x00102304   0x00000038   Code   RO         1247    .text               c_t.l(scanf_char.o)
    0x0010233c   0x00000046   Code   RO         1249    .text               c_t.l(_sgetc.o)
    0x00102382   0x00000002   PAD
    0x00102384   0x0000025c   Code   RO         1251    .text               c_t.l(filbuf.o)
    0x001025e0   0x000000f8   Code   RO         1257    .text               c_t.l(fseek.o)
    0x001026d8   0x000000fc   Code   RO         1259    .text               c_t.l(stdio.o)
    0x001027d4   0x00000144   Code   RO         1262    .text               c_t.l(initio.o)
    0x00102918   0x00000004   Ven    RO         1268    .text               c_t.l(rtudiv10.o)
    0x0010291c   0x0000002c   Code   RO         1268    .text               c_t.l(rtudiv10.o)
    0x00102948   0x00000004   Ven    RO         1292    .text               c_t.l(rt_heap_descriptor_intlibspace.o)
    0x0010294c   0x0000000c   Code   RO         1292    .text               c_t.l(rt_heap_descriptor_intlibspace.o)
    0x00102958   0x00000004   Ven    RO         1297    .text               c_t.l(rt_locale_intlibspace.o)
    0x0010295c   0x0000000c   Code   RO         1297    .text               c_t.l(rt_locale_intlibspace.o)
    0x00102968   0x00000004   Code   RO         1299    .text               c_t.l(hguard.o)
    0x0010296c   0x00000094   Code   RO         1301    .text               c_t.l(init_alloc.o)
    0x00102a00   0x0000000e   Code   RO         1305    .text               c_t.l(h1_init.o)
    0x00102a0e   0x00000016   Code   RO         1319    .text               c_t.l(isspace.o)
    0x00102a24   0x000003c0   Code   RO         1325    .text               c_t.l(_scanf.o)
    0x00102de4   0x00000008   Code   RO         1327    .text               c_t.l(ferror.o)
    0x00102dec   0x000001f8   Code   RO         1329    .text               c_t.l(flsbuf.o)
    0x00102fe4   0x00000046   Code   RO         1331    .text               c_t.l(ftell.o)
    0x0010302a   0x00000002   PAD
    0x0010302c   0x00000050   Code   RO         1333    .text               c_t.l(setvbuf.o)
    0x0010307c   0x00000134   Code   RO         1335    .text               c_t.l(freadfast.o)
    0x001031b0   0x0000003c   Code   RO         1339    .text               c_t.l(flushlinebuffered.o)
    0x001031ec   0x00000010   Code   RO         1354    .text               c_t.l(defsig_rtred_outer.o)
    0x001031fc   0x0000000c   Code   RO         1418    .text               c_t.l(libspace.o)
    0x00103208   0x00000060   Code   RO         1421    .text               c_t.l(sys_stackheap_outer.o)
    0x00103268   0x00000004   Ven    RO         1428    .text               c_t.l(rt_errno_addr_intlibspace.o)
    0x0010326c   0x0000000c   Code   RO         1428    .text               c_t.l(rt_errno_addr_intlibspace.o)
    0x00103278   0x00000038   Code   RO         1434    .text               c_t.l(h1_extend.o)
    0x001032b0   0x000000cc   Code   RO         1440    .text               c_t.l(fwritefast.o)
    0x0010337c   0x0000000c   Code   RO         1446    .text               c_t.l(exit.o)
    0x00103388   0x00000010   Code   RO         1448    .text               c_t.l(defsig_exit.o)
    0x00103398   0x00000038   Code   RO         1454    .text               c_t.l(defsig_rtred_inner.o)
    0x001033d0   0x00000010   Code   RO         1456    .text               c_t.l(defsig_rtmem_outer.o)
    0x001033e0   0x00000038   Code   RO         1479    .text               c_t.l(defsig_general.o)
    0x00103418   0x00000054   Code   RO         1483    .text               c_t.l(defsig_rtmem_inner.o)
    0x0010346c   0x0000000c   Code   RO         1501    .text               c_t.l(rt_fp_status_addr_intlibspace.o)
    0x00103478   0x00000004   Ven    RO         1136    .text_udiv          c_t.l(aeabi_sdiv.o)
    0x0010347c   0x00000024   Code   RO         1136    .text_udiv          c_t.l(aeabi_sdiv.o)
    0x001034a0   0x0000000c   Ven    RO         1558    Veneer$$Code        anon$$obj.o
    0x001034ac   0x00000002   Code   RO           37    i.__ARM_common_call_via_r1  sd_file.o
    0x001034ae   0x00000002   Code   RO         1025    i.__ARM_common_call_via_r2  c_t.l(__printf.o)
    0x001034b0   0x00000004   Ven    RO          690    i.__ARM_common_ll_muluu  FS_ARM_L.lib(fs_fat.o)
    0x001034b4   0x0000000c   Code   RO          690    i.__ARM_common_ll_muluu  FS_ARM_L.lib(fs_fat.o)
    0x001034c0   0x00000004   Ven    RO          688    i.__ARM_common_switch8  FS_ARM_L.lib(fs_fat.o)
    0x001034c4   0x00000018   Code   RO          688    i.__ARM_common_switch8  FS_ARM_L.lib(fs_fat.o)
    0x001034dc   0x0000007c   Code   RO          287    i.__fclose          FS_ARM_L.lib(_fs_fclose.o)
    0x00103558   0x00000088   Code   RO          323    i.__flushbuf        FS_ARM_L.lib(_fs_flushbuf.o)
    0x001035e0   0x00000168   Code   RO          257    i.__fopen           FS_ARM_L.lib(_fs_fopen.o)
    0x00103748   0x000000b0   Code   RO          347    i.__getfsize        FS_ARM_L.lib(_fs_getfsize.o)
    0x001037f8   0x000000ac   Code   RO          299    i.__read            FS_ARM_L.lib(_fs_read.o)
    0x001038a4   0x000000ec   Code   RO          335    i.__setfpos         FS_ARM_L.lib(_fs_setfpos.o)
    0x00103990   0x000000f8   Code   RO          311    i.__write           FS_ARM_L.lib(_fs_write.o)
    0x00103a88   0x00000120   Code   RO          743    i._fcreate          FS_ARM_L.lib(_fs_fcreate.o)
    0x00103ba8   0x00000086   Code   RO          755    i._fdelete          FS_ARM_L.lib(_fs_fdelete.o)
    0x00103c2e   0x00000002   PAD
    0x00103c30   0x000000c4   Code   RO          779    i._ffind            FS_ARM_L.lib(_fs_ffind.o)
    0x00103cf4   0x00000052   Code   RO          767    i._frename          FS_ARM_L.lib(_fs_frename.o)
    0x00103d46   0x0000000e   Code   RO         1066    i._is_digit         c_t.l(__printf_wp.o)
    0x00103d54   0x00000110   Code   RO          359    i.alloc_name        FS_ARM_L.lib(fs_fat.o)
    0x00103e64   0x00000048   Code   RO          360    i.alloc_new_clus    FS_ARM_L.lib(fs_fat.o)
    0x00103eac   0x0000006c   Code   RO          361    i.cache_fat         FS_ARM_L.lib(fs_fat.o)
    0x00103f18   0x0000007a   Code   RO          362    i.check_lfn         FS_ARM_L.lib(fs_fat.o)
    0x00103f92   0x0000000e   Code   RO          363    i.check_name        FS_ARM_L.lib(fs_fat.o)
    0x00103fa0   0x000000b4   Code   RO          364    i.chk_dir_empty     FS_ARM_L.lib(fs_fat.o)
    0x00104054   0x00000026   Code   RO          365    i.chk_param         FS_ARM_L.lib(fs_fat.o)
    0x0010407a   0x00000002   PAD
    0x0010407c   0x00000048   Code   RO          366    i.clear_clus        FS_ARM_L.lib(fs_fat.o)
    0x001040c4   0x00000024   Code   RO          367    i.clus_to_sect      FS_ARM_L.lib(fs_fat.o)
    0x001040e8   0x00000118   Code   RO          368    i.count_free_clus   FS_ARM_L.lib(fs_fat.o)
    0x00104200   0x000000ae   Code   RO          369    i.cvt_fatname       FS_ARM_L.lib(fs_fat.o)
    0x001042ae   0x00000002   PAD
    0x001042b0   0x000000b4   Code   RO          370    i.delete_entries    FS_ARM_L.lib(fs_fat.o)
    0x00104364   0x000000ac   Code   RO          371    i.fat_close_write   FS_ARM_L.lib(fs_fat.o)
    0x00104410   0x0000005c   Code   RO          372    i.fat_create        FS_ARM_L.lib(fs_fat.o)
    0x0010446c   0x00000068   Code   RO          373    i.fat_delete        FS_ARM_L.lib(fs_fat.o)
    0x001044d4   0x00000048   Code   RO          374    i.fat_ffind         FS_ARM_L.lib(fs_fat.o)
    0x0010451c   0x00000080   Code   RO          375    i.fat_find_dir      FS_ARM_L.lib(fs_fat.o)
    0x0010459c   0x00000054   Code   RO          376    i.fat_find_file     FS_ARM_L.lib(fs_fat.o)
    0x001045f0   0x0000032c   Code   RO          377    i.fat_format        FS_ARM_L.lib(fs_fat.o)
    0x0010491c   0x00000038   Code   RO          378    i.fat_free          FS_ARM_L.lib(fs_fat.o)
    0x00104954   0x00000018   Code   RO          379    i.fat_init          FS_ARM_L.lib(fs_fat.o)
    0x0010496c   0x000000bc   Code   RO          380    i.fat_read          FS_ARM_L.lib(fs_fat.o)
    0x00104a28   0x00000094   Code   RO          381    i.fat_rename        FS_ARM_L.lib(fs_fat.o)
    0x00104abc   0x0000004c   Code   RO          382    i.fat_set_fpos      FS_ARM_L.lib(fs_fat.o)
    0x00104b08   0x000000dc   Code   RO          383    i.fat_write         FS_ARM_L.lib(fs_fat.o)
    0x00104be4   0x00000084   Code   RO          184    i.fdelete           FS_ARM_L.lib(fs_fdelete.o)
    0x00104c68   0x000001d8   Code   RO          230    i.ffind             FS_ARM_L.lib(fs_ffind.o)
    0x00104e40   0x000000b0   Code   RO          218    i.fformat           FS_ARM_L.lib(fs_fformat.o)
    0x00104ef0   0x00000090   Code   RO          245    i.ffree             FS_ARM_L.lib(fs_ffree.o)
    0x00104f80   0x00000020   Code   RO         1088    i.fgetc             c_t.l(fgetc.o)
    0x00104fa0   0x0000000e   Code   RO          384    i.find_name         FS_ARM_L.lib(fs_fat.o)
    0x00104fae   0x00000002   PAD
    0x00104fb0   0x00000040   Code   RO          160    i.finit             FS_ARM_L.lib(fs_finit.o)
    0x00104ff0   0x00000020   Code   RO          695    i.fn_cmp            FS_ARM_L.lib(fs_lib.o)
    0x00105010   0x00000024   Code   RO         1254    i.fputc             c_t.l(fputc.o)
    0x00105034   0x00000100   Code   RO          196    i.frename           FS_ARM_L.lib(fs_frename.o)
    0x00105134   0x000000aa   Code   RO          791    i.fs_AllocBlock     FS_ARM_L.lib(_fs_flashio.o)
    0x001051de   0x0000005e   Code   RO          792    i.fs_BlockFull      FS_ARM_L.lib(_fs_flashio.o)
    0x0010523c   0x00000036   Code   RO          793    i.fs_BlockInvalid   FS_ARM_L.lib(_fs_flashio.o)
    0x00105272   0x00000004   Code   RO          885    i.fs_EraseSector    FS_ARM_L.lib(fs_flashprg.o)
    0x00105276   0x00000002   PAD
    0x00105278   0x000000b4   Code   RO          794    i.fs_Find_File      FS_ARM_L.lib(_fs_flashio.o)
    0x0010532c   0x00000004   Code   RO          886    i.fs_Init           FS_ARM_L.lib(fs_flashprg.o)
    0x00105330   0x0000004c   Code   RO          795    i.fs_InitBlock      FS_ARM_L.lib(_fs_flashio.o)
    0x0010537c   0x00000004   Code   RO          887    i.fs_ProgramPage    FS_ARM_L.lib(fs_flashprg.o)
    0x00105380   0x00000022   Code   RO          796    i.fs_ReadBlock      FS_ARM_L.lib(_fs_flashio.o)
    0x001053a2   0x00000016   Code   RO          696    i.fs_ReadData       FS_ARM_L.lib(fs_lib.o)
    0x001053b8   0x0000003e   Code   RO          797    i.fs_WriteBlock     FS_ARM_L.lib(_fs_flashio.o)
    0x001053f6   0x00000014   Code   RO          697    i.fs_WriteData      FS_ARM_L.lib(fs_lib.o)
    0x0010540a   0x00000014   Code   RO          798    i.fs_adr_sig        FS_ARM_L.lib(_fs_flashio.o)
    0x0010541e   0x00000002   PAD
    0x00105420   0x0000003c   Code   RO          799    i.fs_check_fwopen   FS_ARM_L.lib(_fs_flashio.o)
    0x0010545c   0x00000038   Code   RO          698    i.fs_find_iob       FS_ARM_L.lib(fs_lib.o)
    0x00105494   0x00000008   Code   RO          985    i.fs_get_date       FS_ARM_L.lib(fs_time.o)
    0x0010549c   0x00000040   Code   RO          699    i.fs_get_drive      FS_ARM_L.lib(fs_lib.o)
    0x001054dc   0x00000054   Code   RO          800    i.fs_get_freeID     FS_ARM_L.lib(_fs_flashio.o)
    0x00105530   0x0000003c   Code   RO          801    i.fs_get_freeMem    FS_ARM_L.lib(_fs_flashio.o)
    0x0010556c   0x00000006   Code   RO          986    i.fs_get_time       FS_ARM_L.lib(fs_time.o)
    0x00105572   0x00000078   Code   RO          802    i.fs_mark_fileMem   FS_ARM_L.lib(_fs_flashio.o)
    0x001055ea   0x00000042   Code   RO          803    i.fs_mark_freeMem   FS_ARM_L.lib(_fs_flashio.o)
    0x0010562c   0x00000028   Code   RO          804    i.fs_rd_alloc       FS_ARM_L.lib(_fs_flashio.o)
    0x00105654   0x00000024   Code   RO          805    i.fs_rd_sig         FS_ARM_L.lib(_fs_flashio.o)
    0x00105678   0x00000068   Code   RO          700    i.fs_set_params     FS_ARM_L.lib(fs_lib.o)
    0x001056e0   0x00000004   Code   RO          888    i.fs_spi_EraseSector  FS_ARM_L.lib(fs_flashprg.o)
    0x001056e4   0x00000004   Code   RO          889    i.fs_spi_Init       FS_ARM_L.lib(fs_flashprg.o)
    0x001056e8   0x00000004   Code   RO          890    i.fs_spi_ProgramPage  FS_ARM_L.lib(fs_flashprg.o)
    0x001056ec   0x00000004   Code   RO          891    i.fs_spi_ReadData   FS_ARM_L.lib(fs_flashprg.o)
    0x001056f0   0x0000001a   Code   RO          701    i.fs_strpos         FS_ARM_L.lib(fs_lib.o)
    0x0010570a   0x00000002   PAD
    0x0010570c   0x00000030   Code   RO          385    i.get_EOC           FS_ARM_L.lib(fs_fat.o)
    0x0010573c   0x000000c8   Code   RO          386    i.get_bootrec       FS_ARM_L.lib(fs_fat.o)
    0x00105804   0x00000034   Code   RO          387    i.get_date          FS_ARM_L.lib(fs_fat.o)
    0x00105838   0x00000038   Code   RO          388    i.get_dir_sect      FS_ARM_L.lib(fs_fat.o)
    0x00105870   0x00000038   Code   RO          389    i.get_fat_sect      FS_ARM_L.lib(fs_fat.o)
    0x001058a8   0x000000ec   Code   RO          390    i.get_free_clus     FS_ARM_L.lib(fs_fat.o)
    0x00105994   0x0000008c   Code   RO          391    i.get_fsinfo        FS_ARM_L.lib(fs_fat.o)
    0x00105a20   0x0000005c   Code   RO          392    i.get_mbrec         FS_ARM_L.lib(fs_fat.o)
    0x00105a7c   0x000001c4   Code   RO          393    i.get_next_info     FS_ARM_L.lib(fs_fat.o)
    0x00105c40   0x00000198   Code   RO          394    i.get_nt_name       FS_ARM_L.lib(fs_fat.o)
    0x00105dd8   0x00000036   Code   RO          395    i.get_time          FS_ARM_L.lib(fs_fat.o)
    0x00105e0e   0x0000000a   Code   RO          396    i.get_u16           FS_ARM_L.lib(fs_fat.o)
    0x00105e18   0x00000018   Code   RO          397    i.get_u32           FS_ARM_L.lib(fs_fat.o)
    0x00105e30   0x00000134   Code   RO          398    i.init_dev          FS_ARM_L.lib(fs_fat.o)
    0x00105f64   0x0000003c   Code   RO          399    i.is_EOC            FS_ARM_L.lib(fs_fat.o)
    0x00105fa0   0x00000020   Code   RO          400    i.lfn_calc_chksum   FS_ARM_L.lib(fs_fat.o)
    0x00105fc0   0x00000088   Code   RO          933    i.mmc_command       FS_ARM_L.lib(fs_mmc.o)
    0x00106048   0x000001b8   Code   RO          934    i.mmc_init          FS_ARM_L.lib(fs_mmc.o)
    0x00106200   0x00000078   Code   RO          935    i.mmc_read_block    FS_ARM_L.lib(fs_mmc.o)
    0x00106278   0x00000058   Code   RO          936    i.mmc_read_bytes    FS_ARM_L.lib(fs_mmc.o)
    0x001062d0   0x000000ec   Code   RO          937    i.mmc_read_config   FS_ARM_L.lib(fs_mmc.o)
    0x001063bc   0x00000060   Code   RO          938    i.mmc_read_sect     FS_ARM_L.lib(fs_mmc.o)
    0x0010641c   0x00000094   Code   RO          939    i.mmc_write_block   FS_ARM_L.lib(fs_mmc.o)
    0x001064b0   0x00000060   Code   RO          940    i.mmc_write_sect    FS_ARM_L.lib(fs_mmc.o)
    0x00106510   0x00000084   Code   RO          401    i.read_cache        FS_ARM_L.lib(fs_fat.o)
    0x00106594   0x00000038   Code   RO          402    i.read_last_entry   FS_ARM_L.lib(fs_fat.o)
    0x001065cc   0x00000058   Code   RO          403    i.read_sector       FS_ARM_L.lib(fs_fat.o)
    0x00106624   0x00000080   Code   RO          404    i.rename_entries    FS_ARM_L.lib(fs_fat.o)
    0x001066a4   0x00000230   Code   RO          405    i.search_for_name   FS_ARM_L.lib(fs_fat.o)
    0x001068d4   0x00000098   Code   RO          406    i.set_next_clus     FS_ARM_L.lib(fs_fat.o)
    0x0010696c   0x00000008   Code   RO          407    i.set_u16           FS_ARM_L.lib(fs_fat.o)
    0x00106974   0x00000010   Code   RO          408    i.set_u32           FS_ARM_L.lib(fs_fat.o)
    0x00106984   0x00000130   Code   RO          409    i.unlink_clus_chain  FS_ARM_L.lib(fs_fat.o)
    0x00106ab4   0x00000018   Code   RO          410    i.val_char          FS_ARM_L.lib(fs_fat.o)
    0x00106acc   0x0000003c   Code   RO          411    i.val_char_sn       FS_ARM_L.lib(fs_fat.o)
    0x00106b08   0x00000188   Code   RO          412    i.write_br          FS_ARM_L.lib(fs_fat.o)
    0x00106c90   0x00000094   Code   RO          413    i.write_cache       FS_ARM_L.lib(fs_fat.o)
    0x00106d24   0x000000e8   Code   RO          414    i.write_dot_entries  FS_ARM_L.lib(fs_fat.o)
    0x00106e0c   0x000002d0   Code   RO          415    i.write_entries     FS_ARM_L.lib(fs_fat.o)
    0x001070dc   0x00000100   Code   RO          416    i.write_fat_link    FS_ARM_L.lib(fs_fat.o)
    0x001071dc   0x00000074   Code   RO          417    i.write_fsinfo      FS_ARM_L.lib(fs_fat.o)
    0x00107250   0x0000008c   Code   RO          418    i.write_label       FS_ARM_L.lib(fs_fat.o)
    0x001072dc   0x000000ac   Code   RO          419    i.write_mbr         FS_ARM_L.lib(fs_fat.o)
    0x00107388   0x00000024   Code   RO          420    i.write_sector      FS_ARM_L.lib(fs_fat.o)
    0x001073ac   0x00000004   Ven    RO         1352    locale$$code        c_t.l(lc_ctype_c.o)
    0x001073b0   0x00000050   Code   RO         1352    locale$$code        c_t.l(lc_ctype_c.o)
    0x00107400   0x00000004   Ven    RO         1489    x$fpl$fpinit        fz_ts.l(fpinit.o)
    0x00107404   0x00000018   Code   RO         1489    x$fpl$fpinit        fz_ts.l(fpinit.o)
    0x0010741c   0x0000056c   Data   RO           27    .constdata          sd_file.o
    0x00107988   0x00000002   Data   RO           64    .constdata          file_config.o
    0x0010798a   0x00000002   Data   RO           65    .constdata          file_config.o
    0x0010798c   0x00000004   Data   RO           66    .constdata          file_config.o
    0x00107990   0x00000008   Data   RO           67    .constdata          file_config.o
    0x00107998   0x00000002   Data   RO           68    .constdata          file_config.o
    0x0010799a   0x00000002   PAD
    0x0010799c   0x00000004   Data   RO           69    .constdata          file_config.o
    0x001079a0   0x00000004   Data   RO           70    .constdata          file_config.o
    0x001079a4   0x00000008   Data   RO           71    .constdata          file_config.o
    0x001079ac   0x00000002   Data   RO           72    .constdata          file_config.o
    0x001079ae   0x00000002   PAD
    0x001079b0   0x00000004   Data   RO           73    .constdata          file_config.o
    0x001079b4   0x00000008   Data   RO           74    .constdata          file_config.o
    0x001079bc   0x00000002   Data   RO           75    .constdata          file_config.o
    0x001079be   0x00000002   Data   RO           76    .constdata          file_config.o
    0x001079c0   0x00000006   Data   RO          123    .constdata          retarget.o
    0x001079c6   0x00000007   Data   RO          124    .constdata          retarget.o
    0x001079cd   0x00000007   Data   RO          125    .constdata          retarget.o
    0x001079d4   0x000000a9   Data   RO          422    .constdata          FS_ARM_L.lib(fs_fat.o)
    0x00107a7d   0x00000028   Data   RO         1045    .constdata          c_t.l(_printf_hex_ptr.o)
    0x00107aa5   0x00000011   Data   RO         1074    .constdata          c_t.l(__printf_flags_ss_wp.o)
    0x00107ab6   0x00000002   PAD
    0x00107ab8   0x00000020   Data   RO         1524    Region$$Table       anon$$obj.o
    0x00107ad8   0x00000110   Data   RO         1351    locale$$data        c_t.l(lc_ctype_c.o)


    Execution Region RW_IRAM1 (Base: 0x00200000, Size: 0x00002e28, Max: 0x00010000, ABSOLUTE)

    Base Addr    Size         Type   Attr      Idx    E Section Name        Object

    0x00200000   0x00000014   Data   RW          423    .data               FS_ARM_L.lib(fs_fat.o)
    0x00200014   0x00000001   Data   RW          941    .data               FS_ARM_L.lib(fs_mmc.o)
    0x00200015   0x00000003   PAD
    0x00200018   0x00000004   Data   RW         1104    .data               c_t.l(stdio_streams.o)
    0x0020001c   0x00000004   Data   RW         1105    .data               c_t.l(stdio_streams.o)
    0x00200020   0x00000004   Data   RW         1106    .data               c_t.l(stdio_streams.o)
    0x00200024   0x000000a0   Zero   RW           26    .bss                sd_file.o
    0x002000c4   0x00000340   Zero   RW           62    .bss                file_config.o
    0x00200404   0x00001400   Zero   RW           63    .bss                file_config.o
    0x00201804   0x00000154   Zero   RW          421    .bss                FS_ARM_L.lib(fs_fat.o)
    0x00201958   0x00000050   Zero   RW         1101    .bss                c_t.l(stdio_streams.o)
    0x002019a8   0x00000050   Zero   RW         1102    .bss                c_t.l(stdio_streams.o)
    0x002019f8   0x00000050   Zero   RW         1103    .bss                c_t.l(stdio_streams.o)
    0x00201a48   0x00000060   Zero   RW         1419    .bss                c_t.l(libspace.o)
    0x00201aa8   0x00001000   Zero   RW           54    HEAP                sam7.o
    0x00202aa8   0x00000380   Zero   RW           53    STACK               sam7.o


==============================================================================

Image component sizes


      Code (inc. data)   RO Data    RW Data    ZI Data      Debug   Object Name

         0          0         52          0       5952       4394   file_config.o
       148          6          0          0          0       6678   getline.o
       344         34         20          0          0       7177   retarget.o
       372         88          0          0       4992        460   sam7.o
      3010       1200       1388          0        160       5923   sd_file.o
       148         22          0          0          0        746   serial.o
       160         16          0          0          0        912   spi_sam7x.o

    ----------------------------------------------------------------------
      4194       1370       1496          0      11104      26290   Object Totals
        12          4         32          0          0          0   (incl. Generated)
         0          0          4          0          0          0   (incl. Padding)

    ----------------------------------------------------------------------

      Code (inc. data)   RO Data    RW Data    ZI Data      Debug   Library Member Name

       124         10          0          0          0        823   _fs_fclose.o
       288          0          0          0          0       1287   _fs_fcreate.o
       134          0          0          0          0        935   _fs_fdelete.o
       196          8          0          0          0       1165   _fs_ffind.o
      1156         30          0          0          0      10072   _fs_flashio.o
       136         10          0          0          0        809   _fs_flushbuf.o
       360         18          0          0          0       7839   _fs_fopen.o
        82          0          0          0          0        855   _fs_frename.o
       176          4          0          0          0       1181   _fs_getfsize.o
       172          8          0          0          0       1137   _fs_read.o
       236         10          0          0          0       1260   _fs_setfpos.o
       248         10          0          0          0       1150   _fs_write.o
      9750        580        169         20        340      46754   fs_fat.o
       132         12          0          0          0        842   fs_fdelete.o
       472         18          0          0          0       1888   fs_ffind.o
       176         16          0          0          0        990   fs_fformat.o
       144         12          0          0          0        916   fs_ffree.o
        64         12          0          0          0       7009   fs_finit.o
        28          0          0          0          0       3170   fs_flashprg.o
       256         14          0          0          0       7663   fs_frename.o
       324         44          0          0          0       3899   fs_lib.o
      1360         54          0          1          0       7010   fs_mmc.o
        14          4          0          0          0        768   fs_time.o
        64         10          0          0          0         84   __0sscanf.o
        22          0          0          0          0         84   __2fprintf.o
        28          6          0          0          0         84   __2printf.o
        44          4          0          0          0         84   __2sprintf.o
         8          0          0          0          0         68   __main.o
         2          0          0          0          0         60   __printf.o
       412          4         17          0          0         92   __printf_flags_ss_wp.o
        14          0          0          0          0         60   __printf_wp.o
        60          8          0          0          0          0   __scatter.o
        40          0          0          0          0          0   __scatter_copy.o
        44          0          0          0          0          0   __scatter_zi.o
        30          0          0          0          0         60   _chval.o
        58          0          0          0          0        112   _printf_char.o
        48          4          0          0          0         96   _printf_char_common.o
        44          6          0          0          0         88   _printf_char_file.o
        48          0          0          0          0         60   _printf_charcount.o
         8          0          0          0          0          0   _printf_d.o
       120         18          0          0          0         88   _printf_dec.o
        96          6         40          0          0         84   _printf_hex_ptr.o
       186          0          0          0          0        100   _printf_intcommon.o
         8          0          0          0          0          0   _printf_n.o
         8          0          0          0          0          0   _printf_p.o
        86          0          0          0          0        116   _printf_pad.o
         4          0          0          0          0          0   _printf_percent.o
         8          0          0          0          0          0   _printf_percent_end.o
         8          0          0          0          0          0   _printf_s.o
        88          0          0          0          0         84   _printf_str.o
       960         12          0          0          0        100   _scanf.o
       348          0          0          0          0        100   _scanf_int.o
        70          0          0          0          0         76   _sgetc.o
        10          0          0          0          0         60   _sputc.o
        20          0          0          0          0         68   aeabi_memset.o
       428          0          0          0          0        148   aeabi_sdiv.o
        16          0          0          0          0         80   defsig_exit.o
        56          0          0          0          0         84   defsig_general.o
        84         58          0          0          0         80   defsig_rtmem_inner.o
        16          0          0          0          0         80   defsig_rtmem_outer.o
        56         38          0          0          0         80   defsig_rtred_inner.o
        16          0          0          0          0         80   defsig_rtred_outer.o
        12          0          0          0          0         64   exit.o
        80          4          0          0          0         92   fclose.o
         8          0          0          0          0         60   ferror.o
       108          4          0          0          0        116   fflush.o
        32          0          0          0          0         80   fgetc.o
       604         12          0          0          0        152   filbuf.o
       504          8          0          0          0         92   flsbuf.o
        60         10          0          0          0         84   flushlinebuffered.o
       240          8          0          0          0        140   fopen.o
        36          0          0          0          0         80   fputc.o
        38          0          0          0          0         88   fputs.o
       308          0          0          0          0        100   freadfast.o
       248          4          0          0          0         92   fseek.o
        70          0          0          0          0         80   ftell.o
       204          0          0          0          0        100   fwritefast.o
       110          0          0          0          0        116   h1_alloc.o
        56          0          0          0          0         80   h1_extend.o
        84          0          0          0          0        100   h1_free.o
        14          0          0          0          0         76   h1_init.o
         6          0          0          0          0        136   heapauxi.o
         4          0          0          0          0        120   hguard.o
       148          0          0          0          0        192   init_alloc.o
       324         44          0          0          0        120   initio.o
        22          0          0          0          0         80   isspace.o
        84          8        272          0          0         92   lc_ctype_c.o
        14          0          0          0          0          0   libinit.o
        42          0          0          0          0          0   libinit2.o
        12          0          0          0          0          0   libshutdown.o
        10          0          0          0          0          0   libshutdown2.o
        12          4          0          0         96         68   libspace.o
       724         64          0          0          0        164   lludiv.o
         0          0          0          0          0          0   maybetermalloc1.o
        12          0          0          0          0         80   putc.o
        28          4          0          0          0         84   rt_ctype_table.o
        16          4          0          0          0         68   rt_errno_addr_intlibspace.o
        12          4          0          0          0         68   rt_fp_status_addr_intlibspace.o
        16          4          0          0          0         68   rt_heap_descriptor_intlibspace.o
        16          4          0          0          0         68   rt_locale_intlibspace.o
        68          0          0          0          0         68   rt_memclr.o
        88          0          0          0          0         80   rt_memclr_w.o
       216          0          0          0          0         68   rt_memcpy.o
       104          0          0          0          0         80   rt_memcpy_w.o
         0          0          0          0          0          0   rtentry.o
        44          4          0          0          0          0   rtentry2.o
         8          0          0          0          0          0   rtentry4.o
         8          0          0          0          0          0   rtexit.o
        12          0          0          0          0          0   rtexit2.o
        48          0          0          0          0         68   rtudiv10.o
        56         10          0          0          0         96   scanf_char.o
        80          6          0          0          0         80   setvbuf.o
       252          8          0          0          0        184   stdio.o
         0          0          0         12        240          0   stdio_streams.o
        24          0          0          0          0         60   strcat.o
       164          4          0          0          0         80   strcmp.o
        80          6          0          0          0         76   strcpy.o
        68          4          0          0          0         76   strlen.o
        96          0          0          0          0         80   sys_stackheap_outer.o
        34          0          0          0          0         80   toupper.o
         4          0          0          0          0         68   use_no_semi.o
        28          0          0          0          0         80   fpinit.o

    ----------------------------------------------------------------------
     25530       1280        500         36        676     116486   Library Totals
        36          0          2          3          0          0   (incl. Padding)

    ----------------------------------------------------------------------

      Code (inc. data)   RO Data    RW Data    ZI Data      Debug   Library Name

     16028        874        169         21        340     109422   FS_ARM_L.lib
      9438        406        329         12        336       6984   c_t.l
        28          0          0          0          0         80   fz_ts.l

    ----------------------------------------------------------------------
     25530       1280        500         36        676     116486   Library Totals

    ----------------------------------------------------------------------

==============================================================================


      Code (inc. data)   RO Data    RW Data    ZI Data      Debug   

     29724       2650       1996         36      11780     133992   Grand Totals
     29724       2650       1996         36      11780     133992   ELF Image Totals
     29724       2650       1996         36          0          0   ROM Totals

==============================================================================

    Total RO  Size (Code + RO Data)                31720 (  30.98kB)
    Total RW  Size (RW Data + ZI Data)             11816 (  11.54kB)
    Total ROM Size (Code + RO Data + RW Data)      31756 (  31.01kB)

==============================================================================

