<html>
<body>
<pre>
<h1>µVision Build Log</h1>
<h2>Project:</h2>
C:\Users\SC\Desktop\Http.demo - Final\Http_demo\Http_demo.uvproj
Project File Date:  09/05/2014

<h2>Output:</h2>
Rebuild target 'AT91SAM7X'
custom translating Web.inp...
Custom: C:\Keil\ARM\bin\fcarm @Web\Web.inp
FCARM FILE CONVERTER V2.32
Completed 20 File(s), Ratio 95%
compiling HTTP_demo.c...
compiling HTTP_CGI.c...
compiling WEB.C...
compiling Net_Config.c...
assembling SAM7.s...
compiling EMAC_SAM7X.c...
linking...
Program Size: Code=27352 RO-data=158084 RW-data=128 ZI-data=20960  
FromELF: creating hex file...
".\Obj\Http_demo.axf" - 0 Error(s), 0 Warning(s).
Rebuild target 'AT91SAM7X'
custom translating Web.inp...
Custom: C:\Keil\ARM\bin\fcarm @Web\Web.inp
FCARM FILE CONVERTER V2.32
Completed 20 File(s), Ratio 95%
compiling HTTP_demo.c...
compiling HTTP_CGI.c...
compiling WEB.C...
compiling Net_Config.c...
assembling SAM7.s...
compiling EMAC_SAM7X.c...
linking...
Program Size: Code=27352 RO-data=158084 RW-data=128 ZI-data=20960  
FromELF: creating hex file...
".\Obj\Http_demo.axf" - 0 Error(s), 0 Warning(s).
Rebuild target 'AT91SAM7X'
custom translating Web.inp...
Custom: C:\Keil\ARM\bin\fcarm @Web\Web.inp
FCARM FILE CONVERTER V2.32
Completed 20 File(s), Ratio 95%
compiling HTTP_demo.c...
compiling HTTP_CGI.c...
compiling WEB.C...
compiling Net_Config.c...
assembling SAM7.s...
compiling EMAC_SAM7X.c...
linking...
Program Size: Code=27352 RO-data=158084 RW-data=128 ZI-data=20960  
FromELF: creating hex file...
".\Obj\Http_demo.axf" - 0 Error(s), 0 Warning(s).
