<html>
<body>
<pre>
<h1>µVision Build Log</h1>
<h2>Project:</h2>
D:\sam7x Evaluation board sample\SD_File_MMC\SD_File.uvproj
Project File Date:  11/06/2012

<h2>Output:</h2>
Build target 'AT91SAM7X'
linking...
Program Size: Code=29724 RO-data=1996 RW-data=36 ZI-data=11780  
".\Obj\SD_File.axf" - 0 Error(s), 0 Warning(s).
Build target 'AT91SAM7X'
linking...
Program Size: Code=29724 RO-data=1996 RW-data=36 ZI-data=11780  
FromELF: creating hex file...
".\Obj\SD_File.axf" - 0 Error(s), 0 Warning(s).
Load "D:\\sam7x Evaluation board sample\\SD_File_MMC\\Obj\\SD_File.AXF" 
ProjectFile = D:\sam7x Evaluation board sample\SD_File_MMC\JLinkArm_AT91SAM7X.ini
Device = AT91SAM7XC256
Info: Device "AT91SAM7XC256" selected (256 KB flash, 64 KB RAM).
VTarget = 3.306V
Info: TotalIRLen = 4, IRPrint = 0x01
Info: TotalIRLen = 4, IRPrint = 0x01
Info: RTCK reaction time is approx. 126ns
Info: Auto JTAG speed: Adaptive
***JLink Warning: RESET (pin 15) high, but should be low. Please check target hardware.
Info: Core does not stop after Reset, setting WP to stop it.
***JLink Warning: PC of target system has unexpected value of 0x00200000 after reset.
DLL version V4.40c, compiled Jan 24 2012 09:30:33
Firmware: J-Link ARM V8 compiled Sep 20 2012 13:27:01
Hardware: V8.00
Hardware-Breakpoints: 2
Software-Breakpoints: 8192
Watchpoints:          0
Found 1 JTAG device, Total IRLen = 4:
 Id of device #0: 0x3F0F0F0F
ARM7 identified.
Using adaptive clocking instead of fixed JTAG speed.
Info: TotalIRLen = 4, IRPrint = 0x01
***JLink Warning: RESET (pin 15) high, but should be low. Please check target hardware.
Info: Core does not stop after Reset, setting WP to stop it.
***JLink Warning: PC of target system has unexpected value of 0x00200000 after reset.
JTAG speed: 1000 kHz
Erase Done.
Programming Done.
Verify OK.
Info: TotalIRLen = 4, IRPrint = 0x01
***JLink Warning: RESET (pin 15) high, but should be low. Please check target hardware.
Info: Core does not stop after Reset, setting WP to stop it.
***JLink Warning: PC of target system has unexpected value of 0x00200000 after reset.
JTAG speed: 1000 kHz
Application running ...
