ARM Linker, 4.1 [Build 894] [Standard]

==============================================================================

Section Cross References

    sam7.o(STACK) refers (Special) to heapauxi.o(.text) for __use_two_region_memory
    sam7.o(HEAP) refers (Special) to heapauxi.o(.text) for __use_two_region_memory
    sam7.o(RESET) refers (Special) to heapauxi.o(.text) for __use_two_region_memory
    sam7.o(RESET) refers to sam7.o(STACK) for Stack_Top
    sam7.o(RESET) refers to __main.o(!!!main) for __main
    sam7.o(.text) refers (Special) to heapauxi.o(.text) for __use_two_region_memory
    sam7.o(.text) refers to sam7.o(HEAP) for Heap_Mem
    sam7.o(.text) refers to sam7.o(STACK) for Stack_Mem
    main.o(.text) refers (Special) to use_no_semi.o(.text) for __use_no_semihosting_swi
    main.o(.text) refers to aeabi_sdiv.o(.text_udiv) for __aeabi_uidivmod
    main.o(.text) refers to aeabi_sdiv.o(.text) for __aeabi_idivmod
    main.o(.text) refers to noretval__2printf.o(.text) for __2printf
    main.o(.text) refers to main.o(.data) for crystal
    main.o(.data) refers (Special) to use_no_semi.o(.text) for __use_no_semihosting_swi
    __2printf.o(.text) refers to _printf_char_file.o(.text) for _printf_char_file
    __2printf.o(.text) refers to main.o(.data) for __stdout
    noretval__2printf.o(.text) refers to _printf_char_file.o(.text) for _printf_char_file
    noretval__2printf.o(.text) refers to main.o(.data) for __stdout
    aeabi_sdiv.o(.text_udiv) refers to aeabi_sdiv.o(.text) for __arm_div2
    aeabi_sdiv_div0.o(.text_udiv) refers to aeabi_sdiv_div0.o(.text) for __arm_div2
    __main.o(!!!main) refers to rtentry.o(.ARM.Collect$$rtentry$$00000000) for __rt_entry
    rtentry.o(.ARM.Collect$$rtentry$$00000000) refers (Special) to rtentry2.o(.ARM.Collect$$rtentry$$0000000A) for __rt_entry_li
    rtentry.o(.ARM.Collect$$rtentry$$00000000) refers (Special) to rtentry2.o(.ARM.Collect$$rtentry$$0000000D) for __rt_entry_main
    rtentry.o(.ARM.Collect$$rtentry$$00000000) refers (Special) to rtentry2.o(.ARM.Collect$$rtentry$$0000000C) for __rt_entry_postli_1
    rtentry.o(.ARM.Collect$$rtentry$$00000000) refers (Special) to rtentry2.o(.ARM.Collect$$rtentry$$00000009) for __rt_entry_postsh_1
    rtentry.o(.ARM.Collect$$rtentry$$00000000) refers (Special) to rtentry2.o(.ARM.Collect$$rtentry$$00000002) for __rt_entry_presh_1
    rtentry.o(.ARM.Collect$$rtentry$$00000000) refers (Special) to rtentry4.o(.ARM.Collect$$rtentry$$00000004) for __rt_entry_sh
    aeabi_idiv0_sigfpe.o(.text) refers to rt_div0.o(.text) for __rt_div0
    _printf_char_file.o(.text) refers to _printf_char_common.o(.text) for _printf_char_common
    _printf_char_file.o(.text) refers to main.o(.text) for ferror
    rtentry2.o(.ARM.Collect$$rtentry$$00000008) refers to boardinit2.o(.text) for _platform_post_stackheap_init
    rtentry2.o(.ARM.Collect$$rtentry$$0000000A) refers to libinit.o(.ARM.Collect$$libinit$$00000000) for __rt_lib_init
    rtentry2.o(.ARM.Collect$$rtentry$$0000000B) refers to boardinit3.o(.text) for _platform_post_lib_init
    rtentry2.o(.ARM.Collect$$rtentry$$0000000D) refers to exit.o(.text) for exit
    rtentry2.o(.ARM.Collect$$rtentry$$0000000D) refers to main.o(.text) for main
    rtentry2.o(.ARM.exidx) refers to rtentry2.o(.ARM.Collect$$rtentry$$00000001) for .ARM.Collect$$rtentry$$00000001
    rtentry2.o(.ARM.exidx) refers to rtentry2.o(.ARM.Collect$$rtentry$$00000008) for .ARM.Collect$$rtentry$$00000008
    rtentry2.o(.ARM.exidx) refers to rtentry2.o(.ARM.Collect$$rtentry$$0000000A) for .ARM.Collect$$rtentry$$0000000A
    rtentry2.o(.ARM.exidx) refers to rtentry2.o(.ARM.Collect$$rtentry$$0000000B) for .ARM.Collect$$rtentry$$0000000B
    rtentry2.o(.ARM.exidx) refers to rtentry2.o(.ARM.Collect$$rtentry$$0000000D) for .ARM.Collect$$rtentry$$0000000D
    rtentry4.o(.ARM.Collect$$rtentry$$00000004) refers to sys_stackheap_outer.o(.text) for __user_setup_stackheap
    rtentry4.o(.ARM.exidx) refers to rtentry4.o(.ARM.Collect$$rtentry$$00000004) for .ARM.Collect$$rtentry$$00000004
    rt_div0.o(.text) refers to defsig_fpe_outer.o(.text) for __rt_SIGFPE
    _printf_char_common.o(.text) refers to __printf_nopercent.o(.text) for __printf
    sys_stackheap_outer.o(.text) refers to libspace.o(.text) for __user_perproc_libspace
    sys_stackheap_outer.o(.text) refers to sam7.o(.text) for __user_initial_stackheap
    __printf_nopercent.o(.text) refers to __printf_nopercent.o(i.__ARM_common_call_via_r7) for __ARM_common_call_via_r7
    __printf_nopercent.o(.text) refers to __printf_nopercent.o(i.__ARM_common_call_via_r5) for __ARM_common_call_via_r5
    exit.o(.text) refers to rtexit.o(.ARM.Collect$$rtexit$$00000000) for __rt_exit
    defsig_fpe_outer.o(.text) refers to defsig_fpe_inner.o(.text) for __rt_SIGFPE_inner
    defsig_fpe_outer.o(.text) refers to defsig_exit.o(.text) for __sig_exit
    defsig_fpe_formal.o(.text) refers to rt_raise.o(.text) for __rt_raise
    libinit.o(.ARM.Collect$$libinit$$00000000) refers (Special) to libinit2.o(.ARM.Collect$$libinit$$0000002A) for __rt_lib_init_alloca_1
    libinit.o(.ARM.Collect$$libinit$$00000000) refers (Special) to libinit2.o(.ARM.Collect$$libinit$$00000028) for __rt_lib_init_argv_1
    libinit.o(.ARM.Collect$$libinit$$00000000) refers (Special) to libinit2.o(.ARM.Collect$$libinit$$00000017) for __rt_lib_init_atexit_1
    libinit.o(.ARM.Collect$$libinit$$00000000) refers (Special) to libinit2.o(.ARM.Collect$$libinit$$0000001D) for __rt_lib_init_clock_1
    libinit.o(.ARM.Collect$$libinit$$00000000) refers (Special) to libinit2.o(.ARM.Collect$$libinit$$0000002E) for __rt_lib_init_cpp_1
    libinit.o(.ARM.Collect$$libinit$$00000000) refers (Special) to libinit2.o(.ARM.Collect$$libinit$$0000002C) for __rt_lib_init_exceptions_1
    libinit.o(.ARM.Collect$$libinit$$00000000) refers (Special) to libinit2.o(.ARM.Collect$$libinit$$0000001B) for __rt_lib_init_fp_trap_1
    libinit.o(.ARM.Collect$$libinit$$00000000) refers (Special) to libinit2.o(.ARM.Collect$$libinit$$0000001F) for __rt_lib_init_getenv_1
    libinit.o(.ARM.Collect$$libinit$$00000000) refers (Special) to libinit2.o(.ARM.Collect$$libinit$$00000006) for __rt_lib_init_heap_1
    libinit.o(.ARM.Collect$$libinit$$00000000) refers (Special) to libinit2.o(.ARM.Collect$$libinit$$0000000D) for __rt_lib_init_lc_collate_1
    libinit.o(.ARM.Collect$$libinit$$00000000) refers (Special) to libinit2.o(.ARM.Collect$$libinit$$0000000F) for __rt_lib_init_lc_ctype_1
    libinit.o(.ARM.Collect$$libinit$$00000000) refers (Special) to libinit2.o(.ARM.Collect$$libinit$$00000011) for __rt_lib_init_lc_monetary_1
    libinit.o(.ARM.Collect$$libinit$$00000000) refers (Special) to libinit2.o(.ARM.Collect$$libinit$$00000013) for __rt_lib_init_lc_numeric_1
    libinit.o(.ARM.Collect$$libinit$$00000000) refers (Special) to libinit2.o(.ARM.Collect$$libinit$$00000015) for __rt_lib_init_lc_time_1
    libinit.o(.ARM.Collect$$libinit$$00000000) refers (Special) to libinit2.o(.ARM.Collect$$libinit$$0000000A) for __rt_lib_init_rand_1
    libinit.o(.ARM.Collect$$libinit$$00000000) refers (Special) to libinit2.o(.ARM.Collect$$libinit$$0000002F) for __rt_lib_init_return
    libinit.o(.ARM.Collect$$libinit$$00000000) refers (Special) to libinit2.o(.ARM.Collect$$libinit$$00000019) for __rt_lib_init_signal_1
    libinit.o(.ARM.Collect$$libinit$$00000000) refers (Special) to libinit2.o(.ARM.Collect$$libinit$$00000021) for __rt_lib_init_stdio_1
    libinit.o(.ARM.Collect$$libinit$$00000000) refers (Special) to libinit2.o(.ARM.Collect$$libinit$$00000008) for __rt_lib_init_user_alloc_1
    libinit.o(.ARM.Collect$$libinit$$00000000) refers to fpinit.o(x$fpl$fpinit) for _fp_init
    libspace.o(.text) refers to libspace.o(.bss) for __libspace_start
    rtexit.o(.ARM.Collect$$rtexit$$00000000) refers (Special) to rtexit2.o(.ARM.Collect$$rtexit$$00000004) for __rt_exit_exit
    rtexit.o(.ARM.Collect$$rtexit$$00000000) refers (Special) to rtexit2.o(.ARM.Collect$$rtexit$$00000003) for __rt_exit_ls
    rtexit.o(.ARM.Collect$$rtexit$$00000000) refers (Special) to rtexit2.o(.ARM.Collect$$rtexit$$00000002) for __rt_exit_prels_1
    rtexit.o(.ARM.exidx) refers (Special) to rtexit2.o(.ARM.Collect$$rtexit$$00000004) for __rt_exit_exit
    rtexit.o(.ARM.exidx) refers (Special) to rtexit2.o(.ARM.Collect$$rtexit$$00000003) for __rt_exit_ls
    rtexit.o(.ARM.exidx) refers (Special) to rtexit2.o(.ARM.Collect$$rtexit$$00000002) for __rt_exit_prels_1
    rtexit.o(.ARM.exidx) refers to rtexit.o(.ARM.Collect$$rtexit$$00000000) for .ARM.Collect$$rtexit$$00000000
    rt_raise.o(.text) refers to __raise.o(.text) for __raise
    rt_raise.o(.text) refers to main.o(.text) for _sys_exit
    defsig_exit.o(.text) refers to main.o(.text) for _sys_exit
    defsig_fpe_inner.o(.text) refers to defsig_general.o(.text) for __default_signal_display
    libinit2.o(.ARM.Collect$$libinit$$0000000C) refers to libinit2.o(.ARM.Collect$$libinit$$0000000B) for .ARM.Collect$$libinit$$0000000B
    libinit2.o(.ARM.Collect$$libinit$$0000000E) refers to libinit2.o(.ARM.Collect$$libinit$$0000000B) for .ARM.Collect$$libinit$$0000000B
    libinit2.o(.ARM.Collect$$libinit$$00000010) refers to libinit2.o(.ARM.Collect$$libinit$$0000000B) for .ARM.Collect$$libinit$$0000000B
    libinit2.o(.ARM.Collect$$libinit$$00000012) refers to libinit2.o(.ARM.Collect$$libinit$$0000000B) for .ARM.Collect$$libinit$$0000000B
    libinit2.o(.ARM.Collect$$libinit$$00000014) refers to libinit2.o(.ARM.Collect$$libinit$$0000000B) for .ARM.Collect$$libinit$$0000000B
    libinit2.o(.ARM.Collect$$libinit$$00000022) refers to argv_veneer.o(.emb_text) for __ARM_argv_veneer
    libinit2.o(.ARM.Collect$$libinit$$00000023) refers to argv_veneer.o(.emb_text) for __ARM_argv_veneer
    fpinit.o(x$fpl$fpinit) refers to rt_fp_status_addr_intlibspace.o(.text) for __rt_fp_status_addr
    rtexit2.o(.ARM.Collect$$rtexit$$00000003) refers to libshutdown.o(.ARM.Collect$$libshutdown$$00000000) for __rt_lib_shutdown
    rtexit2.o(.ARM.Collect$$rtexit$$00000004) refers to main.o(.text) for _sys_exit
    rtexit2.o(.ARM.exidx) refers to rtexit2.o(.ARM.Collect$$rtexit$$00000001) for .ARM.Collect$$rtexit$$00000001
    rtexit2.o(.ARM.exidx) refers to rtexit2.o(.ARM.Collect$$rtexit$$00000003) for .ARM.Collect$$rtexit$$00000003
    rtexit2.o(.ARM.exidx) refers to rtexit2.o(.ARM.Collect$$rtexit$$00000004) for .ARM.Collect$$rtexit$$00000004
    rt_fp_status_addr.o(.text) refers to rt_fp_status_addr.o(.bss) for __rt_fp_status_addr_data
    rt_fp_status_addr_intlibspace.o(.text) refers to libspace.o(.bss) for __libspace_start
    __raise.o(.text) refers to __raise.o(i.__ARM_common_call_via_r2) for __ARM_common_call_via_r2
    __raise.o(.text) refers to defsig.o(CL$$defsig) for __default_signal_handler
    defsig_general.o(.text) refers to main.o(.text) for _ttywrch
    argv_veneer.o(.emb_text) refers to no_argv.o(.text) for __ARM_get_argv
    defsig.o(CL$$defsig) refers to defsig_fpe_inner.o(.text) for __rt_SIGFPE_inner
    defsig.o(CL$$defsig) refers to defsig_rtmem_inner.o(.text) for __rt_SIGRTMEM_inner
    _get_argv_nomalloc.o(.text) refers (Special) to hrguard.o(.text) for __heap_region$guard
    _get_argv_nomalloc.o(.text) refers to defsig_rtmem_outer.o(.text) for __rt_SIGRTMEM
    _get_argv_nomalloc.o(.text) refers to sys_command.o(.text) for _sys_command_string
    libshutdown.o(.ARM.Collect$$libshutdown$$00000000) refers (Special) to libshutdown2.o(.ARM.Collect$$libshutdown$$00000006) for __rt_lib_shutdown_fp_trap_1
    libshutdown.o(.ARM.Collect$$libshutdown$$00000000) refers (Special) to libshutdown2.o(.ARM.Collect$$libshutdown$$0000000E) for __rt_lib_shutdown_heap_1
    libshutdown.o(.ARM.Collect$$libshutdown$$00000000) refers (Special) to libshutdown2.o(.ARM.Collect$$libshutdown$$0000000F) for __rt_lib_shutdown_return
    libshutdown.o(.ARM.Collect$$libshutdown$$00000000) refers (Special) to libshutdown2.o(.ARM.Collect$$libshutdown$$00000009) for __rt_lib_shutdown_signal_1
    libshutdown.o(.ARM.Collect$$libshutdown$$00000000) refers (Special) to libshutdown2.o(.ARM.Collect$$libshutdown$$00000003) for __rt_lib_shutdown_stdio_1
    libshutdown.o(.ARM.Collect$$libshutdown$$00000000) refers (Special) to libshutdown2.o(.ARM.Collect$$libshutdown$$0000000B) for __rt_lib_shutdown_user_alloc_1
    sys_command.o(.text) refers (Special) to use_no_semi.o(.text) for __I$use$semihosting
    sys_command.o(.text) refers (Special) to indicate_semi.o(.text) for __semihosting_library_function
    defsig_abrt_inner.o(.text) refers to defsig_general.o(.text) for __default_signal_display
    defsig_rtred_inner.o(.text) refers to defsig_general.o(.text) for __default_signal_display
    defsig_rtmem_inner.o(.text) refers to defsig_general.o(.text) for __default_signal_display
    defsig_rtmem_outer.o(.text) refers to defsig_rtmem_inner.o(.text) for __rt_SIGRTMEM_inner
    defsig_rtmem_outer.o(.text) refers to defsig_exit.o(.text) for __sig_exit
    defsig_rtmem_formal.o(.text) refers to rt_raise.o(.text) for __rt_raise
    defsig_stak_inner.o(.text) refers to defsig_general.o(.text) for __default_signal_display
    defsig_pvfn_inner.o(.text) refers to defsig_general.o(.text) for __default_signal_display
    defsig_cppl_inner.o(.text) refers to defsig_general.o(.text) for __default_signal_display
    defsig_segv_inner.o(.text) refers to defsig_general.o(.text) for __default_signal_display
    defsig_other.o(.text) refers to defsig_general.o(.text) for __default_signal_display


==============================================================================

Adding Veneers to the image

    Adding AT veneer (8 bytes, Inline) for call to '__rt_lib_init' from rtentry2.o(.ARM.Collect$$rtentry$$0000000A).
    Adding AT veneer (8 bytes, Inline) for call to '__rt_lib_shutdown' from rtexit2.o(.ARM.Collect$$rtexit$$00000003).
    Adding TA veneer (4 bytes, Inline) for call to '__rt_exit' from exit.o(.text).
    Adding AT veneer (8 bytes, Inline) for call to '__2printf' from main.o(.text).
    Adding TA veneer (8 bytes, Short) for call to 'ferror' from _printf_char_file.o(.text).
    Adding TA veneer (4 bytes, Inline) for call to '_fp_init' from libinit.o(.ARM.Collect$$libinit$$00000000).

6 Veneer(s) (total 40 bytes) added to the image.

==============================================================================

Image Symbol Table

    Local Symbols

    Symbol Name                              Value     Ov Type        Size  Object(Section)

    ../../angel/boardlib.s                   0x00000000   Number         0  boardinit1.o ABSOLUTE
    ../../angel/boardlib.s                   0x00000000   Number         0  boardinit2.o ABSOLUTE
    ../../angel/boardlib.s                   0x00000000   Number         0  boardinit3.o ABSOLUTE
    ../../angel/boardlib.s                   0x00000000   Number         0  boardshut.o ABSOLUTE
    ../../angel/handlers.s                   0x00000000   Number         0  __scatter_zi.o ABSOLUTE
    ../../angel/handlers.s                   0x00000000   Number         0  __scatter_copy.o ABSOLUTE
    ../../angel/kernel.s                     0x00000000   Number         0  rtexit.o ABSOLUTE
    ../../angel/kernel.s                     0x00000000   Number         0  rtexit2.o ABSOLUTE
    ../../angel/kernel.s                     0x00000000   Number         0  rtentry4.o ABSOLUTE
    ../../angel/kernel.s                     0x00000000   Number         0  rtentry2.o ABSOLUTE
    ../../angel/kernel.s                     0x00000000   Number         0  rtentry.o ABSOLUTE
    ../../angel/rt.s                         0x00000000   Number         0  rt_fp_status_addr.o ABSOLUTE
    ../../angel/rt.s                         0x00000000   Number         0  rt_div0.o ABSOLUTE
    ../../angel/rt.s                         0x00000000   Number         0  rt_fp_status_addr_intlibspace.o ABSOLUTE
    ../../angel/rt.s                         0x00000000   Number         0  rt_raise.o ABSOLUTE
    ../../angel/rt.s                         0x00000000   Number         0  aeabi_idiv0_sigfpe.o ABSOLUTE
    ../../angel/rt.s                         0x00000000   Number         0  aeabi_idiv0.o ABSOLUTE
    ../../angel/scatter.s                    0x00000000   Number         0  __scatter.o ABSOLUTE
    ../../angel/startup.s                    0x00000000   Number         0  __main.o ABSOLUTE
    ../../angel/sys.s                        0x00000000   Number         0  sys_stackheap_outer.o ABSOLUTE
    ../../angel/sys.s                        0x00000000   Number         0  libspace.o ABSOLUTE
    ../../angel/sys.s                        0x00000000   Number         0  indicate_semi.o ABSOLUTE
    ../../angel/sys.s                        0x00000000   Number         0  use_no_semi.o ABSOLUTE
    ../../angel/sysapp.c                     0x00000000   Number         0  sys_command.o ABSOLUTE
    ../../armsys.c                           0x00000000   Number         0  argv_veneer.o ABSOLUTE
    ../../armsys.c                           0x00000000   Number         0  argv_veneer.o ABSOLUTE
    ../../armsys.c                           0x00000000   Number         0  _get_argv_nomalloc.o ABSOLUTE
    ../../armsys.c                           0x00000000   Number         0  no_argv.o ABSOLUTE
    ../../division.s                         0x00000000   Number         0  aeabi_sdiv_div0.o ABSOLUTE
    ../../division.s                         0x00000000   Number         0  aeabi_sdiv.o ABSOLUTE
    ../../divrt.s                            0x00000000   Number         0  divrt_7tdmi_div0.o ABSOLUTE
    ../../divrt.s                            0x00000000   Number         0  divrt_7tdmi.o ABSOLUTE
    ../../fpinit.s                           0x00000000   Number         0  fpinit.o ABSOLUTE
    ../../heapalloc.c                        0x00000000   Number         0  hrguard.o ABSOLUTE
    ../../heapaux.c                          0x00000000   Number         0  heapauxi.o ABSOLUTE
    ../../libinit.s                          0x00000000   Number         0  libshutdown.o ABSOLUTE
    ../../libinit.s                          0x00000000   Number         0  libshutdown2.o ABSOLUTE
    ../../libinit.s                          0x00000000   Number         0  libinit.o ABSOLUTE
    ../../libinit.s                          0x00000000   Number         0  libinit2.o ABSOLUTE
    ../../printf.c                           0x00000000   Number         0  _printf_char_file.o ABSOLUTE
    ../../printf.c                           0x00000000   Number         0  noretval__2printf.o ABSOLUTE
    ../../printf.c                           0x00000000   Number         0  __2printf.o ABSOLUTE
    ../../printf.c                           0x00000000   Number         0  _printf_char_common.o ABSOLUTE
    ../../printf.c                           0x00000000   Number         0  __printf_nopercent.o ABSOLUTE
    ../../signal.c                           0x00000000   Number         0  defsig_fpe_outer.o ABSOLUTE
    ../../signal.c                           0x00000000   Number         0  defsig_abrt_inner.o ABSOLUTE
    ../../signal.c                           0x00000000   Number         0  defsig_rtred_inner.o ABSOLUTE
    ../../signal.c                           0x00000000   Number         0  defsig_rtmem_outer.o ABSOLUTE
    ../../signal.c                           0x00000000   Number         0  defsig_rtmem_inner.o ABSOLUTE
    ../../signal.c                           0x00000000   Number         0  defsig_rtmem_formal.o ABSOLUTE
    ../../signal.c                           0x00000000   Number         0  defsig_stak_inner.o ABSOLUTE
    ../../signal.c                           0x00000000   Number         0  defsig_pvfn_inner.o ABSOLUTE
    ../../signal.c                           0x00000000   Number         0  defsig_general.o ABSOLUTE
    ../../signal.c                           0x00000000   Number         0  defsig_cppl_inner.o ABSOLUTE
    ../../signal.c                           0x00000000   Number         0  defsig_segv_inner.o ABSOLUTE
    ../../signal.c                           0x00000000   Number         0  defsig_fpe_formal.o ABSOLUTE
    ../../signal.c                           0x00000000   Number         0  defsig_other.o ABSOLUTE
    ../../signal.c                           0x00000000   Number         0  defsig_fpe_inner.o ABSOLUTE
    ../../signal.c                           0x00000000   Number         0  defsig_exit.o ABSOLUTE
    ../../signal.c                           0x00000000   Number         0  __raise.o ABSOLUTE
    ../../signal.s                           0x00000000   Number         0  defsig.o ABSOLUTE
    ../../stdlib.c                           0x00000000   Number         0  exit.o ABSOLUTE
    SAM7.s                                   0x00000000   Number         0  sam7.o ABSOLUTE
    dc.s                                     0x00000000   Number         0  dc.o ABSOLUTE
    main.c                                   0x00000000   Number         0  main.o ABSOLUTE
    RESET                                    0x00100000   Section      336  sam7.o(RESET)
    Undef_Handler                            0x00100040   ARM Code       4  sam7.o(RESET)
    SWI_Handler                              0x00100044   ARM Code       4  sam7.o(RESET)
    PAbt_Handler                             0x00100048   ARM Code       4  sam7.o(RESET)
    DAbt_Handler                             0x0010004c   ARM Code       4  sam7.o(RESET)
    IRQ_Handler                              0x00100050   ARM Code       4  sam7.o(RESET)
    FIQ_Handler                              0x00100054   ARM Code       4  sam7.o(RESET)
    !!!main                                  0x00100150   Section        8  __main.o(!!!main)
    !!!scatter                               0x00100158   Section       60  __scatter.o(!!!scatter)
    !!handler_copy                           0x00100194   Section       40  __scatter_copy.o(!!handler_copy)
    !!handler_zi                             0x001001bc   Section       44  __scatter_zi.o(!!handler_zi)
    .ARM.Collect$$libinit$$00000000          0x001001f0   Section        6  libinit.o(.ARM.Collect$$libinit$$00000000)
    .ARM.Collect$$libinit$$00000006          0x001001f6   Section        0  libinit2.o(.ARM.Collect$$libinit$$00000006)
    .ARM.Collect$$libinit$$00000008          0x001001f6   Section        0  libinit2.o(.ARM.Collect$$libinit$$00000008)
    .ARM.Collect$$libinit$$0000000A          0x001001f6   Section        0  libinit2.o(.ARM.Collect$$libinit$$0000000A)
    .ARM.Collect$$libinit$$0000000D          0x001001f6   Section        0  libinit2.o(.ARM.Collect$$libinit$$0000000D)
    .ARM.Collect$$libinit$$0000000F          0x001001f6   Section        0  libinit2.o(.ARM.Collect$$libinit$$0000000F)
    .ARM.Collect$$libinit$$00000011          0x001001f6   Section        0  libinit2.o(.ARM.Collect$$libinit$$00000011)
    .ARM.Collect$$libinit$$00000013          0x001001f6   Section        0  libinit2.o(.ARM.Collect$$libinit$$00000013)
    .ARM.Collect$$libinit$$00000015          0x001001f6   Section        0  libinit2.o(.ARM.Collect$$libinit$$00000015)
    .ARM.Collect$$libinit$$00000017          0x001001f6   Section        0  libinit2.o(.ARM.Collect$$libinit$$00000017)
    .ARM.Collect$$libinit$$00000019          0x001001f6   Section        0  libinit2.o(.ARM.Collect$$libinit$$00000019)
    .ARM.Collect$$libinit$$0000001B          0x001001f6   Section        0  libinit2.o(.ARM.Collect$$libinit$$0000001B)
    .ARM.Collect$$libinit$$0000001D          0x001001f6   Section        0  libinit2.o(.ARM.Collect$$libinit$$0000001D)
    .ARM.Collect$$libinit$$0000001F          0x001001f6   Section        0  libinit2.o(.ARM.Collect$$libinit$$0000001F)
    .ARM.Collect$$libinit$$00000021          0x001001f6   Section        0  libinit2.o(.ARM.Collect$$libinit$$00000021)
    .ARM.Collect$$libinit$$00000028          0x001001f6   Section        0  libinit2.o(.ARM.Collect$$libinit$$00000028)
    .ARM.Collect$$libinit$$0000002A          0x001001f6   Section        0  libinit2.o(.ARM.Collect$$libinit$$0000002A)
    .ARM.Collect$$libinit$$0000002C          0x001001f6   Section        0  libinit2.o(.ARM.Collect$$libinit$$0000002C)
    .ARM.Collect$$libinit$$0000002E          0x001001f6   Section        0  libinit2.o(.ARM.Collect$$libinit$$0000002E)
    .ARM.Collect$$libinit$$0000002F          0x001001f6   Section       12  libinit2.o(.ARM.Collect$$libinit$$0000002F)
    .ARM.Collect$$libshutdown$$00000000      0x0010020c   Section        4  libshutdown.o(.ARM.Collect$$libshutdown$$00000000)
    .ARM.Collect$$libshutdown$$00000003      0x00100210   Section        0  libshutdown2.o(.ARM.Collect$$libshutdown$$00000003)
    .ARM.Collect$$libshutdown$$00000006      0x00100210   Section        0  libshutdown2.o(.ARM.Collect$$libshutdown$$00000006)
    .ARM.Collect$$libshutdown$$00000009      0x00100210   Section        0  libshutdown2.o(.ARM.Collect$$libshutdown$$00000009)
    .ARM.Collect$$libshutdown$$0000000B      0x00100210   Section        0  libshutdown2.o(.ARM.Collect$$libshutdown$$0000000B)
    .ARM.Collect$$libshutdown$$0000000E      0x00100210   Section        0  libshutdown2.o(.ARM.Collect$$libshutdown$$0000000E)
    .ARM.Collect$$libshutdown$$0000000F      0x00100210   Section        6  libshutdown2.o(.ARM.Collect$$libshutdown$$0000000F)
    .ARM.Collect$$rtentry$$00000000          0x00100218   Section        0  rtentry.o(.ARM.Collect$$rtentry$$00000000)
    .ARM.Collect$$rtentry$$00000002          0x00100218   Section        0  rtentry2.o(.ARM.Collect$$rtentry$$00000002)
    .ARM.Collect$$rtentry$$00000004          0x00100218   Section        8  rtentry4.o(.ARM.Collect$$rtentry$$00000004)
    .ARM.Collect$$rtentry$$00000009          0x00100220   Section        0  rtentry2.o(.ARM.Collect$$rtentry$$00000009)
    .ARM.Collect$$rtentry$$0000000A          0x00100220   Section        4  rtentry2.o(.ARM.Collect$$rtentry$$0000000A)
    .ARM.Collect$$rtentry$$0000000C          0x00100224   Section        0  rtentry2.o(.ARM.Collect$$rtentry$$0000000C)
    .ARM.Collect$$rtentry$$0000000D          0x00100224   Section       40  rtentry2.o(.ARM.Collect$$rtentry$$0000000D)
    .ARM.Collect$$rtexit$$00000000           0x00100250   Section        4  rtexit.o(.ARM.Collect$$rtexit$$00000000)
    .ARM.Collect$$rtexit$$00000002           0x00100254   Section        0  rtexit2.o(.ARM.Collect$$rtexit$$00000002)
    .ARM.Collect$$rtexit$$00000003           0x00100254   Section        4  rtexit2.o(.ARM.Collect$$rtexit$$00000003)
    .ARM.Collect$$rtexit$$00000004           0x00100258   Section        8  rtexit2.o(.ARM.Collect$$rtexit$$00000004)
    .text                                    0x00100260   Section       32  sam7.o(.text)
    .text                                    0x00100280   Section        0  main.o(.text)
    .text                                    0x00100d34   Section        4  use_no_semi.o(.text)
    .text                                    0x00100d40   Section        0  noretval__2printf.o(.text)
    .text                                    0x00100d5c   Section      384  aeabi_sdiv.o(.text)
    __arm_div8                               0x00100d88   ARM Code       0  aeabi_sdiv.o(.text)
    __arm_div5                               0x00100dac   ARM Code       0  aeabi_sdiv.o(.text)
    __arm_div2                               0x00100dd0   ARM Code       0  aeabi_sdiv.o(.text)
    __arm_div_large                          0x00100e0c   ARM Code       0  aeabi_sdiv.o(.text)
    .text                                    0x00100edc   Section        0  heapauxi.o(.text)
    .text                                    0x00100ee4   Section        0  _printf_char_file.o(.text)
    .text                                    0x00100f10   Section        0  _printf_char_common.o(.text)
    _printf_input_char                       0x00100f11   Thumb Code    10  _printf_char_common.o(.text)
    .text                                    0x00100f40   Section       96  sys_stackheap_outer.o(.text)
    .text                                    0x00100fa0   Section        0  __printf_nopercent.o(.text)
    .text                                    0x00100fca   Section        0  exit.o(.text)
    .text                                    0x00100fd8   Section       12  libspace.o(.text)
    .text                                    0x00100fe4   Section       12  rt_fp_status_addr_intlibspace.o(.text)
    .text_udiv                               0x00100ff0   Section       36  aeabi_sdiv.o(.text_udiv)
    i.__ARM_common_call_via_r5               0x0010101c   Section        0  __printf_nopercent.o(i.__ARM_common_call_via_r5)
    i.__ARM_common_call_via_r7               0x0010101e   Section        0  __printf_nopercent.o(i.__ARM_common_call_via_r7)
    x$fpl$fpinit                             0x00101024   Section       24  fpinit.o(x$fpl$fpinit)
    .data                                    0x00200000   Section       44  main.o(.data)
    .bss                                     0x0020002c   Section       96  libspace.o(.bss)
    HEAP                                     0x00200090   Section        0  sam7.o(HEAP)
    STACK                                    0x00200090   Section     1160  sam7.o(STACK)
    Heap_Mem                                 0x00200090   Data           0  sam7.o(HEAP)
    Stack_Mem                                0x00200090   Data        1024  sam7.o(STACK)
    Stack_Top                                0x00200518   Data           0  sam7.o(STACK)

    Global Symbols

    Symbol Name                              Value     Ov Type        Size  Object(Section)

    BuildAttributes$$THM_ISAv1$ARM_ISAv4$S$PE$A:L22$X:L11$S22$IEEE1$IW$USESV6$~STKCKD$USESV7$~SHL$OSPACE$ROPI$EBA8$UX$STANDARDLIB$REQ8$PRES8$EABIv2 0x00000000   Number         0  anon$$obj.o ABSOLUTE
    __ARM_use_no_argv                        0x00000000   Number         0  main.o ABSOLUTE
    __ARM_exceptions_init                     - Undefined Weak Reference
    __alloca_initialize                       - Undefined Weak Reference
    __cpp_initialize__aeabi_                  - Undefined Weak Reference
    __cxa_finalize                            - Undefined Weak Reference
    __rt_locale                               - Undefined Weak Reference
    __sigvec_lookup                           - Undefined Weak Reference
    _atexit_init                              - Undefined Weak Reference
    _call_atexit_fns                          - Undefined Weak Reference
    _clock_init                               - Undefined Weak Reference
    _fp_trap_init                             - Undefined Weak Reference
    _fp_trap_shutdown                         - Undefined Weak Reference
    _get_lc_collate                           - Undefined Weak Reference
    _get_lc_ctype                             - Undefined Weak Reference
    _get_lc_monetary                          - Undefined Weak Reference
    _get_lc_numeric                           - Undefined Weak Reference
    _get_lc_time                              - Undefined Weak Reference
    _getenv_init                              - Undefined Weak Reference
    _handle_redirection                       - Undefined Weak Reference
    _init_alloc                               - Undefined Weak Reference
    _init_user_alloc                          - Undefined Weak Reference
    _initio                                   - Undefined Weak Reference
    _rand_init                                - Undefined Weak Reference
    _signal_finish                            - Undefined Weak Reference
    _signal_init                              - Undefined Weak Reference
    _terminate_alloc                          - Undefined Weak Reference
    _terminate_user_alloc                     - Undefined Weak Reference
    _terminateio                              - Undefined Weak Reference
    Reset_Handler                            0x00100058   ARM Code       0  sam7.o(RESET)
    __main                                   0x00100150   ARM Code       8  __main.o(!!!main)
    __scatterload                            0x00100158   ARM Code       0  __scatter.o(!!!scatter)
    __scatterload_rt2                        0x00100158   ARM Code      52  __scatter.o(!!!scatter)
    __scatterload_null                       0x0010016c   ARM Code       0  __scatter.o(!!!scatter)
    __scatterload_copy                       0x00100194   ARM Code      40  __scatter_copy.o(!!handler_copy)
    __scatterload_zeroinit                   0x001001bc   ARM Code      44  __scatter_zi.o(!!handler_zi)
    Inline ARM to Thumb Veneer to __rt_lib_init 0x001001e8   ARM Code       8  libinit.o(.ARM.Collect$$libinit$$00000000)
    __rt_lib_init                            0x001001f1   Thumb Code     0  libinit.o(.ARM.Collect$$libinit$$00000000)
    __rt_lib_init_alloca_1                   0x001001f7   Thumb Code     0  libinit2.o(.ARM.Collect$$libinit$$0000002A)
    __rt_lib_init_argv_1                     0x001001f7   Thumb Code     0  libinit2.o(.ARM.Collect$$libinit$$00000028)
    __rt_lib_init_atexit_1                   0x001001f7   Thumb Code     0  libinit2.o(.ARM.Collect$$libinit$$00000017)
    __rt_lib_init_clock_1                    0x001001f7   Thumb Code     0  libinit2.o(.ARM.Collect$$libinit$$0000001D)
    __rt_lib_init_cpp_1                      0x001001f7   Thumb Code     0  libinit2.o(.ARM.Collect$$libinit$$0000002E)
    __rt_lib_init_exceptions_1               0x001001f7   Thumb Code     0  libinit2.o(.ARM.Collect$$libinit$$0000002C)
    __rt_lib_init_fp_trap_1                  0x001001f7   Thumb Code     0  libinit2.o(.ARM.Collect$$libinit$$0000001B)
    __rt_lib_init_getenv_1                   0x001001f7   Thumb Code     0  libinit2.o(.ARM.Collect$$libinit$$0000001F)
    __rt_lib_init_heap_1                     0x001001f7   Thumb Code     0  libinit2.o(.ARM.Collect$$libinit$$00000006)
    __rt_lib_init_lc_collate_1               0x001001f7   Thumb Code     0  libinit2.o(.ARM.Collect$$libinit$$0000000D)
    __rt_lib_init_lc_ctype_1                 0x001001f7   Thumb Code     0  libinit2.o(.ARM.Collect$$libinit$$0000000F)
    __rt_lib_init_lc_monetary_1              0x001001f7   Thumb Code     0  libinit2.o(.ARM.Collect$$libinit$$00000011)
    __rt_lib_init_lc_numeric_1               0x001001f7   Thumb Code     0  libinit2.o(.ARM.Collect$$libinit$$00000013)
    __rt_lib_init_lc_time_1                  0x001001f7   Thumb Code     0  libinit2.o(.ARM.Collect$$libinit$$00000015)
    __rt_lib_init_rand_1                     0x001001f7   Thumb Code     0  libinit2.o(.ARM.Collect$$libinit$$0000000A)
    __rt_lib_init_return                     0x001001f7   Thumb Code     0  libinit2.o(.ARM.Collect$$libinit$$0000002F)
    __rt_lib_init_signal_1                   0x001001f7   Thumb Code     0  libinit2.o(.ARM.Collect$$libinit$$00000019)
    __rt_lib_init_stdio_1                    0x001001f7   Thumb Code     0  libinit2.o(.ARM.Collect$$libinit$$00000021)
    __rt_lib_init_user_alloc_1               0x001001f7   Thumb Code     0  libinit2.o(.ARM.Collect$$libinit$$00000008)
    Inline ARM to Thumb Veneer to __rt_lib_shutdown 0x00100204   ARM Code       8  libshutdown.o(.ARM.Collect$$libshutdown$$00000000)
    __rt_lib_shutdown                        0x0010020d   Thumb Code     0  libshutdown.o(.ARM.Collect$$libshutdown$$00000000)
    __rt_lib_shutdown_fp_trap_1              0x00100211   Thumb Code     0  libshutdown2.o(.ARM.Collect$$libshutdown$$00000006)
    __rt_lib_shutdown_heap_1                 0x00100211   Thumb Code     0  libshutdown2.o(.ARM.Collect$$libshutdown$$0000000E)
    __rt_lib_shutdown_return                 0x00100211   Thumb Code     0  libshutdown2.o(.ARM.Collect$$libshutdown$$0000000F)
    __rt_lib_shutdown_signal_1               0x00100211   Thumb Code     0  libshutdown2.o(.ARM.Collect$$libshutdown$$00000009)
    __rt_lib_shutdown_stdio_1                0x00100211   Thumb Code     0  libshutdown2.o(.ARM.Collect$$libshutdown$$00000003)
    __rt_lib_shutdown_user_alloc_1           0x00100211   Thumb Code     0  libshutdown2.o(.ARM.Collect$$libshutdown$$0000000B)
    __rt_entry                               0x00100218   ARM Code       0  rtentry.o(.ARM.Collect$$rtentry$$00000000)
    __rt_entry_presh_1                       0x00100218   ARM Code       0  rtentry2.o(.ARM.Collect$$rtentry$$00000002)
    __rt_entry_sh                            0x00100218   ARM Code       0  rtentry4.o(.ARM.Collect$$rtentry$$00000004)
    __rt_entry_li                            0x00100220   ARM Code       0  rtentry2.o(.ARM.Collect$$rtentry$$0000000A)
    __rt_entry_postsh_1                      0x00100220   ARM Code       0  rtentry2.o(.ARM.Collect$$rtentry$$00000009)
    __rt_entry_main                          0x00100224   ARM Code       0  rtentry2.o(.ARM.Collect$$rtentry$$0000000D)
    __rt_entry_postli_1                      0x00100224   ARM Code       0  rtentry2.o(.ARM.Collect$$rtentry$$0000000C)
    Inline Thumb to ARM Veneer to __rt_exit  0x0010024d   Thumb Code     4  rtexit.o(.ARM.Collect$$rtexit$$00000000)
    __rt_exit                                0x00100250   ARM Code       0  rtexit.o(.ARM.Collect$$rtexit$$00000000)
    __rt_exit_ls                             0x00100254   ARM Code       0  rtexit2.o(.ARM.Collect$$rtexit$$00000003)
    __rt_exit_prels_1                        0x00100254   ARM Code       0  rtexit2.o(.ARM.Collect$$rtexit$$00000002)
    __rt_exit_exit                           0x00100258   ARM Code       0  rtexit2.o(.ARM.Collect$$rtexit$$00000004)
    __user_initial_stackheap                 0x00100260   ARM Code       0  sam7.o(.text)
    delay_us                                 0x00100280   ARM Code     120  main.o(.text)
    delay_ms                                 0x001002f8   ARM Code     120  main.o(.text)
    delay_s                                  0x00100370   ARM Code     120  main.o(.text)
    usart0_init                              0x001003e8   ARM Code     244  main.o(.text)
    usart1_init                              0x001004dc   ARM Code     248  main.o(.text)
    sendchar                                 0x001005d4   ARM Code     160  main.o(.text)
    getkey                                   0x00100674   ARM Code      80  main.o(.text)
    fputc                                    0x001006c4   ARM Code      28  main.o(.text)
    fgetc                                    0x001006e0   ARM Code      40  main.o(.text)
    ferror                                   0x00100708   ARM Code      12  main.o(.text)
    _ttywrch                                 0x00100714   ARM Code      24  main.o(.text)
    _sys_exit                                0x0010072c   ARM Code       8  main.o(.text)
    cwait                                    0x00100734   ARM Code      20  main.o(.text)
    setD4567                                 0x00100748   ARM Code      92  main.o(.text)
    lcd_putchar                              0x001007a4   ARM Code     128  main.o(.text)
    lcd_command                              0x00100824   ARM Code     128  main.o(.text)
    lcd_init                                 0x001008a4   ARM Code     220  main.o(.text)
    lcd_gotoxy                               0x00100980   ARM Code     148  main.o(.text)
    lcd_define_char                          0x00100a14   ARM Code      96  main.o(.text)
    lcd_clear                                0x00100a74   ARM Code      44  main.o(.text)
    lcd_shift_left                           0x00100aa0   ARM Code      56  main.o(.text)
    lcd_shift_right                          0x00100ad8   ARM Code      56  main.o(.text)
    lcd_puts                                 0x00100b10   ARM Code     148  main.o(.text)
    lcd_putsf                                0x00100ba4   ARM Code      64  main.o(.text)
    Display_off                              0x00100be4   ARM Code      28  main.o(.text)
    Display_on                               0x00100c00   ARM Code      28  main.o(.text)
    cursor_off                               0x00100c1c   ARM Code      28  main.o(.text)
    cursor_on                                0x00100c38   ARM Code      28  main.o(.text)
    cursor_blink                             0x00100c54   ARM Code      28  main.o(.text)
    main                                     0x00100c70   ARM Code     100  main.o(.text)
    __I$use$semihosting                      0x00100d34   ARM Code       0  use_no_semi.o(.text)
    __use_no_semihosting_swi                 0x00100d34   ARM Code       4  use_no_semi.o(.text)
    Inline ARM to Thumb Veneer to __2printf  0x00100d38   ARM Code       8  noretval__2printf.o(.text)
    __2printf                                0x00100d41   Thumb Code    22  noretval__2printf.o(.text)
    __aeabi_idiv                             0x00100d5c   ARM Code       0  aeabi_sdiv.o(.text)
    __aeabi_idivmod                          0x00100d5c   ARM Code     384  aeabi_sdiv.o(.text)
    __use_two_region_memory                  0x00100edd   Thumb Code     2  heapauxi.o(.text)
    __rt_heap_escrow$2region                 0x00100edf   Thumb Code     2  heapauxi.o(.text)
    __rt_heap_expand$2region                 0x00100ee1   Thumb Code     2  heapauxi.o(.text)
    _printf_char_file                        0x00100ee5   Thumb Code    38  _printf_char_file.o(.text)
    _printf_char_common                      0x00100f1b   Thumb Code    34  _printf_char_common.o(.text)
    __user_setup_stackheap                   0x00100f40   ARM Code      96  sys_stackheap_outer.o(.text)
    __printf                                 0x00100fa1   Thumb Code    42  __printf_nopercent.o(.text)
    exit                                     0x00100fcb   Thumb Code    12  exit.o(.text)
    __user_libspace                          0x00100fd8   ARM Code      12  libspace.o(.text)
    __user_perproc_libspace                  0x00100fd8   ARM Code       0  libspace.o(.text)
    __user_perthread_libspace                0x00100fd8   ARM Code       0  libspace.o(.text)
    __rt_fp_status_addr                      0x00100fe4   ARM Code      12  rt_fp_status_addr_intlibspace.o(.text)
    __aeabi_uidiv                            0x00100ff0   ARM Code       0  aeabi_sdiv.o(.text_udiv)
    __aeabi_uidivmod                         0x00100ff0   ARM Code      36  aeabi_sdiv.o(.text_udiv)
    Short Thumb to ARM Veneer to ferror      0x00101015   Thumb Code     8  anon$$obj.o(Veneer$$Code)
    __ARM_common_call_via_r5                 0x0010101d   Thumb Code     2  __printf_nopercent.o(i.__ARM_common_call_via_r5)
    __ARM_common_call_via_r7                 0x0010101f   Thumb Code     2  __printf_nopercent.o(i.__ARM_common_call_via_r7)
    Inline Thumb to ARM Veneer to _fp_init   0x00101021   Thumb Code     4  fpinit.o(x$fpl$fpinit)
    _fp_init                                 0x00101024   ARM Code      24  fpinit.o(x$fpl$fpinit)
    __fplib_config_pureend_doubles           0x00101034   ARM Code       0  fpinit.o(x$fpl$fpinit)
    Region$$Table$$Base                      0x0010103c   Number         0  anon$$obj.o(Region$$Table)
    Region$$Table$$Limit                     0x0010105c   Number         0  anon$$obj.o(Region$$Table)
    crystal                                  0x00200000   Data           4  main.o(.data)
    sync                                     0x00200004   Data           4  main.o(.data)
    Async                                    0x00200008   Data           4  main.o(.data)
    x                                        0x0020000c   Data           4  main.o(.data)
    y                                        0x00200010   Data           4  main.o(.data)
    a                                        0x00200014   Data           4  main.o(.data)
    mode                                     0x00200018   Data           4  main.o(.data)
    BARD_RATE1                               0x0020001c   Data           4  main.o(.data)
    BARD_RATE0                               0x00200020   Data           4  main.o(.data)
    __stdout                                 0x00200024   Data           4  main.o(.data)
    __stdin                                  0x00200028   Data           4  main.o(.data)
    __libspace_start                         0x0020002c   Data          96  libspace.o(.bss)
    __temporary_stack_top$libspace           0x0020008c   Data           0  libspace.o(.bss)



==============================================================================

Memory Map of the image

  Image Entry point : 0x00100150

  Load Region LR_IROM1 (Base: 0x00100000, Size: 0x00001088, Max: 0x00040000, ABSOLUTE)

    Execution Region ER_IROM1 (Base: 0x00100000, Size: 0x0000105c, Max: 0x00040000, ABSOLUTE)

    Base Addr    Size         Type   Attr      Idx    E Section Name        Object

    0x00100000   0x00000150   Code   RO            3    RESET               sam7.o
    0x00100150   0x00000008   Code   RO           69  * !!!main             c_t.l(__main.o)
    0x00100158   0x0000003c   Code   RO          242    !!!scatter          c_t.l(__scatter.o)
    0x00100194   0x00000028   Code   RO          244    !!handler_copy      c_t.l(__scatter_copy.o)
    0x001001bc   0x0000002c   Code   RO          246    !!handler_zi        c_t.l(__scatter_zi.o)
    0x001001e8   0x00000008   Ven    RO          116    .ARM.Collect$$libinit$$00000000  c_t.l(libinit.o)
    0x001001f0   0x00000006   Code   RO          116    .ARM.Collect$$libinit$$00000000  c_t.l(libinit.o)
    0x001001f6   0x00000000   Code   RO          130    .ARM.Collect$$libinit$$00000006  c_t.l(libinit2.o)
    0x001001f6   0x00000000   Code   RO          132    .ARM.Collect$$libinit$$00000008  c_t.l(libinit2.o)
    0x001001f6   0x00000000   Code   RO          134    .ARM.Collect$$libinit$$0000000A  c_t.l(libinit2.o)
    0x001001f6   0x00000000   Code   RO          137    .ARM.Collect$$libinit$$0000000D  c_t.l(libinit2.o)
    0x001001f6   0x00000000   Code   RO          139    .ARM.Collect$$libinit$$0000000F  c_t.l(libinit2.o)
    0x001001f6   0x00000000   Code   RO          141    .ARM.Collect$$libinit$$00000011  c_t.l(libinit2.o)
    0x001001f6   0x00000000   Code   RO          143    .ARM.Collect$$libinit$$00000013  c_t.l(libinit2.o)
    0x001001f6   0x00000000   Code   RO          145    .ARM.Collect$$libinit$$00000015  c_t.l(libinit2.o)
    0x001001f6   0x00000000   Code   RO          147    .ARM.Collect$$libinit$$00000017  c_t.l(libinit2.o)
    0x001001f6   0x00000000   Code   RO          149    .ARM.Collect$$libinit$$00000019  c_t.l(libinit2.o)
    0x001001f6   0x00000000   Code   RO          151    .ARM.Collect$$libinit$$0000001B  c_t.l(libinit2.o)
    0x001001f6   0x00000000   Code   RO          153    .ARM.Collect$$libinit$$0000001D  c_t.l(libinit2.o)
    0x001001f6   0x00000000   Code   RO          155    .ARM.Collect$$libinit$$0000001F  c_t.l(libinit2.o)
    0x001001f6   0x00000000   Code   RO          157    .ARM.Collect$$libinit$$00000021  c_t.l(libinit2.o)
    0x001001f6   0x00000000   Code   RO          161    .ARM.Collect$$libinit$$00000028  c_t.l(libinit2.o)
    0x001001f6   0x00000000   Code   RO          163    .ARM.Collect$$libinit$$0000002A  c_t.l(libinit2.o)
    0x001001f6   0x00000000   Code   RO          165    .ARM.Collect$$libinit$$0000002C  c_t.l(libinit2.o)
    0x001001f6   0x00000000   Code   RO          167    .ARM.Collect$$libinit$$0000002E  c_t.l(libinit2.o)
    0x001001f6   0x0000000c   Code   RO          168    .ARM.Collect$$libinit$$0000002F  c_t.l(libinit2.o)
    0x00100202   0x00000002   PAD
    0x00100204   0x00000008   Ven    RO          199    .ARM.Collect$$libshutdown$$00000000  c_t.l(libshutdown.o)
    0x0010020c   0x00000004   Code   RO          199    .ARM.Collect$$libshutdown$$00000000  c_t.l(libshutdown.o)
    0x00100210   0x00000000   Code   RO          226    .ARM.Collect$$libshutdown$$00000003  c_t.l(libshutdown2.o)
    0x00100210   0x00000000   Code   RO          229    .ARM.Collect$$libshutdown$$00000006  c_t.l(libshutdown2.o)
    0x00100210   0x00000000   Code   RO          232    .ARM.Collect$$libshutdown$$00000009  c_t.l(libshutdown2.o)
    0x00100210   0x00000000   Code   RO          234    .ARM.Collect$$libshutdown$$0000000B  c_t.l(libshutdown2.o)
    0x00100210   0x00000000   Code   RO          237    .ARM.Collect$$libshutdown$$0000000E  c_t.l(libshutdown2.o)
    0x00100210   0x00000006   Code   RO          238    .ARM.Collect$$libshutdown$$0000000F  c_t.l(libshutdown2.o)
    0x00100216   0x00000002   PAD
    0x00100218   0x00000000   Code   RO           71    .ARM.Collect$$rtentry$$00000000  c_t.l(rtentry.o)
    0x00100218   0x00000000   Code   RO           79    .ARM.Collect$$rtentry$$00000002  c_t.l(rtentry2.o)
    0x00100218   0x00000008   Code   RO           91    .ARM.Collect$$rtentry$$00000004  c_t.l(rtentry4.o)
    0x00100220   0x00000000   Code   RO           81    .ARM.Collect$$rtentry$$00000009  c_t.l(rtentry2.o)
    0x00100220   0x00000004   Code   RO           82    .ARM.Collect$$rtentry$$0000000A  c_t.l(rtentry2.o)
    0x00100224   0x00000000   Code   RO           84    .ARM.Collect$$rtentry$$0000000C  c_t.l(rtentry2.o)
    0x00100224   0x00000028   Code   RO           85    .ARM.Collect$$rtentry$$0000000D  c_t.l(rtentry2.o)
    0x0010024c   0x00000004   Ven    RO          120    .ARM.Collect$$rtexit$$00000000  c_t.l(rtexit.o)
    0x00100250   0x00000004   Code   RO          120    .ARM.Collect$$rtexit$$00000000  c_t.l(rtexit.o)
    0x00100254   0x00000000   Code   RO          172    .ARM.Collect$$rtexit$$00000002  c_t.l(rtexit2.o)
    0x00100254   0x00000004   Code   RO          173    .ARM.Collect$$rtexit$$00000003  c_t.l(rtexit2.o)
    0x00100258   0x00000008   Code   RO          174    .ARM.Collect$$rtexit$$00000004  c_t.l(rtexit2.o)
    0x00100260   0x00000020   Code   RO            4    .text               sam7.o
    0x00100280   0x00000ab4   Code   RO           11    .text               main.o
    0x00100d34   0x00000004   Code   RO           45    .text               c_t.l(use_no_semi.o)
    0x00100d38   0x00000008   Ven    RO           49    .text               c_t.l(noretval__2printf.o)
    0x00100d40   0x0000001c   Code   RO           49    .text               c_t.l(noretval__2printf.o)
    0x00100d5c   0x00000180   Code   RO           51    .text               c_t.l(aeabi_sdiv.o)
    0x00100edc   0x00000006   Code   RO           67    .text               c_t.l(heapauxi.o)
    0x00100ee2   0x00000002   PAD
    0x00100ee4   0x0000002c   Code   RO           76    .text               c_t.l(_printf_char_file.o)
    0x00100f10   0x00000030   Code   RO           95    .text               c_t.l(_printf_char_common.o)
    0x00100f40   0x00000060   Code   RO           97    .text               c_t.l(sys_stackheap_outer.o)
    0x00100fa0   0x0000002a   Code   RO           99    .text               c_t.l(__printf_nopercent.o)
    0x00100fca   0x0000000c   Code   RO          105    .text               c_t.l(exit.o)
    0x00100fd6   0x00000002   PAD
    0x00100fd8   0x0000000c   Code   RO          117    .text               c_t.l(libspace.o)
    0x00100fe4   0x0000000c   Code   RO          181    .text               c_t.l(rt_fp_status_addr_intlibspace.o)
    0x00100ff0   0x00000024   Code   RO           52    .text_udiv          c_t.l(aeabi_sdiv.o)
    0x00101014   0x00000008   Ven    RO          253    Veneer$$Code        anon$$obj.o
    0x0010101c   0x00000002   Code   RO          101    i.__ARM_common_call_via_r5  c_t.l(__printf_nopercent.o)
    0x0010101e   0x00000002   Code   RO          103    i.__ARM_common_call_via_r7  c_t.l(__printf_nopercent.o)
    0x00101020   0x00000004   Ven    RO          169    x$fpl$fpinit        fz_ts.l(fpinit.o)
    0x00101024   0x00000018   Code   RO          169    x$fpl$fpinit        fz_ts.l(fpinit.o)
    0x0010103c   0x00000020   Data   RO          240    Region$$Table       anon$$obj.o


    Execution Region RW_IRAM1 (Base: 0x00200000, Size: 0x00000518, Max: 0x00010000, ABSOLUTE)

    Base Addr    Size         Type   Attr      Idx    E Section Name        Object

    0x00200000   0x0000002c   Data   RW           12    .data               main.o
    0x0020002c   0x00000060   Zero   RW          118    .bss                c_t.l(libspace.o)
    0x0020008c   0x00000004   PAD
    0x00200090   0x00000000   Zero   RW            2    HEAP                sam7.o
    0x00200090   0x00000488   Zero   RW            1    STACK               sam7.o


==============================================================================

Image component sizes


      Code (inc. data)   RO Data    RW Data    ZI Data      Debug   Object Name

      2740         96          0         44          0      10149   main.o
       368         84          0          0       1160        556   sam7.o

    ----------------------------------------------------------------------
      3116        180         32         44       1160      10705   Object Totals
         8          0         32          0          0          0   (incl. Generated)
         0          0          0          0          0          0   (incl. Padding)

    ----------------------------------------------------------------------

      Code (inc. data)   RO Data    RW Data    ZI Data      Debug   Library Member Name

         8          0          0          0          0         68   __main.o
        46          0          0          0          0        208   __printf_nopercent.o
        60          8          0          0          0          0   __scatter.o
        40          0          0          0          0          0   __scatter_copy.o
        44          0          0          0          0          0   __scatter_zi.o
        48          4          0          0          0         96   _printf_char_common.o
        44          6          0          0          0         88   _printf_char_file.o
       420          0          0          0          0        148   aeabi_sdiv.o
        12          0          0          0          0         64   exit.o
         6          0          0          0          0        136   heapauxi.o
        14          0          0          0          0          0   libinit.o
        12          0          0          0          0          0   libinit2.o
        12          0          0          0          0          0   libshutdown.o
         6          0          0          0          0          0   libshutdown2.o
        12          4          0          0         96         68   libspace.o
        36          6          0          0          0         84   noretval__2printf.o
        12          4          0          0          0         68   rt_fp_status_addr_intlibspace.o
         0          0          0          0          0          0   rtentry.o
        44          4          0          0          0          0   rtentry2.o
         8          0          0          0          0          0   rtentry4.o
         8          0          0          0          0          0   rtexit.o
        12          0          0          0          0          0   rtexit2.o
        96          0          0          0          0         80   sys_stackheap_outer.o
         4          0          0          0          0         68   use_no_semi.o
        28          0          0          0          0         80   fpinit.o

    ----------------------------------------------------------------------
      1040         36          0          0        100       1256   Library Totals
         8          0          0          0          4          0   (incl. Padding)

    ----------------------------------------------------------------------

      Code (inc. data)   RO Data    RW Data    ZI Data      Debug   Library Name

      1004         36          0          0         96       1176   c_t.l
        28          0          0          0          0         80   fz_ts.l

    ----------------------------------------------------------------------
      1040         36          0          0        100       1256   Library Totals

    ----------------------------------------------------------------------

==============================================================================


      Code (inc. data)   RO Data    RW Data    ZI Data      Debug   

      4156        216         32         44       1260      11289   Grand Totals
      4156        216         32         44       1260      11289   ELF Image Totals
      4156        216         32         44          0          0   ROM Totals

==============================================================================

    Total RO  Size (Code + RO Data)                 4188 (   4.09kB)
    Total RW  Size (RW Data + ZI Data)              1304 (   1.27kB)
    Total ROM Size (Code + RO Data + RW Data)       4232 (   4.13kB)

==============================================================================

