<html>
<body>
<pre>
<h1>µVision Build Log</h1>
<h2>Project:</h2>
C:\Documents and Settings\ZiBiL.ZIBIL-226AD9074\Desktop\sam7x Evaluation board sample\PWM\pwm1.uvproj
Project File Date:  12/25/2012

<h2>Output:</h2>
Build target 'Target 1'
compiling main.c...
linking...
Program Size: Code=892 RO-data=16 RW-data=0 ZI-data=1256  
"pwm1.axf" - 0 Error(s), 0 Warning(s).
Load "C:\\Documents and Settings\\ZiBiL.ZIBIL-226AD9074\\Desktop\\sam7x Evaluation board sample\\PWM\\pwm1.AXF" 
ProjectFile = C:\Documents and Settings\ZiBiL.ZIBIL-226AD9074\Desktop\sam7x Evaluation board sample\PWM\JLinkArm_Target 1.ini
Device = AT91SAM7X256
Info: Device "AT91SAM7X256" selected (256 KB flash, 64 KB RAM).
VTarget = 3.300V
Info: TotalIRLen = 4, IRPrint = 0x01
Info: TotalIRLen = 4, IRPrint = 0x01
Info: RTCK seems to be bridged with TCK
Info: Auto JTAG speed: 8000 kHz
***JLink Warning: RESET (pin 15) high, but should be low. Please check target hardware.
Info: Core does not stop after Reset, setting WP to stop it.
***JLink Warning: PC of target system has unexpected value of 0x00200000 after reset.
DLL version V4.40c, compiled Jan 24 2012 09:30:33
Firmware: J-Link ARM V8 compiled Aug  1 2012 13:40:47
Hardware: V8.00
Hardware-Breakpoints: 2
Software-Breakpoints: 8192
Watchpoints:          0
Found 1 JTAG device, Total IRLen = 4:
 Id of device #0: 0x3F0F0F0F
ARM7 identified.
JTAG speed: 8000 kHz
Info: TotalIRLen = 4, IRPrint = 0x01
***JLink Warning: RESET (pin 15) high, but should be low. Please check target hardware.
Info: Core does not stop after Reset, setting WP to stop it.
***JLink Warning: PC of target system has unexpected value of 0x00200000 after reset.
JTAG speed: 1000 kHz
Erase Done.
Programming Done.
Verify OK.
Info: TotalIRLen = 4, IRPrint = 0x01
***JLink Warning: RESET (pin 15) high, but should be low. Please check target hardware.
Info: Core does not stop after Reset, setting WP to stop it.
***JLink Warning: PC of target system has unexpected value of 0x00200000 after reset.
JTAG speed: 1000 kHz
Application running ...
Rebuild target 'Target 1'
assembling SAM7.s...
compiling main.c...
linking...
Program Size: Code=892 RO-data=16 RW-data=0 ZI-data=1256  
FromELF: creating hex file...
"pwm1.axf" - 0 Error(s), 0 Warning(s).
