<html>
<body>
<pre>
<h1>µVision Build Log</h1>
<h2>Project:</h2>
D:\sam7x Evaluation board sample\vs1003\SD_File.uvproj
Project File Date:  11/14/2012

<h2>Output:</h2>
Rebuild target 'AT91SAM7X'
compiling Getline.c...
compiling SD_File.c...
assembling SAM7.s...
compiling File_Config.c...
compiling SPI_SAM7X.c...
compiling Serial.c...
compiling Retarget.c...
linking...
Program Size: Code=30152 RO-data=2084 RW-data=40 ZI-data=11784  
".\Obj\SD_File.axf" - 0 Error(s), 0 Warning(s).
Rebuild target 'AT91SAM7X'
compiling Getline.c...
compiling SD_File.c...
assembling SAM7.s...
compiling File_Config.c...
compiling SPI_SAM7X.c...
compiling Serial.c...
compiling Retarget.c...
linking...
Program Size: Code=30152 RO-data=2084 RW-data=40 ZI-data=11784  
FromELF: creating hex file...
".\Obj\SD_File.axf" - 0 Error(s), 0 Warning(s).
Load "D:\\sam7x Evaluation board sample\\vs1003\\Obj\\SD_File.AXF" 
ProjectFile = D:\sam7x Evaluation board sample\vs1003\JLinkArm_AT91SAM7X.ini
Device = AT91SAM7XC256
Info: Device "AT91SAM7XC256" selected (256 KB flash, 64 KB RAM).
VTarget = 3.313V
Info: TotalIRLen = 4, IRPrint = 0x01
Info: TotalIRLen = 4, IRPrint = 0x01
Info: RTCK seems to be bridged with TCK
Info: Auto JTAG speed: 8000 kHz
***JLink Warning: RESET (pin 15) high, but should be low. Please check target hardware.
Info: Core does not stop after Reset, setting WP to stop it.
***JLink Warning: PC of target system has unexpected value of 0x00200000 after reset.
DLL version V4.40c, compiled Jan 24 2012 09:30:33
Firmware: J-Link ARM V8 compiled Sep 20 2012 13:27:01
Hardware: V8.00
Hardware-Breakpoints: 2
Software-Breakpoints: 8192
Watchpoints:          0
Found 1 JTAG device, Total IRLen = 4:
 Id of device #0: 0x3F0F0F0F
ARM7 identified.
JTAG speed: 8000 kHz
Info: TotalIRLen = 4, IRPrint = 0x01
***JLink Warning: RESET (pin 15) high, but should be low. Please check target hardware.
Info: Core does not stop after Reset, setting WP to stop it.
***JLink Warning: PC of target system has unexpected value of 0x00200000 after reset.
JTAG speed: 1000 kHz
Erase Done.
Programming Done.
Verify OK.
Info: TotalIRLen = 4, IRPrint = 0x01
***JLink Warning: RESET (pin 15) high, but should be low. Please check target hardware.
Info: Core does not stop after Reset, setting WP to stop it.
***JLink Warning: PC of target system has unexpected value of 0x00200004 after reset.
JTAG speed: 1000 kHz
Application running ...
