<html>
<body>
<pre>
<h1>µVision Build Log</h1>
<h2>Project:</h2>
C:\Users\ECAPC3\Desktop\Mouse\Mouse.uvproj
Project File Date:  03/08/2012

<h2>Output:</h2>
Build target 'AT91SAM7X-EK'
assembling SAM7.s...
compiling usbcore.c...
compiling usbdesc.c...
compiling usbuser.c...
compiling hiduser.c...
compiling mouse.c...
mouse.c(18): error:  #5: cannot open source input file "../../AT91SAM7X-EK.h": No such file or directory
compiling usbhw_SAM7X.c...
Target not created
Build target 'AT91SAM7X-EK'
compiling mouse.c...
linking...
Program Size: Code=5428 RO-data=324 RW-data=72 ZI-data=1160  
".\Obj\Mouse.axf" - 0 Error(s), 0 Warning(s).
Build target 'AT91SAM7X-EK'
compiling mouse.c...
linking...
Program Size: Code=5428 RO-data=324 RW-data=72 ZI-data=1160  
".\Obj\Mouse.axf" - 0 Error(s), 0 Warning(s).
Rebuild target 'AT91SAM7X-EK'
assembling SAM7.s...
compiling usbcore.c...
compiling usbdesc.c...
compiling usbuser.c...
compiling hiduser.c...
compiling mouse.c...
compiling usbhw_SAM7X.c...
linking...
Program Size: Code=5428 RO-data=324 RW-data=72 ZI-data=1160  
FromELF: creating hex file...
".\Obj\Mouse.axf" - 0 Error(s), 0 Warning(s).
Load "C:\\Users\\ECAPC3\\Desktop\\Mouse\\Obj\\Mouse.AXF" 
ProjectFile = C:\Users\ECAPC3\Desktop\Mouse\JLinkArm_AT91SAM7X-EK.ini
Device = AT91SAM7X256
Info: Device "AT91SAM7X256" selected (256 KB flash, 64 KB RAM).
VTarget = 3.300V
Info: TotalIRLen = 4, IRPrint = 0x01
Info: TotalIRLen = 4, IRPrint = 0x01
Info: RTCK reaction time is approx. 126ns
Info: Auto JTAG speed: Adaptive
***JLink Warning: RESET (pin 15) high, but should be low. Please check target hardware.
Info: Core does not stop after Reset, setting WP to stop it.
***JLink Warning: PC of target system has unexpected value of 0x00200004 after reset.
DLL version V4.40c, compiled Jan 24 2012 09:30:33
Firmware: J-Link ARM V8 compiled Sep 20 2012 13:27:01
Hardware: V8.00
Hardware-Breakpoints: 2
Software-Breakpoints: 8192
Watchpoints:          0
Found 1 JTAG device, Total IRLen = 4:
 Id of device #0: 0x3F0F0F0F
ARM7 identified.
Using adaptive clocking instead of fixed JTAG speed.
Info: TotalIRLen = 4, IRPrint = 0x01
***JLink Warning: RESET (pin 15) high, but should be low. Please check target hardware.
Info: Core does not stop after Reset, setting WP to stop it.
***JLink Warning: PC of target system has unexpected value of 0x00200000 after reset.
JTAG speed: 1000 kHz
Erase Done.
Programming Done.
Verify OK.
Info: TotalIRLen = 4, IRPrint = 0x01
***JLink Warning: RESET (pin 15) high, but should be low. Please check target hardware.
Info: Core does not stop after Reset, setting WP to stop it.
***JLink Warning: PC of target system has unexpected value of 0x00200000 after reset.
JTAG speed: 1000 kHz
Application running ...
