ARM Linker, 4.1 [Build 894] [Professional (MDK + RL-ARM)]

==============================================================================

Section Cross References

    sam7.o(STACK) refers (Special) to heapauxi.o(.text) for __use_two_region_memory
    sam7.o(HEAP) refers (Special) to heapauxi.o(.text) for __use_two_region_memory
    sam7.o(RESET) refers (Special) to heapauxi.o(.text) for __use_two_region_memory
    sam7.o(RESET) refers to sam7.o(STACK) for Stack_Top
    sam7.o(RESET) refers to __main.o(!!!main) for __main
    sam7.o(.text) refers (Special) to heapauxi.o(.text) for __use_two_region_memory
    sam7.o(.text) refers to sam7.o(HEAP) for Heap_Mem
    sam7.o(.text) refers to sam7.o(STACK) for Stack_Mem
    main.o(.text) refers to _printf_percent.o(.ARM.Collect$$_printf_percent$$00000000) for _printf_percent
    main.o(.text) refers to _printf_f.o(.ARM.Collect$$_printf_percent$$00000003) for _printf_f
    main.o(.text) refers to printf1.o(x$fpl$printf1) for _printf_fp_dec
    main.o(.text) refers to aeabi_sdiv.o(.text_udiv) for __aeabi_uidivmod
    main.o(.text) refers to aeabi_sdiv.o(.text) for __aeabi_idivmod
    main.o(.text) refers to dflt_noclz.o(x$fpl$dfltu) for __aeabi_ui2d
    main.o(.text) refers to dmul.o(x$fpl$dmul) for __aeabi_dmul
    main.o(.text) refers to ddiv.o(x$fpl$ddiv) for __aeabi_ddiv
    main.o(.text) refers to d2f.o(x$fpl$d2f) for __aeabi_d2f
    main.o(.text) refers to f2d.o(x$fpl$f2d) for __aeabi_f2d
    main.o(.text) refers to noretval__2sprintf.o(.text) for __2sprintf
    main.o(.text) refers to main.o(.data) for crystal
    __2sprintf.o(.text) refers to _printf_char_common.o(.text) for _printf_char_common
    __2sprintf.o(.text) refers to _sputc.o(.text) for _sputc
    noretval__2sprintf.o(.text) refers to _printf_char_common.o(.text) for _printf_char_common
    noretval__2sprintf.o(.text) refers to _sputc.o(.text) for _sputc
    __printf.o(.text) refers to __printf.o(i.__ARM_common_call_via_r1) for __ARM_common_call_via_r1
    __printf.o(.text) refers to _printf_percent.o(.ARM.Collect$$_printf_percent$$00000000) for _printf_percent
    __printf.o(.text) refers to __printf.o(i.__ARM_common_call_via_r2) for __ARM_common_call_via_r2
    __printf_flags.o(.text) refers to __printf.o(i.__ARM_common_call_via_r1) for __ARM_common_call_via_r1
    __printf_flags.o(.text) refers to _printf_percent.o(.ARM.Collect$$_printf_percent$$00000000) for _printf_percent
    __printf_flags.o(.text) refers to __printf.o(i.__ARM_common_call_via_r2) for __ARM_common_call_via_r2
    __printf_flags.o(.text) refers to __printf_flags.o(.constdata) for .constdata
    __printf_ss.o(.text) refers to __printf.o(i.__ARM_common_call_via_r1) for __ARM_common_call_via_r1
    __printf_ss.o(.text) refers to _printf_percent.o(.ARM.Collect$$_printf_percent$$00000000) for _printf_percent
    __printf_ss.o(.text) refers to __printf.o(i.__ARM_common_call_via_r2) for __ARM_common_call_via_r2
    __printf_flags_ss.o(.text) refers to __printf.o(i.__ARM_common_call_via_r1) for __ARM_common_call_via_r1
    __printf_flags_ss.o(.text) refers to _printf_percent.o(.ARM.Collect$$_printf_percent$$00000000) for _printf_percent
    __printf_flags_ss.o(.text) refers to __printf.o(i.__ARM_common_call_via_r2) for __ARM_common_call_via_r2
    __printf_flags_ss.o(.text) refers to __printf_flags_ss.o(.constdata) for .constdata
    __printf_wp.o(.text) refers to __printf.o(i.__ARM_common_call_via_r1) for __ARM_common_call_via_r1
    __printf_wp.o(.text) refers to __printf_wp.o(i._is_digit) for _is_digit
    __printf_wp.o(.text) refers to _printf_percent.o(.ARM.Collect$$_printf_percent$$00000000) for _printf_percent
    __printf_wp.o(.text) refers to __printf.o(i.__ARM_common_call_via_r2) for __ARM_common_call_via_r2
    __printf_flags_wp.o(.text) refers to __printf.o(i.__ARM_common_call_via_r1) for __ARM_common_call_via_r1
    __printf_flags_wp.o(.text) refers to __printf_wp.o(i._is_digit) for _is_digit
    __printf_flags_wp.o(.text) refers to _printf_percent.o(.ARM.Collect$$_printf_percent$$00000000) for _printf_percent
    __printf_flags_wp.o(.text) refers to __printf.o(i.__ARM_common_call_via_r2) for __ARM_common_call_via_r2
    __printf_flags_wp.o(.text) refers to __printf_flags_wp.o(.constdata) for .constdata
    __printf_ss_wp.o(.text) refers to __printf.o(i.__ARM_common_call_via_r1) for __ARM_common_call_via_r1
    __printf_ss_wp.o(.text) refers to __printf_wp.o(i._is_digit) for _is_digit
    __printf_ss_wp.o(.text) refers to _printf_percent.o(.ARM.Collect$$_printf_percent$$00000000) for _printf_percent
    __printf_ss_wp.o(.text) refers to __printf.o(i.__ARM_common_call_via_r2) for __ARM_common_call_via_r2
    __printf_flags_ss_wp.o(.text) refers to __printf.o(i.__ARM_common_call_via_r1) for __ARM_common_call_via_r1
    __printf_flags_ss_wp.o(.text) refers to __printf_wp.o(i._is_digit) for _is_digit
    __printf_flags_ss_wp.o(.text) refers to _printf_percent.o(.ARM.Collect$$_printf_percent$$00000000) for _printf_percent
    __printf_flags_ss_wp.o(.text) refers to __printf.o(i.__ARM_common_call_via_r2) for __ARM_common_call_via_r2
    __printf_flags_ss_wp.o(.text) refers to __printf_flags_ss_wp.o(.constdata) for .constdata
    _printf_f.o(.ARM.Collect$$_printf_percent$$00000003) refers (Weak) to printf1.o(x$fpl$printf1) for _printf_fp_dec
    _printf_percent.o(.ARM.Collect$$_printf_percent$$00000000) refers (Special) to _printf_percent_end.o(.ARM.Collect$$_printf_percent$$00000017) for _printf_percent_end
    aeabi_sdiv.o(.text_udiv) refers to aeabi_sdiv.o(.text) for __arm_div2
    aeabi_sdiv_div0.o(.text_udiv) refers to aeabi_sdiv_div0.o(.text) for __arm_div2
    __main.o(!!!main) refers to rtentry.o(.ARM.Collect$$rtentry$$00000000) for __rt_entry
    d2f.o(x$fpl$d2f) refers (Special) to usenofp.o(x$fpl$usenofp) for __I$use$fp
    d2f.o(x$fpl$d2f) refers to fretinf.o(x$fpl$fretinf) for __fpl_fretinf
    d2f.o(x$fpl$d2f) refers to dnaninf.o(x$fpl$dnaninf) for __fpl_dnaninf
    ddiv.o(x$fpl$drdiv) refers (Special) to usenofp.o(x$fpl$usenofp) for __I$use$fp
    ddiv.o(x$fpl$drdiv) refers to ddiv.o(x$fpl$ddiv) for ddiv_entry
    ddiv.o(x$fpl$ddiv) refers (Special) to usenofp.o(x$fpl$usenofp) for __I$use$fp
    ddiv.o(x$fpl$ddiv) refers to dretinf.o(x$fpl$dretinf) for __fpl_dretinf
    ddiv.o(x$fpl$ddiv) refers to dnaninf.o(x$fpl$dnaninf) for __fpl_dnaninf
    dflt_noclz.o(x$fpl$dfltu) refers (Special) to usenofp.o(x$fpl$usenofp) for __I$use$fp
    dflt_noclz.o(x$fpl$dfltu) refers to dflt_noclz.o(x$fpl$dflt) for __dflt_normalise
    dflt_noclz.o(x$fpl$dflt) refers (Special) to usenofp.o(x$fpl$usenofp) for __I$use$fp
    dmul.o(x$fpl$dmul) refers (Special) to usenofp.o(x$fpl$usenofp) for __I$use$fp
    dmul.o(x$fpl$dmul) refers to dretinf.o(x$fpl$dretinf) for __fpl_dretinf
    dmul.o(x$fpl$dmul) refers to dnaninf.o(x$fpl$dnaninf) for __fpl_dnaninf
    f2d.o(x$fpl$f2d) refers (Special) to usenofp.o(x$fpl$usenofp) for __I$use$fp
    f2d.o(x$fpl$f2d) refers to fnaninf.o(x$fpl$fnaninf) for __fpl_fnaninf
    f2d.o(x$fpl$f2d) refers to dretinf.o(x$fpl$dretinf) for __fpl_dretinf
    printf1.o(x$fpl$printf1) refers to _printf_fp_dec.o(.text) for _printf_fp_dec_real
    rtentry.o(.ARM.Collect$$rtentry$$00000000) refers (Special) to rtentry2.o(.ARM.Collect$$rtentry$$0000000A) for __rt_entry_li
    rtentry.o(.ARM.Collect$$rtentry$$00000000) refers (Special) to rtentry2.o(.ARM.Collect$$rtentry$$0000000D) for __rt_entry_main
    rtentry.o(.ARM.Collect$$rtentry$$00000000) refers (Special) to rtentry2.o(.ARM.Collect$$rtentry$$0000000C) for __rt_entry_postli_1
    rtentry.o(.ARM.Collect$$rtentry$$00000000) refers (Special) to rtentry2.o(.ARM.Collect$$rtentry$$00000009) for __rt_entry_postsh_1
    rtentry.o(.ARM.Collect$$rtentry$$00000000) refers (Special) to rtentry2.o(.ARM.Collect$$rtentry$$00000002) for __rt_entry_presh_1
    rtentry.o(.ARM.Collect$$rtentry$$00000000) refers (Special) to rtentry4.o(.ARM.Collect$$rtentry$$00000004) for __rt_entry_sh
    aeabi_idiv0_sigfpe.o(.text) refers to rt_div0.o(.text) for __rt_div0
    _printf_fp_dec.o(.text) refers (Special) to usenofp.o(x$fpl$usenofp) for __I$use$fp
    _printf_fp_dec.o(.text) refers (Special) to lc_numeric_c.o(locale$$code) for _get_lc_numeric
    _printf_fp_dec.o(.text) refers to istatus.o(x$fpl$ieeestatus) for __ieee_status
    _printf_fp_dec.o(.text) refers to bigflt0.o(.text) for _btod_etento
    _printf_fp_dec.o(.text) refers to btod.o(CL$$btod_d2e) for _btod_d2e
    _printf_fp_dec.o(.text) refers to btod.o(CL$$btod_ediv) for _btod_ediv
    _printf_fp_dec.o(.text) refers to btod.o(CL$$btod_emul) for _btod_emul
    _printf_fp_dec.o(.text) refers to lludiv10.o(.text) for _ll_udiv10
    _printf_fp_dec.o(.text) refers to fpclassify.o(i.__ARM_fpclassify) for __ARM_fpclassify
    _printf_fp_dec.o(.text) refers to _printf_fp_infnan.o(.text) for _printf_fp_infnan
    _printf_fp_dec.o(.text) refers to rtudiv10.o(.text) for __rt_udiv10
    _printf_fp_dec.o(.text) refers to __printf.o(i.__ARM_common_call_via_r2) for __ARM_common_call_via_r2
    _printf_fp_dec.o(.text) refers to rt_locale_intlibspace.o(.text) for __rt_locale
    _printf_char_common.o(.text) refers to __printf.o(.text) for __printf
    dnaninf.o(x$fpl$dnaninf) refers (Special) to usenofp.o(x$fpl$usenofp) for __I$use$fp
    dretinf.o(x$fpl$dretinf) refers (Special) to usenofp.o(x$fpl$usenofp) for __I$use$fp
    fnaninf.o(x$fpl$fnaninf) refers (Special) to usenofp.o(x$fpl$usenofp) for __I$use$fp
    fretinf.o(x$fpl$fretinf) refers (Special) to usenofp.o(x$fpl$usenofp) for __I$use$fp
    rtentry2.o(.ARM.Collect$$rtentry$$00000008) refers to boardinit2.o(.text) for _platform_post_stackheap_init
    rtentry2.o(.ARM.Collect$$rtentry$$0000000A) refers to libinit.o(.ARM.Collect$$libinit$$00000000) for __rt_lib_init
    rtentry2.o(.ARM.Collect$$rtentry$$0000000B) refers to boardinit3.o(.text) for _platform_post_lib_init
    rtentry2.o(.ARM.Collect$$rtentry$$0000000D) refers to exit.o(.text) for exit
    rtentry2.o(.ARM.Collect$$rtentry$$0000000D) refers to main.o(.text) for main
    rtentry2.o(.ARM.exidx) refers to rtentry2.o(.ARM.Collect$$rtentry$$00000001) for .ARM.Collect$$rtentry$$00000001
    rtentry2.o(.ARM.exidx) refers to rtentry2.o(.ARM.Collect$$rtentry$$00000008) for .ARM.Collect$$rtentry$$00000008
    rtentry2.o(.ARM.exidx) refers to rtentry2.o(.ARM.Collect$$rtentry$$0000000A) for .ARM.Collect$$rtentry$$0000000A
    rtentry2.o(.ARM.exidx) refers to rtentry2.o(.ARM.Collect$$rtentry$$0000000B) for .ARM.Collect$$rtentry$$0000000B
    rtentry2.o(.ARM.exidx) refers to rtentry2.o(.ARM.Collect$$rtentry$$0000000D) for .ARM.Collect$$rtentry$$0000000D
    rtentry4.o(.ARM.Collect$$rtentry$$00000004) refers to sys_stackheap_outer.o(.text) for __user_setup_stackheap
    rtentry4.o(.ARM.exidx) refers to rtentry4.o(.ARM.Collect$$rtentry$$00000004) for .ARM.Collect$$rtentry$$00000004
    rt_div0.o(.text) refers to defsig_fpe_outer.o(.text) for __rt_SIGFPE
    rt_locale.o(.text) refers to rt_locale.o(.bss) for __rt_locale_data
    rt_locale_intlibspace.o(.text) refers to libspace.o(.bss) for __libspace_start
    _printf_fp_infnan.o(.text) refers to __printf.o(i.__ARM_common_call_via_r2) for __ARM_common_call_via_r2
    __printf_nopercent.o(.text) refers to __printf_nopercent.o(i.__ARM_common_call_via_r7) for __ARM_common_call_via_r7
    __printf_nopercent.o(.text) refers to __printf_nopercent.o(i.__ARM_common_call_via_r5) for __ARM_common_call_via_r5
    bigflt0.o(.text) refers (Special) to usenofp.o(x$fpl$usenofp) for __I$use$fp
    bigflt0.o(.text) refers to aeabi_sdiv.o(.text) for __aeabi_idivmod
    bigflt0.o(.text) refers to btod.o(CL$$btod_emul) for _btod_emul
    bigflt0.o(.text) refers to btod.o(CL$$btod_ediv) for _btod_ediv
    bigflt0.o(.text) refers to bigflt0.o(.constdata) for .constdata
    bigflt0.o(.constdata) refers (Special) to usenofp.o(x$fpl$usenofp) for __I$use$fp
    btod.o(CL$$btod_d2e) refers (Special) to usenofp.o(x$fpl$usenofp) for __I$use$fp
    btod.o(CL$$btod_d2e) refers to btod.o(CL$$btod_d2e_norm_op1) for _d2e_norm_op1
    btod.o(CL$$btod_d2e_norm_op1) refers (Special) to usenofp.o(x$fpl$usenofp) for __I$use$fp
    btod.o(CL$$btod_d2e_norm_op1) refers to btod.o(CL$$btod_d2e_denorm_low) for _d2e_denorm_low
    btod.o(CL$$btod_d2e_denorm_low) refers (Special) to usenofp.o(x$fpl$usenofp) for __I$use$fp
    btod.o(CL$$btod_emul) refers (Special) to usenofp.o(x$fpl$usenofp) for __I$use$fp
    btod.o(CL$$btod_emul) refers to btod.o(CL$$btod_mult_common) for __btod_mult_common
    btod.o(CL$$btod_emul) refers to btod.o(CL$$btod_e2e) for _e2e
    btod.o(CL$$btod_ediv) refers (Special) to usenofp.o(x$fpl$usenofp) for __I$use$fp
    btod.o(CL$$btod_ediv) refers to btod.o(CL$$btod_div_common) for __btod_div_common
    btod.o(CL$$btod_ediv) refers to btod.o(CL$$btod_e2e) for _e2e
    btod.o(CL$$btod_emuld) refers (Special) to usenofp.o(x$fpl$usenofp) for __I$use$fp
    btod.o(CL$$btod_emuld) refers to btod.o(CL$$btod_mult_common) for __btod_mult_common
    btod.o(CL$$btod_emuld) refers to btod.o(CL$$btod_e2d) for _e2d
    btod.o(CL$$btod_edivd) refers (Special) to usenofp.o(x$fpl$usenofp) for __I$use$fp
    btod.o(CL$$btod_edivd) refers to btod.o(CL$$btod_div_common) for __btod_div_common
    btod.o(CL$$btod_edivd) refers to btod.o(CL$$btod_e2d) for _e2d
    btod.o(CL$$btod_e2e) refers (Special) to usenofp.o(x$fpl$usenofp) for __I$use$fp
    btod.o(CL$$btod_e2d) refers (Special) to usenofp.o(x$fpl$usenofp) for __I$use$fp
    btod.o(CL$$btod_e2d) refers to btod.o(CL$$btod_e2e) for _e2e
    btod.o(CL$$btod_mult_common) refers (Special) to usenofp.o(x$fpl$usenofp) for __I$use$fp
    btod.o(CL$$btod_div_common) refers (Special) to usenofp.o(x$fpl$usenofp) for __I$use$fp
    lc_numeric_c.o(locale$$data) refers (Special) to libinit2.o(.ARM.Collect$$libinit$$00000012) for __rt_lib_init_lc_numeric_2
    lc_numeric_c.o(locale$$code) refers (Special) to libinit2.o(.ARM.Collect$$libinit$$00000012) for __rt_lib_init_lc_numeric_2
    lc_numeric_c.o(locale$$code) refers to strcmp.o(.text) for strcmp
    lc_numeric_c.o(locale$$code) refers to lc_numeric_c.o(locale$$data) for __lcnum_c_name
    istatus.o(x$fpl$ieeestatus) refers (Special) to usenofp.o(x$fpl$usenofp) for __I$use$fp
    fpclassify.o(i.__ARM_fpclassify) refers (Special) to usenofp.o(x$fpl$usenofp) for __I$use$fp
    libspace.o(.text) refers to libspace.o(.bss) for __libspace_start
    sys_stackheap_outer.o(.text) refers to libspace.o(.text) for __user_perproc_libspace
    sys_stackheap_outer.o(.text) refers to sam7.o(.text) for __user_initial_stackheap
    exit.o(.text) refers to rtexit.o(.ARM.Collect$$rtexit$$00000000) for __rt_exit
    defsig_fpe_outer.o(.text) refers to defsig_fpe_inner.o(.text) for __rt_SIGFPE_inner
    defsig_fpe_outer.o(.text) refers to defsig_exit.o(.text) for __sig_exit
    defsig_fpe_formal.o(.text) refers to rt_raise.o(.text) for __rt_raise
    libinit.o(.ARM.Collect$$libinit$$00000000) refers (Special) to libinit2.o(.ARM.Collect$$libinit$$0000002A) for __rt_lib_init_alloca_1
    libinit.o(.ARM.Collect$$libinit$$00000000) refers (Special) to libinit2.o(.ARM.Collect$$libinit$$00000028) for __rt_lib_init_argv_1
    libinit.o(.ARM.Collect$$libinit$$00000000) refers (Special) to libinit2.o(.ARM.Collect$$libinit$$00000017) for __rt_lib_init_atexit_1
    libinit.o(.ARM.Collect$$libinit$$00000000) refers (Special) to libinit2.o(.ARM.Collect$$libinit$$0000001D) for __rt_lib_init_clock_1
    libinit.o(.ARM.Collect$$libinit$$00000000) refers (Special) to libinit2.o(.ARM.Collect$$libinit$$0000002E) for __rt_lib_init_cpp_1
    libinit.o(.ARM.Collect$$libinit$$00000000) refers (Special) to libinit2.o(.ARM.Collect$$libinit$$0000002C) for __rt_lib_init_exceptions_1
    libinit.o(.ARM.Collect$$libinit$$00000000) refers (Special) to libinit2.o(.ARM.Collect$$libinit$$0000001B) for __rt_lib_init_fp_trap_1
    libinit.o(.ARM.Collect$$libinit$$00000000) refers (Special) to libinit2.o(.ARM.Collect$$libinit$$0000001F) for __rt_lib_init_getenv_1
    libinit.o(.ARM.Collect$$libinit$$00000000) refers (Special) to libinit2.o(.ARM.Collect$$libinit$$00000006) for __rt_lib_init_heap_1
    libinit.o(.ARM.Collect$$libinit$$00000000) refers (Special) to libinit2.o(.ARM.Collect$$libinit$$0000000D) for __rt_lib_init_lc_collate_1
    libinit.o(.ARM.Collect$$libinit$$00000000) refers (Special) to libinit2.o(.ARM.Collect$$libinit$$0000000F) for __rt_lib_init_lc_ctype_1
    libinit.o(.ARM.Collect$$libinit$$00000000) refers (Special) to libinit2.o(.ARM.Collect$$libinit$$00000011) for __rt_lib_init_lc_monetary_1
    libinit.o(.ARM.Collect$$libinit$$00000000) refers (Special) to libinit2.o(.ARM.Collect$$libinit$$00000013) for __rt_lib_init_lc_numeric_1
    libinit.o(.ARM.Collect$$libinit$$00000000) refers (Special) to libinit2.o(.ARM.Collect$$libinit$$00000015) for __rt_lib_init_lc_time_1
    libinit.o(.ARM.Collect$$libinit$$00000000) refers (Special) to libinit2.o(.ARM.Collect$$libinit$$0000000A) for __rt_lib_init_rand_1
    libinit.o(.ARM.Collect$$libinit$$00000000) refers (Special) to libinit2.o(.ARM.Collect$$libinit$$0000002F) for __rt_lib_init_return
    libinit.o(.ARM.Collect$$libinit$$00000000) refers (Special) to libinit2.o(.ARM.Collect$$libinit$$00000019) for __rt_lib_init_signal_1
    libinit.o(.ARM.Collect$$libinit$$00000000) refers (Special) to libinit2.o(.ARM.Collect$$libinit$$00000021) for __rt_lib_init_stdio_1
    libinit.o(.ARM.Collect$$libinit$$00000000) refers (Special) to libinit2.o(.ARM.Collect$$libinit$$00000008) for __rt_lib_init_user_alloc_1
    libinit.o(.ARM.Collect$$libinit$$00000000) refers to fpinit.o(x$fpl$fpinit) for _fp_init
    libinit2.o(.ARM.Collect$$libinit$$0000000B) refers (Weak) to rt_locale_intlibspace.o(.text) for __rt_locale
    libinit2.o(.ARM.Collect$$libinit$$0000000C) refers to libinit2.o(.ARM.Collect$$libinit$$0000000B) for .ARM.Collect$$libinit$$0000000B
    libinit2.o(.ARM.Collect$$libinit$$0000000E) refers to libinit2.o(.ARM.Collect$$libinit$$0000000B) for .ARM.Collect$$libinit$$0000000B
    libinit2.o(.ARM.Collect$$libinit$$00000010) refers to libinit2.o(.ARM.Collect$$libinit$$0000000B) for .ARM.Collect$$libinit$$0000000B
    libinit2.o(.ARM.Collect$$libinit$$00000012) refers to libinit2.o(.ARM.Collect$$libinit$$0000000B) for .ARM.Collect$$libinit$$0000000B
    libinit2.o(.ARM.Collect$$libinit$$00000012) refers (Weak) to lc_numeric_c.o(locale$$code) for _get_lc_numeric
    libinit2.o(.ARM.Collect$$libinit$$00000014) refers to libinit2.o(.ARM.Collect$$libinit$$0000000B) for .ARM.Collect$$libinit$$0000000B
    libinit2.o(.ARM.Collect$$libinit$$00000022) refers to argv_veneer.o(.emb_text) for __ARM_argv_veneer
    libinit2.o(.ARM.Collect$$libinit$$00000023) refers to argv_veneer.o(.emb_text) for __ARM_argv_veneer
    rtexit.o(.ARM.Collect$$rtexit$$00000000) refers (Special) to rtexit2.o(.ARM.Collect$$rtexit$$00000004) for __rt_exit_exit
    rtexit.o(.ARM.Collect$$rtexit$$00000000) refers (Special) to rtexit2.o(.ARM.Collect$$rtexit$$00000003) for __rt_exit_ls
    rtexit.o(.ARM.Collect$$rtexit$$00000000) refers (Special) to rtexit2.o(.ARM.Collect$$rtexit$$00000002) for __rt_exit_prels_1
    rtexit.o(.ARM.exidx) refers (Special) to rtexit2.o(.ARM.Collect$$rtexit$$00000004) for __rt_exit_exit
    rtexit.o(.ARM.exidx) refers (Special) to rtexit2.o(.ARM.Collect$$rtexit$$00000003) for __rt_exit_ls
    rtexit.o(.ARM.exidx) refers (Special) to rtexit2.o(.ARM.Collect$$rtexit$$00000002) for __rt_exit_prels_1
    rtexit.o(.ARM.exidx) refers to rtexit.o(.ARM.Collect$$rtexit$$00000000) for .ARM.Collect$$rtexit$$00000000
    rt_raise.o(.text) refers to __raise.o(.text) for __raise
    rt_raise.o(.text) refers to sys_exit.o(.text) for _sys_exit
    defsig_exit.o(.text) refers to sys_exit.o(.text) for _sys_exit
    defsig_fpe_inner.o(.text) refers to defsig_general.o(.text) for __default_signal_display
    argv_veneer.o(.emb_text) refers to no_argv.o(.text) for __ARM_get_argv
    fpinit.o(x$fpl$fpinit) refers to rt_fp_status_addr_intlibspace.o(.text) for __rt_fp_status_addr
    sys_exit.o(.text) refers (Special) to use_no_semi.o(.text) for __I$use$semihosting
    sys_exit.o(.text) refers (Special) to indicate_semi.o(.text) for __semihosting_library_function
    rtexit2.o(.ARM.Collect$$rtexit$$00000003) refers to libshutdown.o(.ARM.Collect$$libshutdown$$00000000) for __rt_lib_shutdown
    rtexit2.o(.ARM.Collect$$rtexit$$00000004) refers to sys_exit.o(.text) for _sys_exit
    rtexit2.o(.ARM.exidx) refers to rtexit2.o(.ARM.Collect$$rtexit$$00000001) for .ARM.Collect$$rtexit$$00000001
    rtexit2.o(.ARM.exidx) refers to rtexit2.o(.ARM.Collect$$rtexit$$00000003) for .ARM.Collect$$rtexit$$00000003
    rtexit2.o(.ARM.exidx) refers to rtexit2.o(.ARM.Collect$$rtexit$$00000004) for .ARM.Collect$$rtexit$$00000004
    rt_fp_status_addr.o(.text) refers to rt_fp_status_addr.o(.bss) for __rt_fp_status_addr_data
    rt_fp_status_addr_intlibspace.o(.text) refers to libspace.o(.bss) for __libspace_start
    __raise.o(.text) refers to __printf.o(i.__ARM_common_call_via_r2) for __ARM_common_call_via_r2
    __raise.o(.text) refers to defsig.o(CL$$defsig) for __default_signal_handler
    defsig_general.o(.text) refers to sys_wrch.o(.text) for _ttywrch
    _get_argv_nomalloc.o(.text) refers (Special) to hrguard.o(.text) for __heap_region$guard
    _get_argv_nomalloc.o(.text) refers to defsig_rtmem_outer.o(.text) for __rt_SIGRTMEM
    _get_argv_nomalloc.o(.text) refers to sys_command.o(.text) for _sys_command_string
    sys_wrch.o(.text) refers (Special) to use_no_semi.o(.text) for __I$use$semihosting
    sys_wrch.o(.text) refers (Special) to indicate_semi.o(.text) for __semihosting_library_function
    sys_command.o(.text) refers (Special) to use_no_semi.o(.text) for __I$use$semihosting
    sys_command.o(.text) refers (Special) to indicate_semi.o(.text) for __semihosting_library_function
    defsig_rtmem_outer.o(.text) refers to defsig_rtmem_inner.o(.text) for __rt_SIGRTMEM_inner
    defsig_rtmem_outer.o(.text) refers to defsig_exit.o(.text) for __sig_exit
    defsig_rtmem_formal.o(.text) refers to rt_raise.o(.text) for __rt_raise
    defsig.o(CL$$defsig) refers to defsig_fpe_inner.o(.text) for __rt_SIGFPE_inner
    defsig.o(CL$$defsig) refers to defsig_rtmem_inner.o(.text) for __rt_SIGRTMEM_inner
    libshutdown.o(.ARM.Collect$$libshutdown$$00000000) refers (Special) to libshutdown2.o(.ARM.Collect$$libshutdown$$00000006) for __rt_lib_shutdown_fp_trap_1
    libshutdown.o(.ARM.Collect$$libshutdown$$00000000) refers (Special) to libshutdown2.o(.ARM.Collect$$libshutdown$$0000000E) for __rt_lib_shutdown_heap_1
    libshutdown.o(.ARM.Collect$$libshutdown$$00000000) refers (Special) to libshutdown2.o(.ARM.Collect$$libshutdown$$0000000F) for __rt_lib_shutdown_return
    libshutdown.o(.ARM.Collect$$libshutdown$$00000000) refers (Special) to libshutdown2.o(.ARM.Collect$$libshutdown$$00000009) for __rt_lib_shutdown_signal_1
    libshutdown.o(.ARM.Collect$$libshutdown$$00000000) refers (Special) to libshutdown2.o(.ARM.Collect$$libshutdown$$00000003) for __rt_lib_shutdown_stdio_1
    libshutdown.o(.ARM.Collect$$libshutdown$$00000000) refers (Special) to libshutdown2.o(.ARM.Collect$$libshutdown$$0000000B) for __rt_lib_shutdown_user_alloc_1
    defsig_abrt_inner.o(.text) refers to defsig_general.o(.text) for __default_signal_display
    defsig_rtred_inner.o(.text) refers to defsig_general.o(.text) for __default_signal_display
    defsig_rtmem_inner.o(.text) refers to defsig_general.o(.text) for __default_signal_display
    defsig_stak_inner.o(.text) refers to defsig_general.o(.text) for __default_signal_display
    defsig_pvfn_inner.o(.text) refers to defsig_general.o(.text) for __default_signal_display
    defsig_cppl_inner.o(.text) refers to defsig_general.o(.text) for __default_signal_display
    defsig_segv_inner.o(.text) refers to defsig_general.o(.text) for __default_signal_display
    defsig_other.o(.text) refers to defsig_general.o(.text) for __default_signal_display


==============================================================================

Adding Veneers to the image

    Adding TA veneer (4 bytes, Inline) for call to '_printf_percent' from __printf.o(.text).
    Adding AT veneer (8 bytes, Inline) for call to '__rt_lib_init' from rtentry2.o(.ARM.Collect$$rtentry$$0000000A).
    Adding AT veneer (8 bytes, Inline) for call to '__rt_lib_shutdown' from rtexit2.o(.ARM.Collect$$rtexit$$00000003).
    Adding TA veneer (4 bytes, Inline) for call to '__rt_exit' from exit.o(.text).
    Adding AT veneer (8 bytes, Inline) for call to '__2sprintf' from main.o(.text).
    Adding TA veneer (4 bytes, Inline) for call to '__aeabi_idivmod' from bigflt0.o(.text).
    Adding TA veneer (4 bytes, Inline) for call to '__rt_locale' from libinit2.o(.ARM.Collect$$libinit$$0000000B).
    Adding TA veneer (4 bytes, Inline) for call to '_ll_udiv10' from _printf_fp_dec.o(.text).
    Adding TA veneer (4 bytes, Inline) for call to '__rt_udiv10' from _printf_fp_dec.o(.text).
    Adding AT veneer (8 bytes, Inline) for call to '_sys_exit' from rtexit2.o(.ARM.Collect$$rtexit$$00000004).
    Adding TA veneer (4 bytes, Inline) for call to '_btod_d2e' from _printf_fp_dec.o(.text).
    Adding TA veneer (4 bytes, Inline) for call to '_btod_ediv' from _printf_fp_dec.o(.text).
    Adding TA veneer (4 bytes, Inline) for call to '_btod_emul' from _printf_fp_dec.o(.text).
    Adding AT veneer (12 bytes, Long) for call to '_printf_fp_dec_real' from printf1.o(x$fpl$printf1).
    Adding TA veneer (4 bytes, Inline) for call to '__ARM_fpclassify' from _printf_fp_dec.o(.text).
    Adding TA veneer (4 bytes, Inline) for call to '_get_lc_numeric' from libinit2.o(.ARM.Collect$$libinit$$00000012).
    Adding TA veneer (4 bytes, Inline) for call to '_fp_init' from libinit.o(.ARM.Collect$$libinit$$00000000).
    Adding TA veneer (4 bytes, Inline) for call to '__ieee_status' from _printf_fp_dec.o(.text).

18 Veneer(s) (total 96 bytes) added to the image.

==============================================================================

Image Symbol Table

    Local Symbols

    Symbol Name                              Value     Ov Type        Size  Object(Section)

    ../../angel/boardlib.s                   0x00000000   Number         0  boardinit1.o ABSOLUTE
    ../../angel/boardlib.s                   0x00000000   Number         0  boardinit2.o ABSOLUTE
    ../../angel/boardlib.s                   0x00000000   Number         0  boardinit3.o ABSOLUTE
    ../../angel/boardlib.s                   0x00000000   Number         0  boardshut.o ABSOLUTE
    ../../angel/handlers.s                   0x00000000   Number         0  __scatter_zi.o ABSOLUTE
    ../../angel/handlers.s                   0x00000000   Number         0  __scatter_copy.o ABSOLUTE
    ../../angel/kernel.s                     0x00000000   Number         0  rtentry.o ABSOLUTE
    ../../angel/kernel.s                     0x00000000   Number         0  rtentry4.o ABSOLUTE
    ../../angel/kernel.s                     0x00000000   Number         0  rtexit.o ABSOLUTE
    ../../angel/kernel.s                     0x00000000   Number         0  rtentry2.o ABSOLUTE
    ../../angel/kernel.s                     0x00000000   Number         0  rtexit2.o ABSOLUTE
    ../../angel/rt.s                         0x00000000   Number         0  aeabi_idiv0_sigfpe.o ABSOLUTE
    ../../angel/rt.s                         0x00000000   Number         0  rt_locale_intlibspace.o ABSOLUTE
    ../../angel/rt.s                         0x00000000   Number         0  aeabi_idiv0.o ABSOLUTE
    ../../angel/rt.s                         0x00000000   Number         0  rt_div0.o ABSOLUTE
    ../../angel/rt.s                         0x00000000   Number         0  rt_locale.o ABSOLUTE
    ../../angel/rt.s                         0x00000000   Number         0  rt_raise.o ABSOLUTE
    ../../angel/rt.s                         0x00000000   Number         0  rt_fp_status_addr.o ABSOLUTE
    ../../angel/rt.s                         0x00000000   Number         0  rt_fp_status_addr_intlibspace.o ABSOLUTE
    ../../angel/scatter.s                    0x00000000   Number         0  __scatter.o ABSOLUTE
    ../../angel/startup.s                    0x00000000   Number         0  __main.o ABSOLUTE
    ../../angel/sys.s                        0x00000000   Number         0  indicate_semi.o ABSOLUTE
    ../../angel/sys.s                        0x00000000   Number         0  use_no_semi.o ABSOLUTE
    ../../angel/sys.s                        0x00000000   Number         0  sys_stackheap_outer.o ABSOLUTE
    ../../angel/sys.s                        0x00000000   Number         0  libspace.o ABSOLUTE
    ../../angel/sysapp.c                     0x00000000   Number         0  sys_command.o ABSOLUTE
    ../../angel/sysapp.c                     0x00000000   Number         0  sys_exit.o ABSOLUTE
    ../../angel/sysapp.c                     0x00000000   Number         0  sys_wrch.o ABSOLUTE
    ../../armsys.c                           0x00000000   Number         0  _get_argv_nomalloc.o ABSOLUTE
    ../../armsys.c                           0x00000000   Number         0  no_argv.o ABSOLUTE
    ../../armsys.c                           0x00000000   Number         0  argv_veneer.o ABSOLUTE
    ../../armsys.c                           0x00000000   Number         0  argv_veneer.o ABSOLUTE
    ../../bigflt.c                           0x00000000   Number         0  bigflt0.o ABSOLUTE
    ../../btod.s                             0x00000000   Number         0  btod.o ABSOLUTE
    ../../d2f.s                              0x00000000   Number         0  d2f.o ABSOLUTE
    ../../ddiv.s                             0x00000000   Number         0  ddiv.o ABSOLUTE
    ../../dflt.s                             0x00000000   Number         0  dflt_noclz.o ABSOLUTE
    ../../division.s                         0x00000000   Number         0  aeabi_sdiv.o ABSOLUTE
    ../../division.s                         0x00000000   Number         0  aeabi_sdiv_div0.o ABSOLUTE
    ../../division.s                         0x00000000   Number         0  rtudiv10.o ABSOLUTE
    ../../divrt.s                            0x00000000   Number         0  divrt_7tdmi_div0.o ABSOLUTE
    ../../divrt.s                            0x00000000   Number         0  divrt_7tdmi.o ABSOLUTE
    ../../dmul.s                             0x00000000   Number         0  dmul.o ABSOLUTE
    ../../dnaninf.s                          0x00000000   Number         0  dnaninf.o ABSOLUTE
    ../../dretinf.s                          0x00000000   Number         0  dretinf.o ABSOLUTE
    ../../f2d.s                              0x00000000   Number         0  f2d.o ABSOLUTE
    ../../fnaninf.s                          0x00000000   Number         0  fnaninf.o ABSOLUTE
    ../../fpclassify.c                       0x00000000   Number         0  fpclassify.o ABSOLUTE
    ../../fpinit.s                           0x00000000   Number         0  fpinit.o ABSOLUTE
    ../../fretinf.s                          0x00000000   Number         0  fretinf.o ABSOLUTE
    ../../heapalloc.c                        0x00000000   Number         0  hrguard.o ABSOLUTE
    ../../heapaux.c                          0x00000000   Number         0  heapauxi.o ABSOLUTE
    ../../istatus.s                          0x00000000   Number         0  istatus.o ABSOLUTE
    ../../libinit.s                          0x00000000   Number         0  libshutdown2.o ABSOLUTE
    ../../libinit.s                          0x00000000   Number         0  libshutdown.o ABSOLUTE
    ../../libinit.s                          0x00000000   Number         0  libinit2.o ABSOLUTE
    ../../libinit.s                          0x00000000   Number         0  libinit.o ABSOLUTE
    ../../locale.s                           0x00000000   Number         0  lc_numeric_c.o ABSOLUTE
    ../../longlong.s                         0x00000000   Number         0  lludiv10.o ABSOLUTE
    ../../memcpset.s                         0x00000000   Number         0  strcmp.o ABSOLUTE
    ../../printf.c                           0x00000000   Number         0  __printf_flags_ss.o ABSOLUTE
    ../../printf.c                           0x00000000   Number         0  __printf_flags_wp.o ABSOLUTE
    ../../printf.c                           0x00000000   Number         0  __printf_ss_wp.o ABSOLUTE
    ../../printf.c                           0x00000000   Number         0  __printf_flags_ss_wp.o ABSOLUTE
    ../../printf.c                           0x00000000   Number         0  __printf_wp.o ABSOLUTE
    ../../printf.c                           0x00000000   Number         0  _printf_fp_infnan.o ABSOLUTE
    ../../printf.c                           0x00000000   Number         0  __printf_nopercent.o ABSOLUTE
    ../../printf.c                           0x00000000   Number         0  _printf_fp_dec.o ABSOLUTE
    ../../printf.c                           0x00000000   Number         0  _printf_char_common.o ABSOLUTE
    ../../printf.c                           0x00000000   Number         0  __2sprintf.o ABSOLUTE
    ../../printf.c                           0x00000000   Number         0  noretval__2sprintf.o ABSOLUTE
    ../../printf.c                           0x00000000   Number         0  _sputc.o ABSOLUTE
    ../../printf.c                           0x00000000   Number         0  __printf.o ABSOLUTE
    ../../printf.c                           0x00000000   Number         0  __printf_flags.o ABSOLUTE
    ../../printf.c                           0x00000000   Number         0  __printf_ss.o ABSOLUTE
    ../../printf1.s                          0x00000000   Number         0  printf1.o ABSOLUTE
    ../../printf_percent.s                   0x00000000   Number         0  _printf_percent.o ABSOLUTE
    ../../printf_percent.s                   0x00000000   Number         0  _printf_percent_end.o ABSOLUTE
    ../../printf_percent.s                   0x00000000   Number         0  _printf_f.o ABSOLUTE
    ../../signal.c                           0x00000000   Number         0  defsig_segv_inner.o ABSOLUTE
    ../../signal.c                           0x00000000   Number         0  defsig_other.o ABSOLUTE
    ../../signal.c                           0x00000000   Number         0  defsig_fpe_outer.o ABSOLUTE
    ../../signal.c                           0x00000000   Number         0  defsig_pvfn_inner.o ABSOLUTE
    ../../signal.c                           0x00000000   Number         0  defsig_fpe_formal.o ABSOLUTE
    ../../signal.c                           0x00000000   Number         0  defsig_exit.o ABSOLUTE
    ../../signal.c                           0x00000000   Number         0  defsig_abrt_inner.o ABSOLUTE
    ../../signal.c                           0x00000000   Number         0  defsig_rtmem_formal.o ABSOLUTE
    ../../signal.c                           0x00000000   Number         0  defsig_rtred_inner.o ABSOLUTE
    ../../signal.c                           0x00000000   Number         0  defsig_general.o ABSOLUTE
    ../../signal.c                           0x00000000   Number         0  __raise.o ABSOLUTE
    ../../signal.c                           0x00000000   Number         0  defsig_rtmem_outer.o ABSOLUTE
    ../../signal.c                           0x00000000   Number         0  defsig_rtmem_inner.o ABSOLUTE
    ../../signal.c                           0x00000000   Number         0  defsig_stak_inner.o ABSOLUTE
    ../../signal.c                           0x00000000   Number         0  defsig_cppl_inner.o ABSOLUTE
    ../../signal.c                           0x00000000   Number         0  defsig_fpe_inner.o ABSOLUTE
    ../../signal.s                           0x00000000   Number         0  defsig.o ABSOLUTE
    ../../stdlib.c                           0x00000000   Number         0  exit.o ABSOLUTE
    ../../usenofp.s                          0x00000000   Number         0  usenofp.o ABSOLUTE
    SAM7.s                                   0x00000000   Number         0  sam7.o ABSOLUTE
    dc.s                                     0x00000000   Number         0  dc.o ABSOLUTE
    main.c                                   0x00000000   Number         0  main.o ABSOLUTE
    RESET                                    0x00100000   Section      336  sam7.o(RESET)
    Undef_Handler                            0x00100040   ARM Code       4  sam7.o(RESET)
    SWI_Handler                              0x00100044   ARM Code       4  sam7.o(RESET)
    PAbt_Handler                             0x00100048   ARM Code       4  sam7.o(RESET)
    DAbt_Handler                             0x0010004c   ARM Code       4  sam7.o(RESET)
    IRQ_Handler                              0x00100050   ARM Code       4  sam7.o(RESET)
    FIQ_Handler                              0x00100054   ARM Code       4  sam7.o(RESET)
    !!!main                                  0x00100150   Section        8  __main.o(!!!main)
    !!!scatter                               0x00100158   Section       60  __scatter.o(!!!scatter)
    !!handler_copy                           0x00100194   Section       40  __scatter_copy.o(!!handler_copy)
    !!handler_zi                             0x001001bc   Section       44  __scatter_zi.o(!!handler_zi)
    .ARM.Collect$$_printf_percent$$00000000  0x001001ec   Section        0  _printf_percent.o(.ARM.Collect$$_printf_percent$$00000000)
    .ARM.Collect$$_printf_percent$$00000003  0x001001ec   Section        8  _printf_f.o(.ARM.Collect$$_printf_percent$$00000003)
    .ARM.Collect$$_printf_percent$$00000017  0x001001f4   Section        8  _printf_percent_end.o(.ARM.Collect$$_printf_percent$$00000017)
    .ARM.Collect$$libinit$$00000000          0x00100204   Section        6  libinit.o(.ARM.Collect$$libinit$$00000000)
    .ARM.Collect$$libinit$$00000006          0x0010020a   Section        0  libinit2.o(.ARM.Collect$$libinit$$00000006)
    .ARM.Collect$$libinit$$00000008          0x0010020a   Section        0  libinit2.o(.ARM.Collect$$libinit$$00000008)
    .ARM.Collect$$libinit$$0000000A          0x0010020a   Section        0  libinit2.o(.ARM.Collect$$libinit$$0000000A)
    .ARM.Collect$$libinit$$0000000B          0x0010020a   Section        6  libinit2.o(.ARM.Collect$$libinit$$0000000B)
    .ARM.Collect$$libinit$$0000000D          0x00100210   Section        0  libinit2.o(.ARM.Collect$$libinit$$0000000D)
    .ARM.Collect$$libinit$$0000000F          0x00100210   Section        0  libinit2.o(.ARM.Collect$$libinit$$0000000F)
    .ARM.Collect$$libinit$$00000011          0x00100210   Section        0  libinit2.o(.ARM.Collect$$libinit$$00000011)
    .ARM.Collect$$libinit$$00000012          0x00100210   Section       10  libinit2.o(.ARM.Collect$$libinit$$00000012)
    .ARM.Collect$$libinit$$00000013          0x0010021a   Section        0  libinit2.o(.ARM.Collect$$libinit$$00000013)
    .ARM.Collect$$libinit$$00000015          0x0010021a   Section        0  libinit2.o(.ARM.Collect$$libinit$$00000015)
    .ARM.Collect$$libinit$$00000017          0x0010021a   Section        0  libinit2.o(.ARM.Collect$$libinit$$00000017)
    .ARM.Collect$$libinit$$00000019          0x0010021a   Section        0  libinit2.o(.ARM.Collect$$libinit$$00000019)
    .ARM.Collect$$libinit$$0000001B          0x0010021a   Section        0  libinit2.o(.ARM.Collect$$libinit$$0000001B)
    .ARM.Collect$$libinit$$0000001D          0x0010021a   Section        0  libinit2.o(.ARM.Collect$$libinit$$0000001D)
    .ARM.Collect$$libinit$$0000001F          0x0010021a   Section        0  libinit2.o(.ARM.Collect$$libinit$$0000001F)
    .ARM.Collect$$libinit$$00000021          0x0010021a   Section        0  libinit2.o(.ARM.Collect$$libinit$$00000021)
    .ARM.Collect$$libinit$$00000028          0x0010021a   Section        0  libinit2.o(.ARM.Collect$$libinit$$00000028)
    .ARM.Collect$$libinit$$0000002A          0x0010021a   Section        0  libinit2.o(.ARM.Collect$$libinit$$0000002A)
    .ARM.Collect$$libinit$$0000002C          0x0010021a   Section        0  libinit2.o(.ARM.Collect$$libinit$$0000002C)
    .ARM.Collect$$libinit$$0000002E          0x0010021a   Section        0  libinit2.o(.ARM.Collect$$libinit$$0000002E)
    .ARM.Collect$$libinit$$0000002F          0x0010021a   Section       12  libinit2.o(.ARM.Collect$$libinit$$0000002F)
    .ARM.Collect$$libshutdown$$00000000      0x00100230   Section        4  libshutdown.o(.ARM.Collect$$libshutdown$$00000000)
    .ARM.Collect$$libshutdown$$00000003      0x00100234   Section        0  libshutdown2.o(.ARM.Collect$$libshutdown$$00000003)
    .ARM.Collect$$libshutdown$$00000006      0x00100234   Section        0  libshutdown2.o(.ARM.Collect$$libshutdown$$00000006)
    .ARM.Collect$$libshutdown$$00000009      0x00100234   Section        0  libshutdown2.o(.ARM.Collect$$libshutdown$$00000009)
    .ARM.Collect$$libshutdown$$0000000B      0x00100234   Section        0  libshutdown2.o(.ARM.Collect$$libshutdown$$0000000B)
    .ARM.Collect$$libshutdown$$0000000E      0x00100234   Section        0  libshutdown2.o(.ARM.Collect$$libshutdown$$0000000E)
    .ARM.Collect$$libshutdown$$0000000F      0x00100234   Section        6  libshutdown2.o(.ARM.Collect$$libshutdown$$0000000F)
    .ARM.Collect$$rtentry$$00000000          0x0010023c   Section        0  rtentry.o(.ARM.Collect$$rtentry$$00000000)
    .ARM.Collect$$rtentry$$00000002          0x0010023c   Section        0  rtentry2.o(.ARM.Collect$$rtentry$$00000002)
    .ARM.Collect$$rtentry$$00000004          0x0010023c   Section        8  rtentry4.o(.ARM.Collect$$rtentry$$00000004)
    .ARM.Collect$$rtentry$$00000009          0x00100244   Section        0  rtentry2.o(.ARM.Collect$$rtentry$$00000009)
    .ARM.Collect$$rtentry$$0000000A          0x00100244   Section        4  rtentry2.o(.ARM.Collect$$rtentry$$0000000A)
    .ARM.Collect$$rtentry$$0000000C          0x00100248   Section        0  rtentry2.o(.ARM.Collect$$rtentry$$0000000C)
    .ARM.Collect$$rtentry$$0000000D          0x00100248   Section       40  rtentry2.o(.ARM.Collect$$rtentry$$0000000D)
    .ARM.Collect$$rtexit$$00000000           0x00100274   Section        4  rtexit.o(.ARM.Collect$$rtexit$$00000000)
    .ARM.Collect$$rtexit$$00000002           0x00100278   Section        0  rtexit2.o(.ARM.Collect$$rtexit$$00000002)
    .ARM.Collect$$rtexit$$00000003           0x00100278   Section        4  rtexit2.o(.ARM.Collect$$rtexit$$00000003)
    .ARM.Collect$$rtexit$$00000004           0x0010027c   Section        8  rtexit2.o(.ARM.Collect$$rtexit$$00000004)
    .text                                    0x00100284   Section       32  sam7.o(.text)
    .text                                    0x001002a4   Section        0  main.o(.text)
    .text                                    0x00100a74   Section        0  noretval__2sprintf.o(.text)
    .text                                    0x00100a9c   Section        0  __printf.o(.text)
    .text                                    0x00100b18   Section      384  aeabi_sdiv.o(.text)
    __arm_div8                               0x00100b44   ARM Code       0  aeabi_sdiv.o(.text)
    __arm_div5                               0x00100b68   ARM Code       0  aeabi_sdiv.o(.text)
    __arm_div2                               0x00100b8c   ARM Code       0  aeabi_sdiv.o(.text)
    __arm_div_large                          0x00100bc8   ARM Code       0  aeabi_sdiv.o(.text)
    .text                                    0x00100c98   Section        0  heapauxi.o(.text)
    .text                                    0x00100ca0   Section        0  _printf_fp_dec.o(.text)
    _fp_digits                               0x00100ca3   Thumb Code   414  _printf_fp_dec.o(.text)
    .text                                    0x001010c0   Section        0  _printf_char_common.o(.text)
    _printf_input_char                       0x001010c1   Thumb Code    10  _printf_char_common.o(.text)
    .text                                    0x001010f0   Section        0  _sputc.o(.text)
    .text                                    0x00101100   Section       12  rt_locale_intlibspace.o(.text)
    .text                                    0x00101110   Section      160  lludiv10.o(.text)
    .text                                    0x001011b0   Section        0  _printf_fp_infnan.o(.text)
    .text                                    0x00101240   Section        0  bigflt0.o(.text)
    .text                                    0x0010131c   Section       44  rtudiv10.o(.text)
    .text                                    0x00101348   Section       12  libspace.o(.text)
    .text                                    0x00101354   Section       96  sys_stackheap_outer.o(.text)
    .text                                    0x001013b4   Section        0  exit.o(.text)
    .text                                    0x001013c0   Section      160  strcmp.o(.text)
    .text                                    0x00101468   Section        0  sys_exit.o(.text)
    .text                                    0x00101474   Section       12  rt_fp_status_addr_intlibspace.o(.text)
    .text                                    0x00101480   Section        4  use_no_semi.o(.text)
    .text                                    0x00101484   Section        0  indicate_semi.o(.text)
    .text_udiv                               0x00101484   Section       36  aeabi_sdiv.o(.text_udiv)
    CL$$btod_d2e                             0x001014ac   Section       56  btod.o(CL$$btod_d2e)
    CL$$btod_d2e_denorm_low                  0x001014e4   Section       84  btod.o(CL$$btod_d2e_denorm_low)
    CL$$btod_d2e_norm_op1                    0x00101538   Section      104  btod.o(CL$$btod_d2e_norm_op1)
    CL$$btod_div_common                      0x001015a0   Section      844  btod.o(CL$$btod_div_common)
    CL$$btod_e2e                             0x001018ec   Section      220  btod.o(CL$$btod_e2e)
    CL$$btod_ediv                            0x001019cc   Section       52  btod.o(CL$$btod_ediv)
    CL$$btod_emul                            0x00101a04   Section       52  btod.o(CL$$btod_emul)
    CL$$btod_mult_common                     0x00101a38   Section      616  btod.o(CL$$btod_mult_common)
    i.__ARM_common_call_via_r1               0x00101cac   Section        0  __printf.o(i.__ARM_common_call_via_r1)
    i.__ARM_common_call_via_r2               0x00101cae   Section        0  __printf.o(i.__ARM_common_call_via_r2)
    i.__ARM_fpclassify                       0x00101cb4   Section        0  fpclassify.o(i.__ARM_fpclassify)
    locale$$code                             0x00101ce8   Section       80  lc_numeric_c.o(locale$$code)
    x$fpl$d2f                                0x00101d38   Section      108  d2f.o(x$fpl$d2f)
    x$fpl$ddiv                               0x00101da4   Section      736  ddiv.o(x$fpl$ddiv)
    ddiv_entry                               0x00101dac   ARM Code       0  ddiv.o(x$fpl$ddiv)
    x$fpl$dflt                               0x00102084   Section       88  dflt_noclz.o(x$fpl$dflt)
    x$fpl$dfltu                              0x001020dc   Section       12  dflt_noclz.o(x$fpl$dfltu)
    x$fpl$dmul                               0x001020e8   Section      384  dmul.o(x$fpl$dmul)
    x$fpl$dnaninf                            0x00102268   Section      192  dnaninf.o(x$fpl$dnaninf)
    x$fpl$dretinf                            0x00102328   Section       16  dretinf.o(x$fpl$dretinf)
    x$fpl$f2d                                0x00102338   Section      100  f2d.o(x$fpl$f2d)
    x$fpl$fnaninf                            0x0010239c   Section      168  fnaninf.o(x$fpl$fnaninf)
    x$fpl$fpinit                             0x00102448   Section       24  fpinit.o(x$fpl$fpinit)
    x$fpl$fretinf                            0x00102460   Section       16  fretinf.o(x$fpl$fretinf)
    x$fpl$ieeestatus                         0x00102474   Section        8  istatus.o(x$fpl$ieeestatus)
    x$fpl$printf1                            0x0010247c   Section        4  printf1.o(x$fpl$printf1)
    .constdata                               0x00102480   Section      148  bigflt0.o(.constdata)
    x$fpl$usenofp                            0x00102480   Section        0  usenofp.o(x$fpl$usenofp)
    tenpwrs_x                                0x00102480   Data          60  bigflt0.o(.constdata)
    tenpwrs_i                                0x001024bc   Data          64  bigflt0.o(.constdata)
    locale$$data                             0x00102534   Section       28  lc_numeric_c.o(locale$$data)
    __lcnum_c_name                           0x00102538   Data           2  lc_numeric_c.o(locale$$data)
    __lcnum_c_start                          0x00102540   Data           0  lc_numeric_c.o(locale$$data)
    __lcnum_c_point                          0x0010254c   Data           0  lc_numeric_c.o(locale$$data)
    __lcnum_c_thousands                      0x0010254e   Data           0  lc_numeric_c.o(locale$$data)
    __lcnum_c_grouping                       0x0010254f   Data           0  lc_numeric_c.o(locale$$data)
    __lcnum_c_end                            0x00102550   Data           0  lc_numeric_c.o(locale$$data)
    .data                                    0x00200000   Section       12  main.o(.data)
    .bss                                     0x0020000c   Section       96  libspace.o(.bss)
    HEAP                                     0x00200070   Section        0  sam7.o(HEAP)
    STACK                                    0x00200070   Section     1160  sam7.o(STACK)
    Heap_Mem                                 0x00200070   Data           0  sam7.o(HEAP)
    Stack_Mem                                0x00200070   Data        1024  sam7.o(STACK)
    Stack_Top                                0x002004f8   Data           0  sam7.o(STACK)

    Global Symbols

    Symbol Name                              Value     Ov Type        Size  Object(Section)

    BuildAttributes$$THM_ISAv1$ARM_ISAv4$S$PE$A:L22$X:L11$S22$IEEE1$IW$USESV6$~STKCKD$USESV7$~SHL$OTIME$ROPI$IEEEJ$EBA8$UX$STANDARDLIB$REQ8$PRES8$EABIv2 0x00000000   Number         0  anon$$obj.o ABSOLUTE
    __ARM_use_no_argv                        0x00000000   Number         0  main.o ABSOLUTE
    __ARM_exceptions_init                     - Undefined Weak Reference
    __alloca_initialize                       - Undefined Weak Reference
    __cpp_initialize__aeabi_                  - Undefined Weak Reference
    __cxa_finalize                            - Undefined Weak Reference
    __sigvec_lookup                           - Undefined Weak Reference
    _atexit_init                              - Undefined Weak Reference
    _call_atexit_fns                          - Undefined Weak Reference
    _clock_init                               - Undefined Weak Reference
    _fp_trap_init                             - Undefined Weak Reference
    _fp_trap_shutdown                         - Undefined Weak Reference
    _get_lc_collate                           - Undefined Weak Reference
    _get_lc_ctype                             - Undefined Weak Reference
    _get_lc_monetary                          - Undefined Weak Reference
    _get_lc_time                              - Undefined Weak Reference
    _getenv_init                              - Undefined Weak Reference
    _handle_redirection                       - Undefined Weak Reference
    _init_alloc                               - Undefined Weak Reference
    _init_user_alloc                          - Undefined Weak Reference
    _initio                                   - Undefined Weak Reference
    _printf_post_padding                      - Undefined Weak Reference
    _printf_pre_padding                       - Undefined Weak Reference
    _rand_init                                - Undefined Weak Reference
    _signal_finish                            - Undefined Weak Reference
    _signal_init                              - Undefined Weak Reference
    _terminate_alloc                          - Undefined Weak Reference
    _terminate_user_alloc                     - Undefined Weak Reference
    _terminateio                              - Undefined Weak Reference
    Reset_Handler                            0x00100058   ARM Code       0  sam7.o(RESET)
    __main                                   0x00100150   ARM Code       8  __main.o(!!!main)
    __scatterload                            0x00100158   ARM Code       0  __scatter.o(!!!scatter)
    __scatterload_rt2                        0x00100158   ARM Code      52  __scatter.o(!!!scatter)
    __scatterload_null                       0x0010016c   ARM Code       0  __scatter.o(!!!scatter)
    __scatterload_copy                       0x00100194   ARM Code      40  __scatter_copy.o(!!handler_copy)
    __scatterload_zeroinit                   0x001001bc   ARM Code      44  __scatter_zi.o(!!handler_zi)
    Inline Thumb to ARM Veneer to _printf_percent 0x001001e9   Thumb Code     4  _printf_percent.o(.ARM.Collect$$_printf_percent$$00000000)
    _printf_f                                0x001001ec   ARM Code       0  _printf_f.o(.ARM.Collect$$_printf_percent$$00000003)
    _printf_percent                          0x001001ec   ARM Code       0  _printf_percent.o(.ARM.Collect$$_printf_percent$$00000000)
    _printf_percent_end                      0x001001f4   ARM Code       0  _printf_percent_end.o(.ARM.Collect$$_printf_percent$$00000017)
    Inline ARM to Thumb Veneer to __rt_lib_init 0x001001fc   ARM Code       8  libinit.o(.ARM.Collect$$libinit$$00000000)
    __rt_lib_init                            0x00100205   Thumb Code     0  libinit.o(.ARM.Collect$$libinit$$00000000)
    __rt_lib_init_heap_1                     0x0010020b   Thumb Code     0  libinit2.o(.ARM.Collect$$libinit$$00000006)
    __rt_lib_init_lc_common                  0x0010020b   Thumb Code     0  libinit2.o(.ARM.Collect$$libinit$$0000000B)
    __rt_lib_init_rand_1                     0x0010020b   Thumb Code     0  libinit2.o(.ARM.Collect$$libinit$$0000000A)
    __rt_lib_init_user_alloc_1               0x0010020b   Thumb Code     0  libinit2.o(.ARM.Collect$$libinit$$00000008)
    __rt_lib_init_lc_collate_1               0x00100211   Thumb Code     0  libinit2.o(.ARM.Collect$$libinit$$0000000D)
    __rt_lib_init_lc_ctype_1                 0x00100211   Thumb Code     0  libinit2.o(.ARM.Collect$$libinit$$0000000F)
    __rt_lib_init_lc_monetary_1              0x00100211   Thumb Code     0  libinit2.o(.ARM.Collect$$libinit$$00000011)
    __rt_lib_init_lc_numeric_2               0x00100211   Thumb Code     0  libinit2.o(.ARM.Collect$$libinit$$00000012)
    __rt_lib_init_alloca_1                   0x0010021b   Thumb Code     0  libinit2.o(.ARM.Collect$$libinit$$0000002A)
    __rt_lib_init_argv_1                     0x0010021b   Thumb Code     0  libinit2.o(.ARM.Collect$$libinit$$00000028)
    __rt_lib_init_atexit_1                   0x0010021b   Thumb Code     0  libinit2.o(.ARM.Collect$$libinit$$00000017)
    __rt_lib_init_clock_1                    0x0010021b   Thumb Code     0  libinit2.o(.ARM.Collect$$libinit$$0000001D)
    __rt_lib_init_cpp_1                      0x0010021b   Thumb Code     0  libinit2.o(.ARM.Collect$$libinit$$0000002E)
    __rt_lib_init_exceptions_1               0x0010021b   Thumb Code     0  libinit2.o(.ARM.Collect$$libinit$$0000002C)
    __rt_lib_init_fp_trap_1                  0x0010021b   Thumb Code     0  libinit2.o(.ARM.Collect$$libinit$$0000001B)
    __rt_lib_init_getenv_1                   0x0010021b   Thumb Code     0  libinit2.o(.ARM.Collect$$libinit$$0000001F)
    __rt_lib_init_lc_numeric_1               0x0010021b   Thumb Code     0  libinit2.o(.ARM.Collect$$libinit$$00000013)
    __rt_lib_init_lc_time_1                  0x0010021b   Thumb Code     0  libinit2.o(.ARM.Collect$$libinit$$00000015)
    __rt_lib_init_return                     0x0010021b   Thumb Code     0  libinit2.o(.ARM.Collect$$libinit$$0000002F)
    __rt_lib_init_signal_1                   0x0010021b   Thumb Code     0  libinit2.o(.ARM.Collect$$libinit$$00000019)
    __rt_lib_init_stdio_1                    0x0010021b   Thumb Code     0  libinit2.o(.ARM.Collect$$libinit$$00000021)
    Inline ARM to Thumb Veneer to __rt_lib_shutdown 0x00100228   ARM Code       8  libshutdown.o(.ARM.Collect$$libshutdown$$00000000)
    __rt_lib_shutdown                        0x00100231   Thumb Code     0  libshutdown.o(.ARM.Collect$$libshutdown$$00000000)
    __rt_lib_shutdown_fp_trap_1              0x00100235   Thumb Code     0  libshutdown2.o(.ARM.Collect$$libshutdown$$00000006)
    __rt_lib_shutdown_heap_1                 0x00100235   Thumb Code     0  libshutdown2.o(.ARM.Collect$$libshutdown$$0000000E)
    __rt_lib_shutdown_return                 0x00100235   Thumb Code     0  libshutdown2.o(.ARM.Collect$$libshutdown$$0000000F)
    __rt_lib_shutdown_signal_1               0x00100235   Thumb Code     0  libshutdown2.o(.ARM.Collect$$libshutdown$$00000009)
    __rt_lib_shutdown_stdio_1                0x00100235   Thumb Code     0  libshutdown2.o(.ARM.Collect$$libshutdown$$00000003)
    __rt_lib_shutdown_user_alloc_1           0x00100235   Thumb Code     0  libshutdown2.o(.ARM.Collect$$libshutdown$$0000000B)
    __rt_entry                               0x0010023c   ARM Code       0  rtentry.o(.ARM.Collect$$rtentry$$00000000)
    __rt_entry_presh_1                       0x0010023c   ARM Code       0  rtentry2.o(.ARM.Collect$$rtentry$$00000002)
    __rt_entry_sh                            0x0010023c   ARM Code       0  rtentry4.o(.ARM.Collect$$rtentry$$00000004)
    __rt_entry_li                            0x00100244   ARM Code       0  rtentry2.o(.ARM.Collect$$rtentry$$0000000A)
    __rt_entry_postsh_1                      0x00100244   ARM Code       0  rtentry2.o(.ARM.Collect$$rtentry$$00000009)
    __rt_entry_main                          0x00100248   ARM Code       0  rtentry2.o(.ARM.Collect$$rtentry$$0000000D)
    __rt_entry_postli_1                      0x00100248   ARM Code       0  rtentry2.o(.ARM.Collect$$rtentry$$0000000C)
    Inline Thumb to ARM Veneer to __rt_exit  0x00100271   Thumb Code     4  rtexit.o(.ARM.Collect$$rtexit$$00000000)
    __rt_exit                                0x00100274   ARM Code       0  rtexit.o(.ARM.Collect$$rtexit$$00000000)
    __rt_exit_ls                             0x00100278   ARM Code       0  rtexit2.o(.ARM.Collect$$rtexit$$00000003)
    __rt_exit_prels_1                        0x00100278   ARM Code       0  rtexit2.o(.ARM.Collect$$rtexit$$00000002)
    __rt_exit_exit                           0x0010027c   ARM Code       0  rtexit2.o(.ARM.Collect$$rtexit$$00000004)
    __user_initial_stackheap                 0x00100284   ARM Code       0  sam7.o(.text)
    delay_us                                 0x001002a4   ARM Code     120  main.o(.text)
    delay_ms                                 0x0010031c   ARM Code     120  main.o(.text)
    delay_s                                  0x00100394   ARM Code     120  main.o(.text)
    cwait                                    0x0010040c   ARM Code      20  main.o(.text)
    setD4567                                 0x00100420   ARM Code      92  main.o(.text)
    lcd_putchar                              0x0010047c   ARM Code     128  main.o(.text)
    lcd_command                              0x001004fc   ARM Code     128  main.o(.text)
    lcd_init                                 0x0010057c   ARM Code     224  main.o(.text)
    lcd_gotoxy                               0x0010065c   ARM Code     148  main.o(.text)
    lcd_define_char                          0x001006f0   ARM Code      96  main.o(.text)
    lcd_clear                                0x00100750   ARM Code      44  main.o(.text)
    lcd_shift_left                           0x0010077c   ARM Code      56  main.o(.text)
    lcd_shift_right                          0x001007b4   ARM Code      56  main.o(.text)
    lcd_puts                                 0x001007ec   ARM Code     148  main.o(.text)
    lcd_putsf                                0x00100880   ARM Code      64  main.o(.text)
    Display_off                              0x001008c0   ARM Code      28  main.o(.text)
    Display_on                               0x001008dc   ARM Code      28  main.o(.text)
    cursor_off                               0x001008f8   ARM Code      28  main.o(.text)
    cursor_on                                0x00100914   ARM Code      28  main.o(.text)
    cursor_blink                             0x00100930   ARM Code      28  main.o(.text)
    main                                     0x0010094c   ARM Code     224  main.o(.text)
    Inline ARM to Thumb Veneer to __2sprintf 0x00100a6c   ARM Code       8  noretval__2sprintf.o(.text)
    __2sprintf                               0x00100a75   Thumb Code    36  noretval__2sprintf.o(.text)
    __printf                                 0x00100a9d   Thumb Code   120  __printf.o(.text)
    Inline Thumb to ARM Veneer to __aeabi_idivmod 0x00100b15   Thumb Code     4  aeabi_sdiv.o(.text)
    __aeabi_idiv                             0x00100b18   ARM Code       0  aeabi_sdiv.o(.text)
    __aeabi_idivmod                          0x00100b18   ARM Code     384  aeabi_sdiv.o(.text)
    __use_two_region_memory                  0x00100c99   Thumb Code     2  heapauxi.o(.text)
    __rt_heap_escrow$2region                 0x00100c9b   Thumb Code     2  heapauxi.o(.text)
    __rt_heap_expand$2region                 0x00100c9d   Thumb Code     2  heapauxi.o(.text)
    __lib_sel_fp_printf                      0x00100ca1   Thumb Code     2  _printf_fp_dec.o(.text)
    _printf_fp_dec_real                      0x00100e41   Thumb Code   626  _printf_fp_dec.o(.text)
    _printf_char_common                      0x001010cb   Thumb Code    34  _printf_char_common.o(.text)
    _sputc                                   0x001010f1   Thumb Code    10  _sputc.o(.text)
    Inline Thumb to ARM Veneer to __rt_locale 0x001010fd   Thumb Code     4  rt_locale_intlibspace.o(.text)
    __rt_locale                              0x00101100   ARM Code      12  rt_locale_intlibspace.o(.text)
    Inline Thumb to ARM Veneer to _ll_udiv10 0x0010110d   Thumb Code     4  lludiv10.o(.text)
    _ll_udiv10                               0x00101110   ARM Code     160  lludiv10.o(.text)
    _printf_fp_infnan                        0x001011b1   Thumb Code   128  _printf_fp_infnan.o(.text)
    _btod_etento                             0x00101241   Thumb Code   210  bigflt0.o(.text)
    Inline Thumb to ARM Veneer to __rt_udiv10 0x00101319   Thumb Code     4  rtudiv10.o(.text)
    __rt_udiv10                              0x0010131c   ARM Code      44  rtudiv10.o(.text)
    __user_libspace                          0x00101348   ARM Code      12  libspace.o(.text)
    __user_perproc_libspace                  0x00101348   ARM Code       0  libspace.o(.text)
    __user_perthread_libspace                0x00101348   ARM Code       0  libspace.o(.text)
    __user_setup_stackheap                   0x00101354   ARM Code      96  sys_stackheap_outer.o(.text)
    exit                                     0x001013b5   Thumb Code    12  exit.o(.text)
    strcmp                                   0x001013c0   ARM Code     156  strcmp.o(.text)
    Inline ARM to Thumb Veneer to _sys_exit  0x00101460   ARM Code       8  sys_exit.o(.text)
    _sys_exit                                0x00101469   Thumb Code     8  sys_exit.o(.text)
    __rt_fp_status_addr                      0x00101474   ARM Code      12  rt_fp_status_addr_intlibspace.o(.text)
    __I$use$semihosting                      0x00101480   ARM Code       0  use_no_semi.o(.text)
    __use_no_semihosting_swi                 0x00101480   ARM Code       4  use_no_semi.o(.text)
    __aeabi_uidiv                            0x00101484   ARM Code       0  aeabi_sdiv.o(.text_udiv)
    __aeabi_uidivmod                         0x00101484   ARM Code      36  aeabi_sdiv.o(.text_udiv)
    __semihosting_library_function           0x00101484   ARM Code       0  indicate_semi.o(.text)
    Inline Thumb to ARM Veneer to _btod_d2e  0x001014a9   Thumb Code     4  btod.o(CL$$btod_d2e)
    _btod_d2e                                0x001014ac   ARM Code      56  btod.o(CL$$btod_d2e)
    _d2e_denorm_low                          0x001014e4   ARM Code      84  btod.o(CL$$btod_d2e_denorm_low)
    _d2e_norm_op1                            0x00101538   ARM Code     104  btod.o(CL$$btod_d2e_norm_op1)
    __btod_div_common                        0x001015a0   ARM Code     716  btod.o(CL$$btod_div_common)
    _e2e                                     0x001018ec   ARM Code     220  btod.o(CL$$btod_e2e)
    Inline Thumb to ARM Veneer to _btod_ediv 0x001019c9   Thumb Code     4  btod.o(CL$$btod_ediv)
    _btod_ediv                               0x001019cc   ARM Code      52  btod.o(CL$$btod_ediv)
    Inline Thumb to ARM Veneer to _btod_emul 0x00101a01   Thumb Code     4  btod.o(CL$$btod_emul)
    _btod_emul                               0x00101a04   ARM Code      52  btod.o(CL$$btod_emul)
    __btod_mult_common                       0x00101a38   ARM Code     616  btod.o(CL$$btod_mult_common)
    Long ARM to Thumb Veneer to _printf_fp_dec_real 0x00101ca0   ARM Code      12  anon$$obj.o(Veneer$$Code)
    __ARM_common_call_via_r1                 0x00101cad   Thumb Code     2  __printf.o(i.__ARM_common_call_via_r1)
    __ARM_common_call_via_r2                 0x00101caf   Thumb Code     2  __printf.o(i.__ARM_common_call_via_r2)
    Inline Thumb to ARM Veneer to __ARM_fpclassify 0x00101cb1   Thumb Code     4  fpclassify.o(i.__ARM_fpclassify)
    __ARM_fpclassify                         0x00101cb4   ARM Code      48  fpclassify.o(i.__ARM_fpclassify)
    Inline Thumb to ARM Veneer to _get_lc_numeric 0x00101ce5   Thumb Code     4  lc_numeric_c.o(locale$$code)
    _get_lc_numeric                          0x00101ce8   ARM Code      80  lc_numeric_c.o(locale$$code)
    __aeabi_d2f                              0x00101d38   ARM Code       0  d2f.o(x$fpl$d2f)
    _d2f                                     0x00101d38   ARM Code     108  d2f.o(x$fpl$d2f)
    __aeabi_ddiv                             0x00101da4   ARM Code       0  ddiv.o(x$fpl$ddiv)
    _ddiv                                    0x00101da4   ARM Code     600  ddiv.o(x$fpl$ddiv)
    __aeabi_i2d                              0x00102084   ARM Code       0  dflt_noclz.o(x$fpl$dflt)
    _dflt                                    0x00102084   ARM Code      88  dflt_noclz.o(x$fpl$dflt)
    __dflt_normalise                         0x00102094   ARM Code       0  dflt_noclz.o(x$fpl$dflt)
    __aeabi_ui2d                             0x001020dc   ARM Code       0  dflt_noclz.o(x$fpl$dfltu)
    _dfltu                                   0x001020dc   ARM Code      12  dflt_noclz.o(x$fpl$dfltu)
    __aeabi_dmul                             0x001020e8   ARM Code       0  dmul.o(x$fpl$dmul)
    _dmul                                    0x001020e8   ARM Code     372  dmul.o(x$fpl$dmul)
    __fpl_dnaninf                            0x00102268   ARM Code     192  dnaninf.o(x$fpl$dnaninf)
    __fpl_dretinf                            0x00102328   ARM Code      16  dretinf.o(x$fpl$dretinf)
    __aeabi_f2d                              0x00102338   ARM Code       0  f2d.o(x$fpl$f2d)
    _f2d                                     0x00102338   ARM Code     100  f2d.o(x$fpl$f2d)
    __fpl_fnaninf                            0x0010239c   ARM Code     168  fnaninf.o(x$fpl$fnaninf)
    Inline Thumb to ARM Veneer to _fp_init   0x00102445   Thumb Code     4  fpinit.o(x$fpl$fpinit)
    _fp_init                                 0x00102448   ARM Code      24  fpinit.o(x$fpl$fpinit)
    __fplib_config_pureend_doubles           0x00102458   ARM Code       0  fpinit.o(x$fpl$fpinit)
    __fpl_fretinf                            0x00102460   ARM Code      16  fretinf.o(x$fpl$fretinf)
    Inline Thumb to ARM Veneer to __ieee_status 0x00102471   Thumb Code     4  istatus.o(x$fpl$ieeestatus)
    __ieee_status                            0x00102474   ARM Code       8  istatus.o(x$fpl$ieeestatus)
    _printf_fp_dec                           0x0010247c   ARM Code       4  printf1.o(x$fpl$printf1)
    __I$use$fp                               0x00102480   ARM Code       0  usenofp.o(x$fpl$usenofp)
    Region$$Table$$Base                      0x00102514   Number         0  anon$$obj.o(Region$$Table)
    Region$$Table$$Limit                     0x00102534   Number         0  anon$$obj.o(Region$$Table)
    crystal                                  0x00200000   Data           4  main.o(.data)
    x                                        0x00200004   Data           4  main.o(.data)
    y                                        0x00200008   Data           4  main.o(.data)
    __libspace_start                         0x0020000c   Data          96  libspace.o(.bss)
    __temporary_stack_top$libspace           0x0020006c   Data           0  libspace.o(.bss)



==============================================================================

Memory Map of the image

  Image Entry point : 0x00100150

  Load Region LR_IROM1 (Base: 0x00100000, Size: 0x0000255c, Max: 0x00040000, ABSOLUTE)

    Execution Region ER_IROM1 (Base: 0x00100000, Size: 0x00002550, Max: 0x00040000, ABSOLUTE)

    Base Addr    Size         Type   Attr      Idx    E Section Name        Object

    0x00100000   0x00000150   Code   RO            3    RESET               sam7.o
    0x00100150   0x00000008   Code   RO           92  * !!!main             c_t.l(__main.o)
    0x00100158   0x0000003c   Code   RO          342    !!!scatter          c_t.l(__scatter.o)
    0x00100194   0x00000028   Code   RO          344    !!handler_copy      c_t.l(__scatter_copy.o)
    0x001001bc   0x0000002c   Code   RO          346    !!handler_zi        c_t.l(__scatter_zi.o)
    0x001001e8   0x00000004   Ven    RO           73    .ARM.Collect$$_printf_percent$$00000000  c_t.l(_printf_percent.o)
    0x001001ec   0x00000000   Code   RO           73    .ARM.Collect$$_printf_percent$$00000000  c_t.l(_printf_percent.o)
    0x001001ec   0x00000008   Code   RO           72    .ARM.Collect$$_printf_percent$$00000003  c_t.l(_printf_f.o)
    0x001001f4   0x00000008   Code   RO          121    .ARM.Collect$$_printf_percent$$00000017  c_t.l(_printf_percent_end.o)
    0x001001fc   0x00000008   Ven    RO          215    .ARM.Collect$$libinit$$00000000  c_t.l(libinit.o)
    0x00100204   0x00000006   Code   RO          215    .ARM.Collect$$libinit$$00000000  c_t.l(libinit.o)
    0x0010020a   0x00000000   Code   RO          218    .ARM.Collect$$libinit$$00000006  c_t.l(libinit2.o)
    0x0010020a   0x00000000   Code   RO          220    .ARM.Collect$$libinit$$00000008  c_t.l(libinit2.o)
    0x0010020a   0x00000000   Code   RO          222    .ARM.Collect$$libinit$$0000000A  c_t.l(libinit2.o)
    0x0010020a   0x00000006   Code   RO          223    .ARM.Collect$$libinit$$0000000B  c_t.l(libinit2.o)
    0x00100210   0x00000000   Code   RO          225    .ARM.Collect$$libinit$$0000000D  c_t.l(libinit2.o)
    0x00100210   0x00000000   Code   RO          227    .ARM.Collect$$libinit$$0000000F  c_t.l(libinit2.o)
    0x00100210   0x00000000   Code   RO          229    .ARM.Collect$$libinit$$00000011  c_t.l(libinit2.o)
    0x00100210   0x0000000a   Code   RO          230    .ARM.Collect$$libinit$$00000012  c_t.l(libinit2.o)
    0x0010021a   0x00000000   Code   RO          231    .ARM.Collect$$libinit$$00000013  c_t.l(libinit2.o)
    0x0010021a   0x00000000   Code   RO          233    .ARM.Collect$$libinit$$00000015  c_t.l(libinit2.o)
    0x0010021a   0x00000000   Code   RO          235    .ARM.Collect$$libinit$$00000017  c_t.l(libinit2.o)
    0x0010021a   0x00000000   Code   RO          237    .ARM.Collect$$libinit$$00000019  c_t.l(libinit2.o)
    0x0010021a   0x00000000   Code   RO          239    .ARM.Collect$$libinit$$0000001B  c_t.l(libinit2.o)
    0x0010021a   0x00000000   Code   RO          241    .ARM.Collect$$libinit$$0000001D  c_t.l(libinit2.o)
    0x0010021a   0x00000000   Code   RO          243    .ARM.Collect$$libinit$$0000001F  c_t.l(libinit2.o)
    0x0010021a   0x00000000   Code   RO          245    .ARM.Collect$$libinit$$00000021  c_t.l(libinit2.o)
    0x0010021a   0x00000000   Code   RO          249    .ARM.Collect$$libinit$$00000028  c_t.l(libinit2.o)
    0x0010021a   0x00000000   Code   RO          251    .ARM.Collect$$libinit$$0000002A  c_t.l(libinit2.o)
    0x0010021a   0x00000000   Code   RO          253    .ARM.Collect$$libinit$$0000002C  c_t.l(libinit2.o)
    0x0010021a   0x00000000   Code   RO          255    .ARM.Collect$$libinit$$0000002E  c_t.l(libinit2.o)
    0x0010021a   0x0000000c   Code   RO          256    .ARM.Collect$$libinit$$0000002F  c_t.l(libinit2.o)
    0x00100226   0x00000002   PAD
    0x00100228   0x00000008   Ven    RO          308    .ARM.Collect$$libshutdown$$00000000  c_t.l(libshutdown.o)
    0x00100230   0x00000004   Code   RO          308    .ARM.Collect$$libshutdown$$00000000  c_t.l(libshutdown.o)
    0x00100234   0x00000000   Code   RO          327    .ARM.Collect$$libshutdown$$00000003  c_t.l(libshutdown2.o)
    0x00100234   0x00000000   Code   RO          330    .ARM.Collect$$libshutdown$$00000006  c_t.l(libshutdown2.o)
    0x00100234   0x00000000   Code   RO          333    .ARM.Collect$$libshutdown$$00000009  c_t.l(libshutdown2.o)
    0x00100234   0x00000000   Code   RO          335    .ARM.Collect$$libshutdown$$0000000B  c_t.l(libshutdown2.o)
    0x00100234   0x00000000   Code   RO          338    .ARM.Collect$$libshutdown$$0000000E  c_t.l(libshutdown2.o)
    0x00100234   0x00000006   Code   RO          339    .ARM.Collect$$libshutdown$$0000000F  c_t.l(libshutdown2.o)
    0x0010023a   0x00000002   PAD
    0x0010023c   0x00000000   Code   RO          110    .ARM.Collect$$rtentry$$00000000  c_t.l(rtentry.o)
    0x0010023c   0x00000000   Code   RO          132    .ARM.Collect$$rtentry$$00000002  c_t.l(rtentry2.o)
    0x0010023c   0x00000008   Code   RO          144    .ARM.Collect$$rtentry$$00000004  c_t.l(rtentry4.o)
    0x00100244   0x00000000   Code   RO          134    .ARM.Collect$$rtentry$$00000009  c_t.l(rtentry2.o)
    0x00100244   0x00000004   Code   RO          135    .ARM.Collect$$rtentry$$0000000A  c_t.l(rtentry2.o)
    0x00100248   0x00000000   Code   RO          137    .ARM.Collect$$rtentry$$0000000C  c_t.l(rtentry2.o)
    0x00100248   0x00000028   Code   RO          138    .ARM.Collect$$rtentry$$0000000D  c_t.l(rtentry2.o)
    0x00100270   0x00000004   Ven    RO          257    .ARM.Collect$$rtexit$$00000000  c_t.l(rtexit.o)
    0x00100274   0x00000004   Code   RO          257    .ARM.Collect$$rtexit$$00000000  c_t.l(rtexit.o)
    0x00100278   0x00000000   Code   RO          272    .ARM.Collect$$rtexit$$00000002  c_t.l(rtexit2.o)
    0x00100278   0x00000004   Code   RO          273    .ARM.Collect$$rtexit$$00000003  c_t.l(rtexit2.o)
    0x0010027c   0x00000008   Code   RO          274    .ARM.Collect$$rtexit$$00000004  c_t.l(rtexit2.o)
    0x00100284   0x00000020   Code   RO            4    .text               sam7.o
    0x001002a4   0x000007c8   Code   RO           11    .text               main.o
    0x00100a6c   0x00000008   Ven    RO           44    .text               c_t.l(noretval__2sprintf.o)
    0x00100a74   0x00000028   Code   RO           44    .text               c_t.l(noretval__2sprintf.o)
    0x00100a9c   0x00000078   Code   RO           46    .text               c_t.l(__printf.o)
    0x00100b14   0x00000004   Ven    RO           74    .text               c_t.l(aeabi_sdiv.o)
    0x00100b18   0x00000180   Code   RO           74    .text               c_t.l(aeabi_sdiv.o)
    0x00100c98   0x00000006   Code   RO           90    .text               c_t.l(heapauxi.o)
    0x00100c9e   0x00000002   PAD
    0x00100ca0   0x00000420   Code   RO          115    .text               c_t.l(_printf_fp_dec.o)
    0x001010c0   0x00000030   Code   RO          117    .text               c_t.l(_printf_char_common.o)
    0x001010f0   0x0000000a   Code   RO          119    .text               c_t.l(_sputc.o)
    0x001010fa   0x00000002   PAD
    0x001010fc   0x00000004   Ven    RO          151    .text               c_t.l(rt_locale_intlibspace.o)
    0x00101100   0x0000000c   Code   RO          151    .text               c_t.l(rt_locale_intlibspace.o)
    0x0010110c   0x00000004   Ven    RO          153    .text               c_t.l(lludiv10.o)
    0x00101110   0x000000a0   Code   RO          153    .text               c_t.l(lludiv10.o)
    0x001011b0   0x00000090   Code   RO          155    .text               c_t.l(_printf_fp_infnan.o)
    0x00101240   0x000000d8   Code   RO          163    .text               c_t.l(bigflt0.o)
    0x00101318   0x00000004   Ven    RO          191    .text               c_t.l(rtudiv10.o)
    0x0010131c   0x0000002c   Code   RO          191    .text               c_t.l(rtudiv10.o)
    0x00101348   0x0000000c   Code   RO          197    .text               c_t.l(libspace.o)
    0x00101354   0x00000060   Code   RO          200    .text               c_t.l(sys_stackheap_outer.o)
    0x001013b4   0x0000000c   Code   RO          202    .text               c_t.l(exit.o)
    0x001013c0   0x000000a0   Code   RO          208    .text               c_t.l(strcmp.o)
    0x00101460   0x00000008   Ven    RO          269    .text               c_t.l(sys_exit.o)
    0x00101468   0x0000000c   Code   RO          269    .text               c_t.l(sys_exit.o)
    0x00101474   0x0000000c   Code   RO          281    .text               c_t.l(rt_fp_status_addr_intlibspace.o)
    0x00101480   0x00000004   Code   RO          295    .text               c_t.l(use_no_semi.o)
    0x00101484   0x00000000   Code   RO          297    .text               c_t.l(indicate_semi.o)
    0x00101484   0x00000024   Code   RO           75    .text_udiv          c_t.l(aeabi_sdiv.o)
    0x001014a8   0x00000004   Ven    RO          166    CL$$btod_d2e        c_t.l(btod.o)
    0x001014ac   0x00000038   Code   RO          166    CL$$btod_d2e        c_t.l(btod.o)
    0x001014e4   0x00000054   Code   RO          168    CL$$btod_d2e_denorm_low  c_t.l(btod.o)
    0x00101538   0x00000068   Code   RO          167    CL$$btod_d2e_norm_op1  c_t.l(btod.o)
    0x001015a0   0x0000034c   Code   RO          176    CL$$btod_div_common  c_t.l(btod.o)
    0x001018ec   0x000000dc   Code   RO          173    CL$$btod_e2e        c_t.l(btod.o)
    0x001019c8   0x00000004   Ven    RO          170    CL$$btod_ediv       c_t.l(btod.o)
    0x001019cc   0x00000034   Code   RO          170    CL$$btod_ediv       c_t.l(btod.o)
    0x00101a00   0x00000004   Ven    RO          169    CL$$btod_emul       c_t.l(btod.o)
    0x00101a04   0x00000034   Code   RO          169    CL$$btod_emul       c_t.l(btod.o)
    0x00101a38   0x00000268   Code   RO          175    CL$$btod_mult_common  c_t.l(btod.o)
    0x00101ca0   0x0000000c   Ven    RO          365    Veneer$$Code        anon$$obj.o
    0x00101cac   0x00000002   Code   RO           50    i.__ARM_common_call_via_r1  c_t.l(__printf.o)
    0x00101cae   0x00000002   Code   RO           48    i.__ARM_common_call_via_r2  c_t.l(__printf.o)
    0x00101cb0   0x00000004   Ven    RO          195    i.__ARM_fpclassify  m_ts.l(fpclassify.o)
    0x00101cb4   0x00000030   Code   RO          195    i.__ARM_fpclassify  m_ts.l(fpclassify.o)
    0x00101ce4   0x00000004   Ven    RO          189    locale$$code        c_t.l(lc_numeric_c.o)
    0x00101ce8   0x00000050   Code   RO          189    locale$$code        c_t.l(lc_numeric_c.o)
    0x00101d38   0x0000006c   Code   RO           94    x$fpl$d2f           fz_ts.l(d2f.o)
    0x00101da4   0x000002e0   Code   RO           97    x$fpl$ddiv          fz_ts.l(ddiv.o)
    0x00102084   0x00000058   Code   RO          101    x$fpl$dflt          fz_ts.l(dflt_noclz.o)
    0x001020dc   0x0000000c   Code   RO          100    x$fpl$dfltu         fz_ts.l(dflt_noclz.o)
    0x001020e8   0x00000180   Code   RO          104    x$fpl$dmul          fz_ts.l(dmul.o)
    0x00102268   0x000000c0   Code   RO          122    x$fpl$dnaninf       fz_ts.l(dnaninf.o)
    0x00102328   0x00000010   Code   RO          124    x$fpl$dretinf       fz_ts.l(dretinf.o)
    0x00102338   0x00000064   Code   RO          106    x$fpl$f2d           fz_ts.l(f2d.o)
    0x0010239c   0x000000a8   Code   RO          126    x$fpl$fnaninf       fz_ts.l(fnaninf.o)
    0x00102444   0x00000004   Ven    RO          267    x$fpl$fpinit        fz_ts.l(fpinit.o)
    0x00102448   0x00000018   Code   RO          267    x$fpl$fpinit        fz_ts.l(fpinit.o)
    0x00102460   0x00000010   Code   RO          128    x$fpl$fretinf       fz_ts.l(fretinf.o)
    0x00102470   0x00000004   Ven    RO          193    x$fpl$ieeestatus    fz_ts.l(istatus.o)
    0x00102474   0x00000008   Code   RO          193    x$fpl$ieeestatus    fz_ts.l(istatus.o)
    0x0010247c   0x00000004   Code   RO          108    x$fpl$printf1       fz_ts.l(printf1.o)
    0x00102480   0x00000000   Code   RO          130    x$fpl$usenofp       fz_ts.l(usenofp.o)
    0x00102480   0x00000094   Data   RO          164    .constdata          c_t.l(bigflt0.o)
    0x00102514   0x00000020   Data   RO          340    Region$$Table       anon$$obj.o
    0x00102534   0x0000001c   Data   RO          188    locale$$data        c_t.l(lc_numeric_c.o)


    Execution Region RW_IRAM1 (Base: 0x00200000, Size: 0x000004f8, Max: 0x00010000, ABSOLUTE)

    Base Addr    Size         Type   Attr      Idx    E Section Name        Object

    0x00200000   0x0000000c   Data   RW           12    .data               main.o
    0x0020000c   0x00000060   Zero   RW          198    .bss                c_t.l(libspace.o)
    0x0020006c   0x00000004   PAD
    0x00200070   0x00000000   Zero   RW            2    HEAP                sam7.o
    0x00200070   0x00000488   Zero   RW            1    STACK               sam7.o


==============================================================================

Image component sizes


      Code (inc. data)   RO Data    RW Data    ZI Data      Debug   Object Name

      1992         64          0         12          0       6531   main.o
       368         84          0          0       1160        468   sam7.o

    ----------------------------------------------------------------------
      2372        152         32         12       1160       6999   Object Totals
        12          4         32          0          0          0   (incl. Generated)
         0          0          0          0          0          0   (incl. Padding)

    ----------------------------------------------------------------------

      Code (inc. data)   RO Data    RW Data    ZI Data      Debug   Library Member Name

         8          0          0          0          0         68   __main.o
       124          0          0          0          0        208   __printf.o
        60          8          0          0          0          0   __scatter.o
        40          0          0          0          0          0   __scatter_copy.o
        44          0          0          0          0          0   __scatter_zi.o
        48          4          0          0          0         96   _printf_char_common.o
         8          0          0          0          0          0   _printf_f.o
      1056         14          0          0          0        192   _printf_fp_dec.o
       144         16          0          0          0         88   _printf_fp_infnan.o
         4          0          0          0          0          0   _printf_percent.o
         8          0          0          0          0          0   _printf_percent_end.o
        10          0          0          0          0         60   _sputc.o
       424          0          0          0          0        148   aeabi_sdiv.o
       216          6        148          0          0         96   bigflt0.o
      2040        128          0          0          0        696   btod.o
        12          0          0          0          0         64   exit.o
         6          0          0          0          0        136   heapauxi.o
         0          0          0          0          0          0   indicate_semi.o
        84          8         28          0          0         92   lc_numeric_c.o
        14          0          0          0          0          0   libinit.o
        28          0          0          0          0          0   libinit2.o
        12          0          0          0          0          0   libshutdown.o
         6          0          0          0          0          0   libshutdown2.o
        12          4          0          0         96         68   libspace.o
       164          0          0          0          0         96   lludiv10.o
        48          4          0          0          0         84   noretval__2sprintf.o
        12          4          0          0          0         68   rt_fp_status_addr_intlibspace.o
        16          4          0          0          0         68   rt_locale_intlibspace.o
         0          0          0          0          0          0   rtentry.o
        44          4          0          0          0          0   rtentry2.o
         8          0          0          0          0          0   rtentry4.o
         8          0          0          0          0          0   rtexit.o
        12          0          0          0          0          0   rtexit2.o
        48          0          0          0          0         68   rtudiv10.o
       160          4          0          0          0         80   strcmp.o
        20          4          0          0          0         60   sys_exit.o
        96          0          0          0          0         80   sys_stackheap_outer.o
         4          0          0          0          0         68   use_no_semi.o
       108          4          0          0          0         92   d2f.o
       736        140          0          0          0        232   ddiv.o
       100          0          0          0          0        136   dflt_noclz.o
       384         16          0          0          0        124   dmul.o
       192          0          0          0          0        108   dnaninf.o
        16          0          0          0          0         68   dretinf.o
       100          4          0          0          0         84   f2d.o
       168          0          0          0          0        100   fnaninf.o
        28          0          0          0          0         80   fpinit.o
        16          0          0          0          0         68   fretinf.o
        12          0          0          0          0         68   istatus.o
         4          0          0          0          0         68   printf1.o
         0          0          0          0          0          0   usenofp.o
        52          0          0          0          0         68   fpclassify.o

    ----------------------------------------------------------------------
      6972        376        176          0        100       3980   Library Totals
         8          0          0          0          4          0   (incl. Padding)

    ----------------------------------------------------------------------

      Code (inc. data)   RO Data    RW Data    ZI Data      Debug   Library Name

      5048        212        176          0         96       2684   c_t.l
      1864        164          0          0          0       1228   fz_ts.l
        52          0          0          0          0         68   m_ts.l

    ----------------------------------------------------------------------
      6972        376        176          0        100       3980   Library Totals

    ----------------------------------------------------------------------

==============================================================================


      Code (inc. data)   RO Data    RW Data    ZI Data      Debug   

      9344        528        208         12       1260       8735   Grand Totals
      9344        528        208         12       1260       8735   ELF Image Totals
      9344        528        208         12          0          0   ROM Totals

==============================================================================

    Total RO  Size (Code + RO Data)                 9552 (   9.33kB)
    Total RW  Size (RW Data + ZI Data)              1272 (   1.24kB)
    Total ROM Size (Code + RO Data + RW Data)       9564 (   9.34kB)

==============================================================================

