<html>
<body>
<pre>
<h1>µVision Build Log</h1>
<h2>Project:</h2>
F:\Educational\BSC Project\Sample\[6] ADC\ADC\adc.uvproj
Project File Date:  09/05/2014

<h2>Output:</h2>
Rebuild target 'At91SAM7X256'
assembling SAM7.s...
compiling main.c...
main.c(48): warning:  #223-D: function "delay" declared implicitly
linking...
adc.axf: Error: L6218E: Undefined symbol delay (referred from main.o).
Target not created
Rebuild target 'At91SAM7X256'
assembling SAM7.s...
compiling main.c...
main.c(13): error:  #77-D: this declaration has no storage class or type specifier
main.c(13): error:  #65: expected a ";"
lcd.h(25): warning:  #12-D: parsing restarts here after previous syntax error
main.c(49): warning:  #223-D: function "delay" declared implicitly
Target not created
Rebuild target 'At91SAM7X256'
assembling SAM7.s...
compiling main.c...
main.c(13): error:  #5: cannot open source input file "delay.h": No such file or directory
Target not created
Rebuild target 'At91SAM7X256'
assembling SAM7.s...
compiling main.c...
main.c(13): error:  #5: cannot open source input file "delay.h": No such file or directory
Target not created
Rebuild target 'At91SAM7X256'
assembling SAM7.s...
compiling main.c...
main.c(13): error:  #5: cannot open source input file "delay.h": No such file or directory
Target not created
Rebuild target 'At91SAM7X256'
assembling SAM7.s...
compiling main.c...
main.c(13): error:  #5: cannot open source input file "delay.h": No such file or directory
Target not created
Rebuild target 'At91SAM7X256'
assembling SAM7.s...
compiling main.c...
main.c(49): warning:  #223-D: function "delay" declared implicitly
linking...
adc.axf: Error: L6218E: Undefined symbol delay (referred from main.o).
Target not created
Rebuild target 'At91SAM7X256'
assembling SAM7.s...
compiling main.c...
linking...
Program Size: Code=9344 RO-data=208 RW-data=12 ZI-data=1260  
FromELF: creating hex file...
"adc.axf" - 0 Error(s), 0 Warning(s).
Rebuild target 'At91SAM7X256'
assembling SAM7.s...
compiling main.c...
linking...
Program Size: Code=9344 RO-data=208 RW-data=12 ZI-data=1260  
FromELF: creating hex file...
"adc.axf" - 0 Error(s), 0 Warning(s).
