ARM Linker, 4.1 [Build 894] [Standard]

==============================================================================

Section Cross References

    sam7.o(RESET) refers to sam7.o(STACK) for Stack_Top
    sam7.o(RESET) refers to entry.o(.ARM.Collect$$$$00000000) for __main
    usbcore.o(.text) refers to usbhw_sam7x.o(.text) for USB_ReadEP
    usbcore.o(.text) refers to usbcore.o(i.__ARM_common_switch8) for __ARM_common_switch8
    usbcore.o(.text) refers to usbcore.o(i.USB_ReqGetStatus) for USB_ReqGetStatus
    usbcore.o(.text) refers to usbcore.o(i.USB_ReqSetClrFeature) for USB_ReqSetClrFeature
    usbcore.o(.text) refers to usbcore.o(i.USB_ReqGetDescriptor) for USB_ReqGetDescriptor
    usbcore.o(.text) refers to usbcore.o(i.USB_ReqSetConfiguration) for USB_ReqSetConfiguration
    usbcore.o(.text) refers to usbuser.o(.text) for USB_Configure_Event
    usbcore.o(.text) refers to usbcore.o(i.USB_ReqSetInterface) for USB_ReqSetInterface
    usbcore.o(.text) refers to hiduser.o(.text) for HID_GetReport
    usbcore.o(.text) refers to usbcore.o(.data) for USB_DeviceStatus
    usbuser.o(.text) refers to usbcore.o(.text) for USB_ResetCore
    usbuser.o(.text) refers to mouse.o(.text) for LED_Off
    usbuser.o(.text) refers to usbhw_sam7x.o(.text) for USB_WriteEP
    usbuser.o(.text) refers to usbcore.o(.data) for USB_Configuration
    usbuser.o(.text) refers to mouse.o(.data) for MouseInReport
    usbuser.o(.constdata) refers to usbcore.o(.text) for USB_EndPoint0
    usbuser.o(.constdata) refers to usbuser.o(.text) for USB_EndPoint3
    hiduser.o(.text) refers to mouse.o(.text) for GetMouseInReport
    hiduser.o(.text) refers to usbcore.o(.data) for SetupPacket
    hiduser.o(.text) refers to mouse.o(.data) for MouseInReport
    hiduser.o(.text) refers to hiduser.o(.data) for HID_IdleTime
    mouse.o(.text) refers to usbhw_sam7x.o(.text) for USB_Init
    mouse.o(.text) refers to mouse.o(.data) for pPIO_Sw
    usbhw_sam7x.o(.text) refers to usbcore.o(i.__ARM_common_switch8) for __ARM_common_switch8
    usbhw_sam7x.o(.text) refers to usbhw_sam7x.o(.data) for UDP
    usbhw_sam7x.o(.text) refers to usbhw_sam7x.o(.text) for USB_ISR
    usbhw_sam7x.o(.text) refers to usbhw_sam7x.o(.text) for USB_Reset
    usbhw_sam7x.o(.text) refers to usbuser.o(.text) for USB_Reset_Event
    usbhw_sam7x.o(.text) refers to usbhw_sam7x.o(.data) for UDP
    usbhw_sam7x.o(.text) refers to usbuser.o(.constdata) for USB_P_EP
    usbhw_sam7x.o(.text) refers to usbhw_sam7x.o(.constdata) for RX_DATA_BK
    entry.o(.ARM.Collect$$$$00000000) refers (Special) to entry7b.o(.ARM.Collect$$$$00000008) for _main_clock
    entry.o(.ARM.Collect$$$$00000000) refers (Special) to entry8.o(.ARM.Collect$$$$00000009) for _main_init
    entry.o(.ARM.Collect$$$$00000000) refers (Special) to entry5.o(.ARM.Collect$$$$00000004) for _main_scatterload
    entry.o(.ARM.Collect$$$$00000000) refers (Special) to entry2.o(.ARM.Collect$$$$00000001) for _main_stk
    entry2.o(.ARM.Collect$$$$00000001) refers to entry2.o(.ARM.Collect$$$$00002712) for __lit__00000000
    entry2.o(.ARM.Collect$$$$00002712) refers to sam7.o(STACK) for __initial_sp
    entry5.o(.ARM.Collect$$$$00000004) refers to init.o(.text) for __scatterload
    entry8.o(.ARM.Collect$$$$00000009) refers to mouse.o(.text) for main
    init.o(.text) refers to init.o(i.__ARM_common_call_via_r3) for __ARM_common_call_via_r3
    init.o(.text) refers to entry5.o(.ARM.Collect$$$$00000004) for __main_after_scatterload
    usbcore.o(i.USB_ReqGetStatus) refers to usbcore.o(.data) for SetupPacket
    usbcore.o(i.USB_ReqSetClrFeature) refers to usbhw_sam7x.o(.text) for USB_WakeUpCfg
    usbcore.o(i.USB_ReqSetClrFeature) refers to usbcore.o(.data) for SetupPacket
    usbcore.o(i.USB_ReqGetDescriptor) refers to usbcore.o(.data) for SetupPacket
    usbcore.o(i.USB_ReqGetDescriptor) refers to usbdesc.o(.constdata) for USB_DeviceDescriptor
    usbcore.o(i.USB_ReqSetConfiguration) refers to usbhw_sam7x.o(.text) for USB_DisableEP
    usbcore.o(i.USB_ReqSetConfiguration) refers to usbcore.o(.data) for SetupPacket
    usbcore.o(i.USB_ReqSetConfiguration) refers to usbdesc.o(.constdata) for USB_ConfigDescriptor
    usbcore.o(i.USB_ReqSetInterface) refers to usbhw_sam7x.o(.text) for USB_ConfigEP
    usbcore.o(i.USB_ReqSetInterface) refers to usbcore.o(.data) for SetupPacket
    usbcore.o(i.USB_ReqSetInterface) refers to usbdesc.o(.constdata) for USB_ConfigDescriptor


==============================================================================

Removing Unused input sections from the image.

    Removing sam7.o(HEAP), (0 bytes).

1 unused section(s) (total 0 bytes) removed from the image.

==============================================================================

Adding Veneers to the image

    Adding AT veneer (8 bytes, Inline) for call to 'USB_Reset_Event' from usbhw_sam7x.o(.text).
    Adding AT veneer (8 bytes, Inline) for call to 'USB_Reset' from usbhw_sam7x.o(.text).
    Adding AT veneer (8 bytes, Inline) for call to '__scatterload' from entry5.o(.ARM.Collect$$$$00000004).
    Adding AT veneer (12 bytes, Long) for call to 'USB_Suspend' from usbhw_sam7x.o(.text).
    Adding AT veneer (12 bytes, Long) for call to 'USB_Suspend_Event' from usbhw_sam7x.o(.text).
    Adding AT veneer (12 bytes, Long) for call to 'USB_Resume' from usbhw_sam7x.o(.text).
    Adding AT veneer (12 bytes, Long) for call to 'USB_Resume_Event' from usbhw_sam7x.o(.text).
    Adding AT veneer (12 bytes, Long) for call to 'USB_WakeUp' from usbhw_sam7x.o(.text).
    Adding AT veneer (12 bytes, Long) for call to 'USB_ClrCSR' from usbhw_sam7x.o(.text).
    Adding AT veneer (12 bytes, Long) for call to 'USB_SetCSR' from usbhw_sam7x.o(.text).
    Adding TA veneer (8 bytes, Short) for call to '__main_after_scatterload' from init.o(.text).
    Adding TA veneer (4 bytes, Inline) for call to '__ARM_common_switch8' from usbcore.o(.text).

12 Veneer(s) (total 120 bytes) added to the image.

==============================================================================

Image Symbol Table

    Local Symbols

    Symbol Name                              Value     Ov Type        Size  Object(Section)

    ../../microlib/init/entry.s              0x00000000   Number         0  entry7b.o ABSOLUTE
    ../../microlib/init/entry.s              0x00000000   Number         0  entry.o ABSOLUTE
    ../../microlib/init/entry.s              0x00000000   Number         0  entry7a.o ABSOLUTE
    ../../microlib/init/entry.s              0x00000000   Number         0  entry5.o ABSOLUTE
    ../../microlib/init/entry.s              0x00000000   Number         0  entry8.o ABSOLUTE
    ../../microlib/init/entry.s              0x00000000   Number         0  entry2.o ABSOLUTE
    SAM7.s                                   0x00000000   Number         0  sam7.o ABSOLUTE
    dc.s                                     0x00000000   Number         0  dc.o ABSOLUTE
    handlers.s                               0x00000000   Number         0  handlers.o ABSOLUTE
    hiduser.c                                0x00000000   Number         0  hiduser.o ABSOLUTE
    init.s                                   0x00000000   Number         0  init.o ABSOLUTE
    mouse.c                                  0x00000000   Number         0  mouse.o ABSOLUTE
    usbcore.c                                0x00000000   Number         0  usbcore.o ABSOLUTE
    usbdesc.c                                0x00000000   Number         0  usbdesc.o ABSOLUTE
    usbhw_SAM7X.c                            0x00000000   Number         0  usbhw_sam7x.o ABSOLUTE
    usbuser.c                                0x00000000   Number         0  usbuser.o ABSOLUTE
    RESET                                    0x00100000   Section      328  sam7.o(RESET)
    Undef_Handler                            0x00100040   ARM Code       4  sam7.o(RESET)
    SWI_Handler                              0x00100044   ARM Code       4  sam7.o(RESET)
    PAbt_Handler                             0x00100048   ARM Code       4  sam7.o(RESET)
    DAbt_Handler                             0x0010004c   ARM Code       4  sam7.o(RESET)
    IRQ_Handler                              0x00100050   ARM Code       4  sam7.o(RESET)
    FIQ_Handler                              0x00100054   ARM Code       4  sam7.o(RESET)
    .ARM.Collect$$$$00000000                 0x00100148   Section        0  entry.o(.ARM.Collect$$$$00000000)
    .ARM.Collect$$$$00000001                 0x00100148   Section        4  entry2.o(.ARM.Collect$$$$00000001)
    .ARM.Collect$$$$00000004                 0x0010014c   Section        4  entry5.o(.ARM.Collect$$$$00000004)
    .ARM.Collect$$$$00000008                 0x00100150   Section        0  entry7b.o(.ARM.Collect$$$$00000008)
    .ARM.Collect$$$$00000009                 0x00100150   Section       12  entry8.o(.ARM.Collect$$$$00000009)
    .ARM.Collect$$$$00002712                 0x0010015c   Section        4  entry2.o(.ARM.Collect$$$$00002712)
    __lit__00000000                          0x0010015c   Data           4  entry2.o(.ARM.Collect$$$$00002712)
    .text                                    0x00100160   Section        0  usbcore.o(.text)
    .text                                    0x00100544   Section        0  usbuser.o(.text)
    .text                                    0x001005ec   Section        0  hiduser.o(.text)
    .text                                    0x00100698   Section        0  mouse.o(.text)
    .text                                    0x001007a4   Section        0  usbhw_sam7x.o(.text)
    USB_SetCSR                               0x001007a5   Thumb Code    74  usbhw_sam7x.o(.text)
    USB_ClrCSR                               0x001007ef   Thumb Code    74  usbhw_sam7x.o(.text)
    USB_GetSizeEP                            0x00100839   Thumb Code    52  usbhw_sam7x.o(.text)
    .text                                    0x00100c4c   Section        0  usbhw_sam7x.o(.text)
    .text                                    0x00100e84   Section       32  init.o(.text)
    Long ARM to Thumb Veneer to USB_ClrCSR   0x00100ee0   ARM Code      12  anon$$obj.o(Veneer$$Code)
    Long ARM to Thumb Veneer to USB_SetCSR   0x00100eec   ARM Code      12  anon$$obj.o(Veneer$$Code)
    i.USB_ReqGetDescriptor                   0x00100f00   Section        0  usbcore.o(i.USB_ReqGetDescriptor)
    i.USB_ReqGetStatus                       0x00101018   Section        0  usbcore.o(i.USB_ReqGetStatus)
    i.USB_ReqSetClrFeature                   0x001010dc   Section        0  usbcore.o(i.USB_ReqSetClrFeature)
    i.USB_ReqSetConfiguration                0x001011d0   Section        0  usbcore.o(i.USB_ReqSetConfiguration)
    i.USB_ReqSetInterface                    0x00101390   Section        0  usbcore.o(i.USB_ReqSetInterface)
    i.__ARM_common_call_via_r3               0x001014d4   Section        2  init.o(i.__ARM_common_call_via_r3)
    i.__ARM_common_switch8                   0x001014dc   Section        0  usbcore.o(i.__ARM_common_switch8)
    i.__scatterload_copy                     0x001014fc   Section       28  handlers.o(i.__scatterload_copy)
    i.__scatterload_null                     0x00101518   Section        4  handlers.o(i.__scatterload_null)
    i.__scatterload_zeroinit                 0x0010151c   Section       24  handlers.o(i.__scatterload_zeroinit)
    .constdata                               0x00101534   Section      215  usbdesc.o(.constdata)
    .constdata                               0x0010160c   Section       64  usbuser.o(.constdata)
    .constdata                               0x0010164c   Section       12  usbhw_sam7x.o(.constdata)
    .data                                    0x00200000   Section       44  usbcore.o(.data)
    .data                                    0x0020002c   Section        2  hiduser.o(.data)
    .data                                    0x00200030   Section       12  mouse.o(.data)
    .data                                    0x0020003c   Section       12  usbhw_sam7x.o(.data)
    STACK                                    0x00200048   Section     1160  sam7.o(STACK)
    Stack_Top                                0x002004d0   Data           0  sam7.o(STACK)

    Global Symbols

    Symbol Name                              Value     Ov Type        Size  Object(Section)

    BuildAttributes$$THM_ISAv1$ARM_ISAv4$S$PE$A:L22$X:L11$S22$IEEE1$IW$USESV6$~STKCKD$USESV7$~SHL$OSPACE$EBA8$MICROLIB$REQ8$PRES8$EABIv2 0x00000000   Number         0  anon$$obj.o ABSOLUTE
    __ARM_use_no_argv                        0x00000000   Number         0  mouse.o ABSOLUTE
    __decompress                              - Undefined Weak Reference
    _clock_init                               - Undefined Weak Reference
    Reset_Handler                            0x00100058   ARM Code       0  sam7.o(RESET)
    __main                                   0x00100148   ARM Code       0  entry.o(.ARM.Collect$$$$00000000)
    _main_stk                                0x00100148   ARM Code       0  entry2.o(.ARM.Collect$$$$00000001)
    _main_scatterload                        0x0010014c   ARM Code       0  entry5.o(.ARM.Collect$$$$00000004)
    __main_after_scatterload                 0x00100150   ARM Code       0  entry5.o(.ARM.Collect$$$$00000004)
    _main_clock                              0x00100150   ARM Code       0  entry7b.o(.ARM.Collect$$$$00000008)
    _main_init                               0x00100150   ARM Code       0  entry8.o(.ARM.Collect$$$$00000009)
    USB_ResetCore                            0x00100161   Thumb Code    32  usbcore.o(.text)
    USB_SetupStage                           0x00100181   Thumb Code    16  usbcore.o(.text)
    USB_DataInStage                          0x00100191   Thumb Code    56  usbcore.o(.text)
    USB_DataOutStage                         0x001001c9   Thumb Code    38  usbcore.o(.text)
    USB_StatusInStage                        0x001001ef   Thumb Code    18  usbcore.o(.text)
    USB_StatusOutStage                       0x00100201   Thumb Code    16  usbcore.o(.text)
    USB_EndPoint0                            0x00100211   Thumb Code   762  usbcore.o(.text)
    Inline ARM to Thumb Veneer to USB_Reset_Event 0x0010053c   ARM Code       8  usbuser.o(.text)
    USB_Reset_Event                          0x00100545   Thumb Code    20  usbuser.o(.text)
    USB_Suspend_Event                        0x00100559   Thumb Code    16  usbuser.o(.text)
    USB_Resume_Event                         0x00100569   Thumb Code    16  usbuser.o(.text)
    USB_Configure_Event                      0x00100579   Thumb Code    48  usbuser.o(.text)
    USB_EndPoint1                            0x001005a9   Thumb Code     2  usbuser.o(.text)
    USB_EndPoint2                            0x001005ab   Thumb Code     2  usbuser.o(.text)
    USB_EndPoint3                            0x001005ad   Thumb Code    32  usbuser.o(.text)
    USB_EndPoint4                            0x001005cd   Thumb Code     2  usbuser.o(.text)
    USB_EndPoint5                            0x001005cf   Thumb Code     2  usbuser.o(.text)
    USB_EndPoint6                            0x001005d1   Thumb Code     2  usbuser.o(.text)
    USB_EndPoint7                            0x001005d3   Thumb Code     2  usbuser.o(.text)
    USB_EndPoint8                            0x001005d5   Thumb Code     2  usbuser.o(.text)
    USB_EndPoint9                            0x001005d7   Thumb Code     2  usbuser.o(.text)
    USB_EndPoint10                           0x001005d9   Thumb Code     2  usbuser.o(.text)
    USB_EndPoint11                           0x001005db   Thumb Code     2  usbuser.o(.text)
    USB_EndPoint12                           0x001005dd   Thumb Code     2  usbuser.o(.text)
    USB_EndPoint13                           0x001005df   Thumb Code     2  usbuser.o(.text)
    USB_EndPoint14                           0x001005e1   Thumb Code     2  usbuser.o(.text)
    USB_EndPoint15                           0x001005e3   Thumb Code     2  usbuser.o(.text)
    HID_GetReport                            0x001005ed   Thumb Code    62  hiduser.o(.text)
    HID_SetReport                            0x0010062b   Thumb Code    34  hiduser.o(.text)
    HID_GetIdle                              0x0010064d   Thumb Code    16  hiduser.o(.text)
    HID_SetIdle                              0x0010065d   Thumb Code    16  hiduser.o(.text)
    HID_GetProtocol                          0x0010066d   Thumb Code    12  hiduser.o(.text)
    HID_SetProtocol                          0x00100679   Thumb Code    12  hiduser.o(.text)
    GetMouseInReport                         0x00100699   Thumb Code   136  mouse.o(.text)
    LED_On                                   0x00100721   Thumb Code     8  mouse.o(.text)
    LED_Off                                  0x00100729   Thumb Code     8  mouse.o(.text)
    main                                     0x00100731   Thumb Code    88  mouse.o(.text)
    Inline ARM to Thumb Veneer to USB_Reset  0x0010079c   ARM Code       8  usbhw_sam7x.o(.text)
    USB_WakeUp                               0x0010086d   Thumb Code     2  usbhw_sam7x.o(.text)
    USB_Resume                               0x0010086f   Thumb Code     2  usbhw_sam7x.o(.text)
    USB_Suspend                              0x00100871   Thumb Code     2  usbhw_sam7x.o(.text)
    USB_Reset                                0x00100873   Thumb Code   112  usbhw_sam7x.o(.text)
    USB_Init                                 0x001008e3   Thumb Code    34  usbhw_sam7x.o(.text)
    USB_Connect                              0x00100905   Thumb Code    44  usbhw_sam7x.o(.text)
    USB_WakeUpCfg                            0x00100931   Thumb Code    40  usbhw_sam7x.o(.text)
    USB_SetAddress                           0x00100959   Thumb Code    56  usbhw_sam7x.o(.text)
    USB_Configure                            0x00100991   Thumb Code    40  usbhw_sam7x.o(.text)
    USB_ConfigEP                             0x001009b9   Thumb Code    60  usbhw_sam7x.o(.text)
    USB_DirCtrlEP                            0x001009f5   Thumb Code    40  usbhw_sam7x.o(.text)
    USB_EnableEP                             0x00100a1d   Thumb Code    34  usbhw_sam7x.o(.text)
    USB_DisableEP                            0x00100a3f   Thumb Code    34  usbhw_sam7x.o(.text)
    USB_ResetEP                              0x00100a61   Thumb Code   106  usbhw_sam7x.o(.text)
    USB_SetStallEP                           0x00100acb   Thumb Code    22  usbhw_sam7x.o(.text)
    USB_ClrStallEP                           0x00100ae1   Thumb Code    58  usbhw_sam7x.o(.text)
    USB_ClearEPBuf                           0x00100b1b   Thumb Code    42  usbhw_sam7x.o(.text)
    USB_ReadEP                               0x00100b45   Thumb Code    50  usbhw_sam7x.o(.text)
    USB_WriteEP                              0x00100b77   Thumb Code   156  usbhw_sam7x.o(.text)
    USB_GetFrame                             0x00100c13   Thumb Code    48  usbhw_sam7x.o(.text)
    USB_ISR                                  0x00100c4c   ARM Code     540  usbhw_sam7x.o(.text)
    Inline ARM to Thumb Veneer to __scatterload 0x00100e7c   ARM Code       8  init.o(.text)
    __scatterload                            0x00100e85   Thumb Code    24  init.o(.text)
    __scatterload_rt2                        0x00100e85   Thumb Code     0  init.o(.text)
    Long ARM to Thumb Veneer to USB_Suspend  0x00100ea4   ARM Code      12  anon$$obj.o(Veneer$$Code)
    Long ARM to Thumb Veneer to USB_Suspend_Event 0x00100eb0   ARM Code      12  anon$$obj.o(Veneer$$Code)
    Long ARM to Thumb Veneer to USB_Resume   0x00100ebc   ARM Code      12  anon$$obj.o(Veneer$$Code)
    Long ARM to Thumb Veneer to USB_Resume_Event 0x00100ec8   ARM Code      12  anon$$obj.o(Veneer$$Code)
    Long ARM to Thumb Veneer to USB_WakeUp   0x00100ed4   ARM Code      12  anon$$obj.o(Veneer$$Code)
    Short Thumb to ARM Veneer to __main_after_scatterload 0x00100ef9   Thumb Code     8  anon$$obj.o(Veneer$$Code)
    USB_ReqGetDescriptor                     0x00100f01   Thumb Code   252  usbcore.o(i.USB_ReqGetDescriptor)
    USB_ReqGetStatus                         0x00101019   Thumb Code   162  usbcore.o(i.USB_ReqGetStatus)
    USB_ReqSetClrFeature                     0x001010dd   Thumb Code   220  usbcore.o(i.USB_ReqSetClrFeature)
    USB_ReqSetConfiguration                  0x001011d1   Thumb Code   406  usbcore.o(i.USB_ReqSetConfiguration)
    USB_ReqSetInterface                      0x00101391   Thumb Code   300  usbcore.o(i.USB_ReqSetInterface)
    __ARM_common_call_via_r3                 0x001014d5   Thumb Code     2  init.o(i.__ARM_common_call_via_r3)
    Inline Thumb to ARM Veneer to __ARM_common_switch8 0x001014d9   Thumb Code     4  usbcore.o(i.__ARM_common_switch8)
    __ARM_common_switch8                     0x001014dc   ARM Code      32  usbcore.o(i.__ARM_common_switch8)
    __scatterload_copy                       0x001014fc   ARM Code      28  handlers.o(i.__scatterload_copy)
    __scatterload_null                       0x00101518   ARM Code       4  handlers.o(i.__scatterload_null)
    __scatterload_zeroinit                   0x0010151c   ARM Code      24  handlers.o(i.__scatterload_zeroinit)
    HID_ReportDescriptor                     0x00101534   Data          52  usbdesc.o(.constdata)
    HID_ReportDescSize                       0x00101568   Data           2  usbdesc.o(.constdata)
    USB_DeviceDescriptor                     0x0010156a   Data          18  usbdesc.o(.constdata)
    USB_ConfigDescriptor                     0x0010157c   Data          35  usbdesc.o(.constdata)
    USB_StringDescriptor                     0x0010159f   Data         108  usbdesc.o(.constdata)
    USB_P_EP                                 0x0010160c   Data          64  usbuser.o(.constdata)
    DualBankEP                               0x0010164c   Data           1  usbhw_sam7x.o(.constdata)
    RX_DATA_BK                               0x00101650   Data           8  usbhw_sam7x.o(.constdata)
    Region$$Table$$Base                      0x00101658   Number         0  anon$$obj.o(Region$$Table)
    Region$$Table$$Limit                     0x00101678   Number         0  anon$$obj.o(Region$$Table)
    USB_DeviceStatus                         0x00200000   Data           2  usbcore.o(.data)
    USB_DeviceAddress                        0x00200002   Data           1  usbcore.o(.data)
    USB_Configuration                        0x00200003   Data           1  usbcore.o(.data)
    USB_EndPointMask                         0x00200004   Data           4  usbcore.o(.data)
    USB_EndPointHalt                         0x00200008   Data           4  usbcore.o(.data)
    USB_EndPointStall                        0x0020000c   Data           4  usbcore.o(.data)
    USB_NumInterfaces                        0x00200010   Data           1  usbcore.o(.data)
    USB_AltSetting                           0x00200011   Data           1  usbcore.o(.data)
    EP0Buf                                   0x00200012   Data           8  usbcore.o(.data)
    EP0Data                                  0x0020001c   Data           8  usbcore.o(.data)
    SetupPacket                              0x00200024   Data           8  usbcore.o(.data)
    HID_Protocol                             0x0020002c   Data           1  hiduser.o(.data)
    HID_IdleTime                             0x0020002d   Data           1  hiduser.o(.data)
    pPIO_Led                                 0x00200030   Data           4  mouse.o(.data)
    pPIO_Sw                                  0x00200034   Data           4  mouse.o(.data)
    MouseInReport                            0x00200038   Data           4  mouse.o(.data)
    UDP                                      0x0020003c   Data           4  usbhw_sam7x.o(.data)
    RxDataBank                               0x00200040   Data           4  usbhw_sam7x.o(.data)
    TxDataBank                               0x00200044   Data           4  usbhw_sam7x.o(.data)
    __initial_sp                             0x00200448   Data         136  sam7.o(STACK)



==============================================================================

Memory Map of the image

  Image Entry point : 0x00100148

  Load Region LR_IROM1 (Base: 0x00100000, Size: 0x000016c0, Max: 0x00040000, ABSOLUTE)

    Execution Region ER_IROM1 (Base: 0x00100000, Size: 0x00001678, Max: 0x00040000, ABSOLUTE)

    Base Addr    Size         Type   Attr      Idx    E Section Name        Object

    0x00100000   0x00000148   Code   RO            3    RESET               sam7.o
    0x00100148   0x00000000   Code   RO          197  * .ARM.Collect$$$$00000000  mc_t.l(entry.o)
    0x00100148   0x00000004   Code   RO          200    .ARM.Collect$$$$00000001  mc_t.l(entry2.o)
    0x0010014c   0x00000004   Code   RO          202    .ARM.Collect$$$$00000004  mc_t.l(entry5.o)
    0x00100150   0x00000000   Code   RO          204    .ARM.Collect$$$$00000008  mc_t.l(entry7b.o)
    0x00100150   0x0000000c   Code   RO          205    .ARM.Collect$$$$00000009  mc_t.l(entry8.o)
    0x0010015c   0x00000004   Code   RO          201    .ARM.Collect$$$$00002712  mc_t.l(entry2.o)
    0x00100160   0x000003dc   Code   RO            8    .text               usbcore.o
    0x0010053c   0x00000008   Ven    RO          107    .text               usbuser.o
    0x00100544   0x000000a8   Code   RO          107    .text               usbuser.o
    0x001005ec   0x000000ac   Code   RO          133    .text               hiduser.o
    0x00100698   0x00000104   Code   RO          151    .text               mouse.o
    0x0010079c   0x00000008   Ven    RO          175    .text               usbhw_sam7x.o
    0x001007a4   0x000004a8   Code   RO          175    .text               usbhw_sam7x.o
    0x00100c4c   0x00000230   Code   RO          176    .text               usbhw_sam7x.o
    0x00100e7c   0x00000008   Ven    RO          206    .text               mc_t.l(init.o)
    0x00100e84   0x00000020   Code   RO          206    .text               mc_t.l(init.o)
    0x00100ea4   0x0000000c   Ven    RO          222    Veneer$$Code        anon$$obj.o
    0x00100eb0   0x0000000c   Ven    RO          223    Veneer$$Code        anon$$obj.o
    0x00100ebc   0x0000000c   Ven    RO          224    Veneer$$Code        anon$$obj.o
    0x00100ec8   0x0000000c   Ven    RO          225    Veneer$$Code        anon$$obj.o
    0x00100ed4   0x0000000c   Ven    RO          226    Veneer$$Code        anon$$obj.o
    0x00100ee0   0x0000000c   Ven    RO          227    Veneer$$Code        anon$$obj.o
    0x00100eec   0x0000000c   Ven    RO          228    Veneer$$Code        anon$$obj.o
    0x00100ef8   0x00000008   Ven    RO          229    Veneer$$Code        anon$$obj.o
    0x00100f00   0x00000118   Code   RO           32    i.USB_ReqGetDescriptor  usbcore.o
    0x00101018   0x000000c4   Code   RO           20    i.USB_ReqGetStatus  usbcore.o
    0x001010dc   0x000000f4   Code   RO           26    i.USB_ReqSetClrFeature  usbcore.o
    0x001011d0   0x000001c0   Code   RO           38    i.USB_ReqSetConfiguration  usbcore.o
    0x00101390   0x00000144   Code   RO           44    i.USB_ReqSetInterface  usbcore.o
    0x001014d4   0x00000002   Code   RO          208    i.__ARM_common_call_via_r3  mc_t.l(init.o)
    0x001014d6   0x00000002   PAD
    0x001014d8   0x00000004   Ven    RO           50    i.__ARM_common_switch8  usbcore.o
    0x001014dc   0x00000020   Code   RO           50    i.__ARM_common_switch8  usbcore.o
    0x001014fc   0x0000001c   Code   RO          212    i.__scatterload_copy  mc_t.l(handlers.o)
    0x00101518   0x00000004   Code   RO          213    i.__scatterload_null  mc_t.l(handlers.o)
    0x0010151c   0x00000018   Code   RO          214    i.__scatterload_zeroinit  mc_t.l(handlers.o)
    0x00101534   0x000000d7   Data   RO           95    .constdata          usbdesc.o
    0x0010160b   0x00000001   PAD
    0x0010160c   0x00000040   Data   RO          108    .constdata          usbuser.o
    0x0010164c   0x0000000c   Data   RO          177    .constdata          usbhw_sam7x.o
    0x00101658   0x00000020   Data   RO          210    Region$$Table       anon$$obj.o


    Execution Region RW_IRAM1 (Base: 0x00200000, Size: 0x000004d0, Max: 0x00010000, ABSOLUTE)

    Base Addr    Size         Type   Attr      Idx    E Section Name        Object

    0x00200000   0x0000002c   Data   RW            9    .data               usbcore.o
    0x0020002c   0x00000002   Data   RW          134    .data               hiduser.o
    0x0020002e   0x00000002   PAD
    0x00200030   0x0000000c   Data   RW          152    .data               mouse.o
    0x0020003c   0x0000000c   Data   RW          178    .data               usbhw_sam7x.o
    0x00200048   0x00000488   Zero   RW            1    STACK               sam7.o


==============================================================================

Image component sizes


      Code (inc. data)   RO Data    RW Data    ZI Data      Debug   Object Name

       172         20          0          2          0       1798   hiduser.o
       260         20          0         12          0      72968   mouse.o
       328         72          0          0       1160        276   sam7.o
      2512        240          0         44          0      14595   usbcore.o
         0          0        215          0          0        673   usbdesc.o
      1752         64         12         12          0       6829   usbhw_sam7x.o
       168          8         64          0          0       3476   usbuser.o

    ----------------------------------------------------------------------
      5304        452        324         72       1160     100615   Object Totals
       112         28         32          0          0          0   (incl. Generated)
         0          0          1          2          0          0   (incl. Padding)

    ----------------------------------------------------------------------

      Code (inc. data)   RO Data    RW Data    ZI Data      Debug   Library Member Name

         0          0          0          0          0          0   entry.o
         8          4          0          0          0          0   entry2.o
         4          0          0          0          0          0   entry5.o
         0          0          0          0          0          0   entry7b.o
        12          4          0          0          0          0   entry8.o
        56          0          0          0          0          0   handlers.o
        42          8          0          0          0        136   init.o

    ----------------------------------------------------------------------
       124         16          0          0          0        136   Library Totals
         2          0          0          0          0          0   (incl. Padding)

    ----------------------------------------------------------------------

      Code (inc. data)   RO Data    RW Data    ZI Data      Debug   Library Name

       122         16          0          0          0        136   mc_t.l

    ----------------------------------------------------------------------
       124         16          0          0          0        136   Library Totals

    ----------------------------------------------------------------------

==============================================================================


      Code (inc. data)   RO Data    RW Data    ZI Data      Debug   

      5428        468        324         72       1160     100039   Grand Totals
      5428        468        324         72       1160     100039   ELF Image Totals
      5428        468        324         72          0          0   ROM Totals

==============================================================================

    Total RO  Size (Code + RO Data)                 5752 (   5.62kB)
    Total RW  Size (RW Data + ZI Data)              1232 (   1.20kB)
    Total ROM Size (Code + RO Data + RW Data)       5824 (   5.69kB)

==============================================================================

