<html>
<body>
<pre>
<h1>µVision Build Log</h1>
<h2>Project:</h2>
C:\Documents and Settings\ZiBiL.ZIBIL-226AD9074\Desktop\sam7x Evaluation board sample\TWI\i2c.uvproj
Project File Date:  01/01/2013

<h2>Output:</h2>
Build target 'Target 1'
compiling main.c...
main.c(41): warning:  #223-D: function "power" declared implicitly
compiling math.c...
linking...
Program Size: Code=2548 RO-data=16 RW-data=0 ZI-data=1256  
"i2c.axf" - 0 Error(s), 1 Warning(s).
Rebuild target 'Target 1'
assembling SAM7.s...
compiling main.c...
main.c(41): warning:  #223-D: function "power" declared implicitly
compiling math.c...
compiling twi.c...
twi.c(106): warning:  #223-D: function "power" declared implicitly
compiling twid.c...
linking...
Program Size: Code=2548 RO-data=16 RW-data=0 ZI-data=1256  
FromELF: creating hex file...
"i2c.axf" - 0 Error(s), 2 Warning(s).
